09:52:50 **** Incremental Build of configuration Debug for project Auto_Control ****
make -j16 all 
arm-none-eabi-gcc "../Core/Src/main.c" -mcpu=cortex-m4 -std=gnu11 -g3 -DDEBUG -DUSE_HAL_DRIVER -DSTM32G474xx -c -I../Core/Inc -I../Drivers/STM32G4xx_HAL_Driver/Inc -I../Drivers/STM32G4xx_HAL_Driver/Inc/Legacy -I../Drivers/CMSIS/Device/ST/STM32G4xx/Include -I../Drivers/CMSIS/Include -I../Middlewares/Third_Party/ARM_CMSIS/CMSIS/Core/Include/ -I../Middlewares/Third_Party/ARM_CMSIS/CMSIS/Core_A/Include/ -I../Middlewares/Third_Party/ARM_CMSIS/CMSIS/DSP/Include -O0 -ffunction-sections -fdata-sections -Wall -fstack-usage -fcyclomatic-complexity -MMD -MP -MF"Core/Src/main.d" -MT"Core/Src/main.o" --specs=nano.specs -mfpu=fpv4-sp-d16 -mfloat-abi=hard -mthumb -o "Core/Src/main.o"
arm-none-eabi-gcc -o "Auto_Control.elf" @"objects.list"  -l:libarm_cortexM4lf_math.a -mcpu=cortex-m4 -T"C:\Studio_2.68_G11\Control_by_due\Control\Controller\Auto_Control\STM32G474RETX_FLASH.ld" --specs=nosys.specs -Wl,-Map="Auto_Control.map" -Wl,--gc-sections -static -L../Middlewares/Third_Party/ARM_CMSIS/CMSIS/DSP/Lib/GCC --specs=nano.specs -mfpu=fpv4-sp-d16 -mfloat-abi=hard -mthumb -Wl,--start-group -lc -lm -Wl,--end-group
Finished building target: Auto_Control.elf
 
arm-none-eabi-size  Auto_Control.elf 
arm-none-eabi-objdump -h -S Auto_Control.elf  > "Auto_Control.list"
   text	   data	    bss	    dec	    hex	filename
  49432	    280	   6280	  55992	   dab8	Auto_Control.elf
Finished building: default.size.stdout
 
Finished building: Auto_Control.list
 

09:52:52 Build Finished. 0 errors, 0 warnings. (took 2s.505ms)

