../Core/Src/main.c:357:7:Velocity_PID_Controller	7
../Core/Src/main.c:389:6:Velocity_PID_Reset	1
../Core/Src/main.c:403:7:Position_PID_Controller	5
../Core/Src/main.c:422:6:Position_PID_Reset	1
../Core/Src/main.c:427:13:Pack_Telemetry	1
../Core/Src/main.c:473:13:KalmanExp_Init	2
../Core/Src/main.c:484:13:Pack_KalmanExp_Telemetry	2
../Core/Src/main.c:527:5:main	3
../Core/Src/main.c:648:6:SystemClock_Config	3
../Core/Src/main.c:695:13:MX_ADC1_Init	4
../Core/Src/main.c:763:13:MX_LPUART1_UART_Init	5
../Core/Src/main.c:810:13:MX_TIM1_Init	3
../Core/Src/main.c:861:13:MX_TIM3_Init	6
../Core/Src/main.c:920:13:MX_TIM6_Init	3
../Core/Src/main.c:958:13:MX_TIM7_Init	3
../Core/Src/main.c:996:13:MX_GPIO_Init	1
../Core/Src/main.c:1074:6:Set_Motor_PWM	6
../Core/Src/main.c:1117:13:Start_Trajectory	8
../Core/Src/main.c:1159:6:HAL_TIM_PeriodElapsedCallback	101
../Core/Src/main.c:1734:6:Error_Handler	1
