Archive member included to satisfy reference by file (symbol)

../Middlewares/Third_Party/ARM_CMSIS/CMSIS/DSP/Lib/GCC\libarm_cortexM4lf_math.a(arm_copy_f32.o)
                              ./Core/Src/Kalman.o (arm_copy_f32)
../Middlewares/Third_Party/ARM_CMSIS/CMSIS/DSP/Lib/GCC\libarm_cortexM4lf_math.a(arm_mat_trans_f32.o)
                              ./Core/Src/Kalman.o (arm_mat_trans_f32)
../Middlewares/Third_Party/ARM_CMSIS/CMSIS/DSP/Lib/GCC\libarm_cortexM4lf_math.a(arm_mat_sub_f32.o)
                              ./Core/Src/Kalman.o (arm_mat_sub_f32)
../Middlewares/Third_Party/ARM_CMSIS/CMSIS/DSP/Lib/GCC\libarm_cortexM4lf_math.a(arm_mat_mult_f32.o)
                              ./Core/Src/Kalman.o (arm_mat_mult_f32)
../Middlewares/Third_Party/ARM_CMSIS/CMSIS/DSP/Lib/GCC\libarm_cortexM4lf_math.a(arm_mat_init_f32.o)
                              ./Core/Src/Kalman.o (arm_mat_init_f32)
../Middlewares/Third_Party/ARM_CMSIS/CMSIS/DSP/Lib/GCC\libarm_cortexM4lf_math.a(arm_mat_add_f32.o)
                              ./Core/Src/Kalman.o (arm_mat_add_f32)
C:/ST/STM32CubeIDE_1.19.0/STM32CubeIDE/plugins/com.st.stm32cube.ide.mcu.externaltools.gnu-tools-for-stm32.13.3.rel1.win32_1.0.0.202411081344/tools/bin/../lib/gcc/arm-none-eabi/13.3.1/../../../../arm-none-eabi/lib/thumb/v7e-m+fp/hard\libc_nano.a(libc_a-exit.o)
                              C:/ST/STM32CubeIDE_1.19.0/STM32CubeIDE/plugins/com.st.stm32cube.ide.mcu.externaltools.gnu-tools-for-stm32.13.3.rel1.win32_1.0.0.202411081344/tools/bin/../lib/gcc/arm-none-eabi/13.3.1/../../../../arm-none-eabi/lib/thumb/v7e-m+fp/hard/crt0.o (exit)
C:/ST/STM32CubeIDE_1.19.0/STM32CubeIDE/plugins/com.st.stm32cube.ide.mcu.externaltools.gnu-tools-for-stm32.13.3.rel1.win32_1.0.0.202411081344/tools/bin/../lib/gcc/arm-none-eabi/13.3.1/../../../../arm-none-eabi/lib/thumb/v7e-m+fp/hard\libc_nano.a(libc_a-findfp.o)
                              C:/ST/STM32CubeIDE_1.19.0/STM32CubeIDE/plugins/com.st.stm32cube.ide.mcu.externaltools.gnu-tools-for-stm32.13.3.rel1.win32_1.0.0.202411081344/tools/bin/../lib/gcc/arm-none-eabi/13.3.1/../../../../arm-none-eabi/lib/thumb/v7e-m+fp/hard\libc_nano.a(libc_a-exit.o) (__stdio_exit_handler)
C:/ST/STM32CubeIDE_1.19.0/STM32CubeIDE/plugins/com.st.stm32cube.ide.mcu.externaltools.gnu-tools-for-stm32.13.3.rel1.win32_1.0.0.202411081344/tools/bin/../lib/gcc/arm-none-eabi/13.3.1/../../../../arm-none-eabi/lib/thumb/v7e-m+fp/hard\libc_nano.a(libc_a-fwalk.o)
                              C:/ST/STM32CubeIDE_1.19.0/STM32CubeIDE/plugins/com.st.stm32cube.ide.mcu.externaltools.gnu-tools-for-stm32.13.3.rel1.win32_1.0.0.202411081344/tools/bin/../lib/gcc/arm-none-eabi/13.3.1/../../../../arm-none-eabi/lib/thumb/v7e-m+fp/hard\libc_nano.a(libc_a-findfp.o) (_fwalk_sglue)
C:/ST/STM32CubeIDE_1.19.0/STM32CubeIDE/plugins/com.st.stm32cube.ide.mcu.externaltools.gnu-tools-for-stm32.13.3.rel1.win32_1.0.0.202411081344/tools/bin/../lib/gcc/arm-none-eabi/13.3.1/../../../../arm-none-eabi/lib/thumb/v7e-m+fp/hard\libc_nano.a(libc_a-stdio.o)
                              C:/ST/STM32CubeIDE_1.19.0/STM32CubeIDE/plugins/com.st.stm32cube.ide.mcu.externaltools.gnu-tools-for-stm32.13.3.rel1.win32_1.0.0.202411081344/tools/bin/../lib/gcc/arm-none-eabi/13.3.1/../../../../arm-none-eabi/lib/thumb/v7e-m+fp/hard\libc_nano.a(libc_a-findfp.o) (__sread)
C:/ST/STM32CubeIDE_1.19.0/STM32CubeIDE/plugins/com.st.stm32cube.ide.mcu.externaltools.gnu-tools-for-stm32.13.3.rel1.win32_1.0.0.202411081344/tools/bin/../lib/gcc/arm-none-eabi/13.3.1/../../../../arm-none-eabi/lib/thumb/v7e-m+fp/hard\libc_nano.a(libc_a-memset.o)
                              C:/ST/STM32CubeIDE_1.19.0/STM32CubeIDE/plugins/com.st.stm32cube.ide.mcu.externaltools.gnu-tools-for-stm32.13.3.rel1.win32_1.0.0.202411081344/tools/bin/../lib/gcc/arm-none-eabi/13.3.1/../../../../arm-none-eabi/lib/thumb/v7e-m+fp/hard/crt0.o (memset)
C:/ST/STM32CubeIDE_1.19.0/STM32CubeIDE/plugins/com.st.stm32cube.ide.mcu.externaltools.gnu-tools-for-stm32.13.3.rel1.win32_1.0.0.202411081344/tools/bin/../lib/gcc/arm-none-eabi/13.3.1/../../../../arm-none-eabi/lib/thumb/v7e-m+fp/hard\libc_nano.a(libc_a-closer.o)
                              C:/ST/STM32CubeIDE_1.19.0/STM32CubeIDE/plugins/com.st.stm32cube.ide.mcu.externaltools.gnu-tools-for-stm32.13.3.rel1.win32_1.0.0.202411081344/tools/bin/../lib/gcc/arm-none-eabi/13.3.1/../../../../arm-none-eabi/lib/thumb/v7e-m+fp/hard\libc_nano.a(libc_a-stdio.o) (_close_r)
C:/ST/STM32CubeIDE_1.19.0/STM32CubeIDE/plugins/com.st.stm32cube.ide.mcu.externaltools.gnu-tools-for-stm32.13.3.rel1.win32_1.0.0.202411081344/tools/bin/../lib/gcc/arm-none-eabi/13.3.1/../../../../arm-none-eabi/lib/thumb/v7e-m+fp/hard\libc_nano.a(libc_a-reent.o)
                              C:/ST/STM32CubeIDE_1.19.0/STM32CubeIDE/plugins/com.st.stm32cube.ide.mcu.externaltools.gnu-tools-for-stm32.13.3.rel1.win32_1.0.0.202411081344/tools/bin/../lib/gcc/arm-none-eabi/13.3.1/../../../../arm-none-eabi/lib/thumb/v7e-m+fp/hard\libc_nano.a(libc_a-closer.o) (errno)
[...]
Memory Configuration

Name             Origin             Length             Attributes
RAM              0x20000000         0x00020000         xrw
FLASH            0x08000000         0x00080000         xr
*default*        0x00000000         0xffffffff

Linker script and memory map

LOAD C:/ST/STM32CubeIDE_1.19.0/STM32CubeIDE/plugins/com.st.stm32cube.ide.mcu.externaltools.gnu-tools-for-stm32.13.3.rel1.win32_1.0.0.202411081344/tools/bin/../lib/gcc/arm-none-eabi/13.3.1/thumb/v7e-m+fp/hard/crti.o
LOAD C:/ST/STM32CubeIDE_1.19.0/STM32CubeIDE/plugins/com.st.stm32cube.ide.mcu.externaltools.gnu-tools-for-stm32.13.3.rel1.win32_1.0.0.202411081344/tools/bin/../lib/gcc/arm-none-eabi/13.3.1/thumb/v7e-m+fp/hard/crtbegin.o
LOAD C:/ST/STM32CubeIDE_1.19.0/STM32CubeIDE/plugins/com.st.stm32cube.ide.mcu.externaltools.gnu-tools-for-stm32.13.3.rel1.win32_1.0.0.202411081344/tools/bin/../lib/gcc/arm-none-eabi/13.3.1/../../../../arm-none-eabi/lib/thumb/v7e-m+fp/hard/crt0.o
LOAD ./Core/Src/DistFF.o
LOAD ./Core/Src/ENCODER.o
LOAD ./Core/Src/Kalman.o
LOAD ./Core/Src/Kalman4.o
LOAD ./Core/Src/REF_FEEDFORWARD.o
LOAD ./Core/Src/SCURVE.o
LOAD ./Core/Src/TRAPEZOID.o
LOAD ./Core/Src/main.o
LOAD ./Core/Src/stm32g4xx_hal_msp.o
LOAD ./Core/Src/stm32g4xx_it.o
LOAD ./Core/Src/syscalls.o
LOAD ./Core/Src/sysmem.o
LOAD ./Core/Src/system_stm32g4xx.o
LOAD ./Core/Startup/startup_stm32g474retx.o
LOAD ./Drivers/STM32G4xx_HAL_Driver/Src/stm32g4xx_hal.o
LOAD ./Drivers/STM32G4xx_HAL_Driver/Src/stm32g4xx_hal_adc.o
LOAD ./Drivers/STM32G4xx_HAL_Driver/Src/stm32g4xx_hal_adc_ex.o
LOAD ./Drivers/STM32G4xx_HAL_Driver/Src/stm32g4xx_hal_cortex.o
LOAD ./Drivers/STM32G4xx_HAL_Driver/Src/stm32g4xx_hal_dma.o
LOAD ./Drivers/STM32G4xx_HAL_Driver/Src/stm32g4xx_hal_dma_ex.o
LOAD ./Drivers/STM32G4xx_HAL_Driver/Src/stm32g4xx_hal_exti.o
LOAD ./Drivers/STM32G4xx_HAL_Driver/Src/stm32g4xx_hal_flash.o
LOAD ./Drivers/STM32G4xx_HAL_Driver/Src/stm32g4xx_hal_flash_ex.o
LOAD ./Drivers/STM32G4xx_HAL_Driver/Src/stm32g4xx_hal_flash_ramfunc.o
LOAD ./Drivers/STM32G4xx_HAL_Driver/Src/stm32g4xx_hal_gpio.o
LOAD ./Drivers/STM32G4xx_HAL_Driver/Src/stm32g4xx_hal_pwr.o
LOAD ./Drivers/STM32G4xx_HAL_Driver/Src/stm32g4xx_hal_pwr_ex.o
LOAD ./Drivers/STM32G4xx_HAL_Driver/Src/stm32g4xx_hal_rcc.o
LOAD ./Drivers/STM32G4xx_HAL_Driver/Src/stm32g4xx_hal_rcc_ex.o
LOAD ./Drivers/STM32G4xx_HAL_Driver/Src/stm32g4xx_hal_tim.o
LOAD ./Drivers/STM32G4xx_HAL_Driver/Src/stm32g4xx_hal_tim_ex.o
LOAD ./Drivers/STM32G4xx_HAL_Driver/Src/stm32g4xx_hal_uart.o
LOAD ./Drivers/STM32G4xx_HAL_Driver/Src/stm32g4xx_hal_uart_ex.o
LOAD ./Drivers/STM32G4xx_HAL_Driver/Src/stm32g4xx_ll_adc.o
LOAD ../Middlewares/Third_Party/ARM_CMSIS/CMSIS/DSP/Lib/GCC\libarm_cortexM4lf_math.a
START GROUP
LOAD C:/ST/STM32CubeIDE_1.19.0/STM32CubeIDE/plugins/com.st.stm32cube.ide.mcu.externaltools.gnu-tools-for-stm32.13.3.rel1.win32_1.0.0.202411081344/tools/bin/../lib/gcc/arm-none-eabi/13.3.1/../../../../arm-none-eabi/lib/thumb/v7e-m+fp/hard\libc_nano.a
LOAD C:/ST/STM32CubeIDE_1.19.0/STM32CubeIDE/plugins/com.st.stm32cube.ide.mcu.externaltools.gnu-tools-for-stm32.13.3.rel1.win32_1.0.0.202411081344/tools/bin/../lib/gcc/arm-none-eabi/13.3.1/../../../../arm-none-eabi/lib/thumb/v7e-m+fp/hard\libm.a
END GROUP
START GROUP
LOAD C:/ST/STM32CubeIDE_1.19.0/STM32CubeIDE/plugins/com.st.stm32cube.ide.mcu.externaltools.gnu-tools-for-stm32.13.3.rel1.win32_1.0.0.202411081344/tools/bin/../lib/gcc/arm-none-eabi/13.3.1/thumb/v7e-m+fp/hard\libgcc.a
LOAD C:/ST/STM32CubeIDE_1.19.0/STM32CubeIDE/plugins/com.st.stm32cube.ide.mcu.externaltools.gnu-tools-for-stm32.13.3.rel1.win32_1.0.0.202411081344/tools/bin/../lib/gcc/arm-none-eabi/13.3.1/../../../../arm-none-eabi/lib/thumb/v7e-m+fp/hard\libc_nano.a
END GROUP
START GROUP
LOAD C:/ST/STM32CubeIDE_1.19.0/STM32CubeIDE/plugins/com.st.stm32cube.ide.mcu.externaltools.gnu-tools-for-stm32.13.3.rel1.win32_1.0.0.202411081344/tools/bin/../lib/gcc/arm-none-eabi/13.3.1/thumb/v7e-m+fp/hard\libgcc.a
LOAD C:/ST/STM32CubeIDE_1.19.0/STM32CubeIDE/plugins/com.st.stm32cube.ide.mcu.externaltools.gnu-tools-for-stm32.13.3.rel1.win32_1.0.0.202411081344/tools/bin/../lib/gcc/arm-none-eabi/13.3.1/../../../../arm-none-eabi/lib/thumb/v7e-m+fp/hard\libc_nano.a
LOAD C:/ST/STM32CubeIDE_1.19.0/STM32CubeIDE/plugins/com.st.stm32cube.ide.mcu.externaltools.gnu-tools-for-stm32.13.3.rel1.win32_1.0.0.202411081344/tools/bin/../lib/gcc/arm-none-eabi/13.3.1/../../../../arm-none-eabi/lib/thumb/v7e-m+fp/hard\libnosys.a
END GROUP
START GROUP
LOAD C:/ST/STM32CubeIDE_1.19.0/STM32CubeIDE/plugins/com.st.stm32cube.ide.mcu.externaltools.gnu-tools-for-stm32.13.3.rel1.win32_1.0.0.202411081344/tools/bin/../lib/gcc/arm-none-eabi/13.3.1/thumb/v7e-m+fp/hard\libgcc.a
LOAD C:/ST/STM32CubeIDE_1.19.0/STM32CubeIDE/plugins/com.st.stm32cube.ide.mcu.externaltools.gnu-tools-for-stm32.13.3.rel1.win32_1.0.0.202411081344/tools/bin/../lib/gcc/arm-none-eabi/13.3.1/../../../../arm-none-eabi/lib/thumb/v7e-m+fp/hard\libc_nano.a
LOAD C:/ST/STM32CubeIDE_1.19.0/STM32CubeIDE/plugins/com.st.stm32cube.ide.mcu.externaltools.gnu-tools-for-stm32.13.3.rel1.win32_1.0.0.202411081344/tools/bin/../lib/gcc/arm-none-eabi/13.3.1/../../../../arm-none-eabi/lib/thumb/v7e-m+fp/hard\libnosys.a
END GROUP
LOAD C:/ST/STM32CubeIDE_1.19.0/STM32CubeIDE/plugins/com.st.stm32cube.ide.mcu.externaltools.gnu-tools-for-stm32.13.3.rel1.win32_1.0.0.202411081344/tools/bin/../lib/gcc/arm-none-eabi/13.3.1/thumb/v7e-m+fp/hard/crtend.o
LOAD C:/ST/STM32CubeIDE_1.19.0/STM32CubeIDE/plugins/com.st.stm32cube.ide.mcu.externaltools.gnu-tools-for-stm32.13.3.rel1.win32_1.0.0.202411081344/tools/bin/../lib/gcc/arm-none-eabi/13.3.1/thumb/v7e-m+fp/hard/crtn.o
                0x20020000                        _estack = (ORIGIN (RAM) + LENGTH (RAM))
                0x00000200                        _Min_Heap_Size = 0x200
                0x00000400                        _Min_Stack_Size = 0x400

.isr_vector     0x08000000      0x1d8
                0x08000000                        . = ALIGN (0x4)
 *(.isr_vector)
 .isr_vector    0x08000000      0x1d8 ./Core/Startup/startup_stm32g474retx.o
                0x08000000                g_pfnVectors
                0x080001d8                        . = ALIGN (0x4)

.text           0x080001d8     0xbad8
                0x080001d8                        . = ALIGN (0x4)
 *(.text)
 .text          0x080001d8       0x40 C:/ST/STM32CubeIDE_1.19.0/STM32CubeIDE/plugins/com.st.stm32cube.ide.mcu.externaltools.gnu-tools-for-stm32.13.3.rel1.win32_1.0.0.202411081344/tools/bin/../lib/gcc/arm-none-eabi/13.3.1/thumb/v7e-m+fp/hard/crtbegin.o
 .text          0x08000218      0x378 C:/ST/STM32CubeIDE_1.19.0/STM32CubeIDE/plugins/com.st.stm32cube.ide.mcu.externaltools.gnu-tools-for-stm32.13.3.rel1.win32_1.0.0.202411081344/tools/bin/../lib/gcc/arm-none-eabi/13.3.1/thumb/v7e-m+fp/hard\libgcc.a(_arm_addsubdf3.o)
                0x08000218                __aeabi_drsub
                0x08000220                __aeabi_dsub
                0x08000220                __subdf3
                0x08000224                __aeabi_dadd
                0x08000224                __adddf3
                0x0800049c                __floatunsidf
                0x0800049c                __aeabi_ui2d
                0x080004bc                __floatsidf
                0x080004bc                __aeabi_i2d
                0x080004e0                __aeabi_f2d
                0x080004e0                __extendsfdf2
                0x08000524                __floatundidf
                0x08000524                __aeabi_ul2d
                0x08000534                __floatdidf
                0x08000534                __aeabi_l2d
 .text          0x08000590       0xa0 C:/ST/STM32CubeIDE_1.19.0/STM32CubeIDE/plugins/com.st.stm32cube.ide.mcu.externaltools.gnu-tools-for-stm32.13.3.rel1.win32_1.0.0.202411081344/tools/bin/../lib/gcc/arm-none-eabi/13.3.1/thumb/v7e-m+fp/hard\libgcc.a(_arm_truncdfsf2.o)
                0x08000590                __truncdfsf2
                0x08000590                __aeabi_d2f
 .text          0x08000630       0x30 C:/ST/STM32CubeIDE_1.19.0/STM32CubeIDE/plugins/com.st.stm32cube.ide.mcu.externaltools.gnu-tools-for-stm32.13.3.rel1.win32_1.0.0.202411081344/tools/bin/../lib/gcc/arm-none-eabi/13.3.1/thumb/v7e-m+fp/hard\libgcc.a(_aeabi_uldivmod.o)
                0x08000630                __aeabi_uldivmod
 .text          0x08000660      0x2f8 C:/ST/STM32CubeIDE_1.19.0/STM32CubeIDE/plugins/com.st.stm32cube.ide.mcu.externaltools.gnu-tools-for-stm32.13.3.rel1.win32_1.0.0.202411081344/tools/bin/../lib/gcc/arm-none-eabi/13.3.1/thumb/v7e-m+fp/hard\libgcc.a(_udivmoddi4.o)
                0x08000660                __udivmoddi4
 .text          0x08000958        0x4 C:/ST/STM32CubeIDE_1.19.0/STM32CubeIDE/plugins/com.st.stm32cube.ide.mcu.externaltools.gnu-tools-for-stm32.13.3.rel1.win32_1.0.0.202411081344/tools/bin/../lib/gcc/arm-none-eabi/13.3.1/thumb/v7e-m+fp/hard\libgcc.a(_dvmd_tls.o)
                0x08000958                __aeabi_idiv0
                0x08000958                __aeabi_ldiv0
 *(.text*)
 .text.DistFF_Init
                0x0800095c      0x102 ./Core/Src/DistFF.o
                0x0800095c                DistFF_Init
 .text.DistFF_Reset
                0x08000a5e       0x24 ./Core/Src/DistFF.o
                0x08000a5e                DistFF_Reset
 .text.DistFF_Update
                0x08000a82       0x70 ./Core/Src/DistFF.o
                0x08000a82                DistFF_Update
 .text.Encoder_Init
                0x08000af2       0x54 ./Core/Src/ENCODER.o
                0x08000af2                Encoder_Init
 *fill*         0x08000b46        0x2 
 .text.Encoder_Update
                0x08000b48      0x108 ./Core/Src/ENCODER.o
                0x08000b48                Encoder_Update
 .text.Kalman4_Init
                0x08000c50      0x384 ./Core/Src/Kalman4.o
                0x08000c50                Kalman4_Init
 .text.Kalman4_Reset
                0x08000fd4       0x64 ./Core/Src/Kalman4.o
                0x08000fd4                Kalman4_Reset
 .text.Kalman4_Update
                0x08001038      0x39a ./Core/Src/Kalman4.o
                0x08001038                Kalman4_Update
 .text.RefFF_Init
                0x080013d2      0x228 ./Core/Src/REF_FEEDFORWARD.o
                0x080013d2                RefFF_Init
 .text.RefFF_Reset
                0x080015fa       0x34 ./Core/Src/REF_FEEDFORWARD.o
                0x080015fa                RefFF_Reset
 .text.RefFF_Update
                0x0800162e       0xa8 ./Core/Src/REF_FEEDFORWARD.o
                0x0800162e                RefFF_Update
 .text.SCurve_Init
                0x080016d6       0xa6 ./Core/Src/SCURVE.o
                0x080016d6                SCurve_Init
 .text.SCurve_SetTarget_ByTime
                0x0800177c      0x1f4 ./Core/Src/SCURVE.o
                0x0800177c                SCurve_SetTarget_ByTime
 .text.SCurve_Update
                0x08001970      0x3f0 ./Core/Src/SCURVE.o
                0x08001970                SCurve_Update
 .text.Trapezoid_Init
                0x08001d60       0x92 ./Core/Src/TRAPEZOID.o
                0x08001d60                Trapezoid_Init
 *fill*         0x08001df2        0x2 
 .text.Trapezoid_SetTarget_ByTime
                0x08001df4      0x1cc ./Core/Src/TRAPEZOID.o
                0x08001df4                Trapezoid_SetTarget_ByTime
 .text.Trapezoid_Update
                0x08001fc0      0x148 ./Core/Src/TRAPEZOID.o
                0x08001fc0                Trapezoid_Update
 .text.Velocity_PID_Controller
                0x08002108      0x194 ./Core/Src/main.o
                0x08002108                Velocity_PID_Controller
 .text.Velocity_PID_Reset
                0x0800229c       0x28 ./Core/Src/main.o
                0x0800229c                Velocity_PID_Reset
 .text.Position_PID_Controller
                0x080022c4      0x12c ./Core/Src/main.o
                0x080022c4                Position_PID_Controller
 .text.Position_PID_Reset
                0x080023f0       0x28 ./Core/Src/main.o
                0x080023f0                Position_PID_Reset
 .text.Pack_Telemetry
                0x08002418      0x124 ./Core/Src/main.o
 .text.KalmanExp_Init
                0x0800253c       0xcc ./Core/Src/main.o
 .text.Pack_KalmanExp_Telemetry
                0x08002608      0x10c ./Core/Src/main.o
 .text.main     0x08002714      0x2a8 ./Core/Src/main.o
                0x08002714                main
 .text.SystemClock_Config
                0x080029bc       0x96 ./Core/Src/main.o
                0x080029bc                SystemClock_Config
 *fill*         0x08002a52        0x2 
 .text.MX_ADC1_Init
                0x08002a54       0xf0 ./Core/Src/main.o
 .text.MX_LPUART1_UART_Init
                0x08002b44       0x94 ./Core/Src/main.o
 .text.MX_TIM1_Init
                0x08002bd8       0xb4 ./Core/Src/main.o
 .text.MX_TIM3_Init
                0x08002c8c       0xf0 ./Core/Src/main.o
 .text.MX_TIM6_Init
                0x08002d7c       0x6c ./Core/Src/main.o
 .text.MX_TIM7_Init
                0x08002de8       0x6c ./Core/Src/main.o
 .text.MX_GPIO_Init
                0x08002e54      0x150 ./Core/Src/main.o
 .text.Set_Motor_PWM
                0x08002fa4       0xd8 ./Core/Src/main.o
                0x08002fa4                Set_Motor_PWM
 .text.Start_Trajectory
                0x0800307c      0x220 ./Core/Src/main.o
 .text.HAL_TIM_PeriodElapsedCallback
                0x0800329c     0x1b5c ./Core/Src/main.o
                0x0800329c                HAL_TIM_PeriodElapsedCallback
 .text.Error_Handler
                0x08004df8        0xc ./Core/Src/main.o
                0x08004df8                Error_Handler
 .text.HAL_MspInit
                0x08004e04       0x48 ./Core/Src/stm32g4xx_hal_msp.o
                0x08004e04                HAL_MspInit
 .text.HAL_ADC_MspInit
                0x08004e4c       0xdc ./Core/Src/stm32g4xx_hal_msp.o
                0x08004e4c                HAL_ADC_MspInit
 .text.HAL_UART_MspInit
                0x08004f28       0xb0 ./Core/Src/stm32g4xx_hal_msp.o
                0x08004f28                HAL_UART_MspInit
 .text.HAL_TIM_Encoder_MspInit
                0x08004fd8       0x88 ./Core/Src/stm32g4xx_hal_msp.o
                0x08004fd8                HAL_TIM_Encoder_MspInit
 .text.HAL_TIM_Base_MspInit
                0x08005060       0xac ./Core/Src/stm32g4xx_hal_msp.o
                0x08005060                HAL_TIM_Base_MspInit
 .text.HAL_TIM_MspPostInit
                0x0800510c       0x70 ./Core/Src/stm32g4xx_hal_msp.o
                0x0800510c                HAL_TIM_MspPostInit
 .text.NMI_Handler
                0x0800517c        0x8 ./Core/Src/stm32g4xx_it.o
                0x0800517c                NMI_Handler
 .text.HardFault_Handler
                0x08005184        0x8 ./Core/Src/stm32g4xx_it.o
                0x08005184                HardFault_Handler
 .text.MemManage_Handler
                0x0800518c        0x8 ./Core/Src/stm32g4xx_it.o
                0x0800518c                MemManage_Handler
 .text.BusFault_Handler
                0x08005194        0x8 ./Core/Src/stm32g4xx_it.o
                0x08005194                BusFault_Handler
 .text.UsageFault_Handler
                0x0800519c        0x8 ./Core/Src/stm32g4xx_it.o
                0x0800519c                UsageFault_Handler
 .text.SVC_Handler
                0x080051a4        0xe ./Core/Src/stm32g4xx_it.o
                0x080051a4                SVC_Handler
 .text.DebugMon_Handler
                0x080051b2        0xe ./Core/Src/stm32g4xx_it.o
                0x080051b2                DebugMon_Handler
 .text.PendSV_Handler
                0x080051c0        0xe ./Core/Src/stm32g4xx_it.o
                0x080051c0                PendSV_Handler
 .text.SysTick_Handler
                0x080051ce        0xc ./Core/Src/stm32g4xx_it.o
                0x080051ce                SysTick_Handler
 .text.EXTI15_10_IRQHandler
                0x080051da       0x10 ./Core/Src/stm32g4xx_it.o
                0x080051da                EXTI15_10_IRQHandler
 *fill*         0x080051ea        0x2 
 .text.TIM6_DAC_IRQHandler
                0x080051ec       0x14 ./Core/Src/stm32g4xx_it.o
                0x080051ec                TIM6_DAC_IRQHandler
 .text.TIM7_DAC_IRQHandler
                0x08005200       0x14 ./Core/Src/stm32g4xx_it.o
                0x08005200                TIM7_DAC_IRQHandler
 .text.SystemInit
                0x08005214       0x24 ./Core/Src/system_stm32g4xx.o
                0x08005214                SystemInit
 .text.Reset_Handler
                0x08005238       0x50 ./Core/Startup/startup_stm32g474retx.o
                0x08005238                Reset_Handler
 .text.Default_Handler
                0x08005288        0x2 ./Core/Startup/startup_stm32g474retx.o
                0x08005288                RTC_Alarm_IRQHandler
                0x08005288                EXTI2_IRQHandler
                0x08005288                TIM8_TRG_COM_IRQHandler
                0x08005288                TIM8_CC_IRQHandler
                0x08005288                HRTIM1_Master_IRQHandler
                0x08005288                SPI4_IRQHandler
                0x08005288                FDCAN3_IT0_IRQHandler
                0x08005288                TIM1_CC_IRQHandler
                0x08005288                HRTIM1_FLT_IRQHandler
                0x08005288                HRTIM1_TIMF_IRQHandler
                0x08005288                USB_HP_IRQHandler
                0x08005288                CORDIC_IRQHandler
                0x08005288                HRTIM1_TIMD_IRQHandler
                0x08005288                DMA2_Channel8_IRQHandler
                0x08005288                EXTI3_IRQHandler
                0x08005288                I2C3_ER_IRQHandler
                0x08005288                EXTI0_IRQHandler
                0x08005288                I2C2_EV_IRQHandler
                0x08005288                FPU_IRQHandler
                0x08005288                FDCAN1_IT1_IRQHandler
                0x08005288                TIM1_UP_TIM16_IRQHandler
                0x08005288                ADC1_2_IRQHandler
                0x08005288                HRTIM1_TIME_IRQHandler
                0x08005288                SPI1_IRQHandler
                0x08005288                HRTIM1_TIMC_IRQHandler
                0x08005288                TIM8_UP_IRQHandler
                0x08005288                DMA2_Channel2_IRQHandler
                0x08005288                DMA1_Channel4_IRQHandler
                0x08005288                TIM20_TRG_COM_IRQHandler
                0x08005288                USART3_IRQHandler
                0x08005288                DMA1_Channel7_IRQHandler
                0x08005288                UART5_IRQHandler
                0x08005288                ADC3_IRQHandler
                0x08005288                TIM4_IRQHandler
                0x08005288                DMA2_Channel1_IRQHandler
                0x08005288                QUADSPI_IRQHandler
                0x08005288                I2C1_EV_IRQHandler
                0x08005288                DMA1_Channel6_IRQHandler
                0x08005288                UART4_IRQHandler
                0x08005288                DMA2_Channel4_IRQHandler
                0x08005288                TIM3_IRQHandler
                0x08005288                RCC_IRQHandler
                0x08005288                TIM20_UP_IRQHandler
                0x08005288                DMA1_Channel1_IRQHandler
                0x08005288                Default_Handler
                0x08005288                DMA2_Channel7_IRQHandler
                0x08005288                RTC_TAMP_LSECSS_IRQHandler
                0x08005288                FMAC_IRQHandler
                0x08005288                DMA1_Channel8_IRQHandler
                0x08005288                HRTIM1_TIMA_IRQHandler
                0x08005288                FDCAN3_IT1_IRQHandler
                0x08005288                TIM5_IRQHandler
                0x08005288                UCPD1_IRQHandler
                0x08005288                I2C3_EV_IRQHandler
                0x08005288                EXTI9_5_IRQHandler
                0x08005288                RTC_WKUP_IRQHandler
                0x08005288                PVD_PVM_IRQHandler
                0x08005288                SPI2_IRQHandler
                0x08005288                ADC5_IRQHandler
                0x08005288                DMA2_Channel5_IRQHandler
                0x08005288                CRS_IRQHandler
                0x08005288                DMA1_Channel5_IRQHandler
                0x08005288                USB_LP_IRQHandler
                0x08005288                EXTI4_IRQHandler
                0x08005288                RNG_IRQHandler
                0x08005288                HRTIM1_TIMB_IRQHandler
                0x08005288                TIM1_TRG_COM_TIM17_IRQHandler
                0x08005288                FDCAN2_IT1_IRQHandler
                0x08005288                DMA1_Channel3_IRQHandler
                0x08005288                ADC4_IRQHandler
                0x08005288                WWDG_IRQHandler
                0x08005288                I2C4_EV_IRQHandler
                0x08005288                FDCAN2_IT0_IRQHandler
                0x08005288                LPUART1_IRQHandler
                0x08005288                DMA2_Channel6_IRQHandler
                0x08005288                FDCAN1_IT0_IRQHandler
                0x08005288                TIM2_IRQHandler
                0x08005288                COMP7_IRQHandler
                0x08005288                COMP1_2_3_IRQHandler
                0x08005288                EXTI1_IRQHandler
                0x08005288                USART2_IRQHandler
                0x08005288                COMP4_5_6_IRQHandler
                0x08005288                TIM20_BRK_IRQHandler
                0x08005288                I2C2_ER_IRQHandler
                0x08005288                DMA1_Channel2_IRQHandler
                0x08005288                TIM8_BRK_IRQHandler
                0x08005288                FLASH_IRQHandler
                0x08005288                TIM20_CC_IRQHandler
                0x08005288                USART1_IRQHandler
                0x08005288                SPI3_IRQHandler
                0x08005288                I2C1_ER_IRQHandler
                0x08005288                FMC_IRQHandler
                0x08005288                LPTIM1_IRQHandler
                0x08005288                DMAMUX_OVR_IRQHandler
                0x08005288                I2C4_ER_IRQHandler
                0x08005288                USBWakeUp_IRQHandler
                0x08005288                SAI1_IRQHandler
                0x08005288                DMA2_Channel3_IRQHandler
                0x08005288                TIM1_BRK_TIM15_IRQHandler
 .text.HAL_Init
                0x0800528a       0x30 ./Drivers/STM32G4xx_HAL_Driver/Src/stm32g4xx_hal.o
                0x0800528a                HAL_Init
 *fill*         0x080052ba        0x2 
 .text.HAL_InitTick
                0x080052bc       0x74 ./Drivers/STM32G4xx_HAL_Driver/Src/stm32g4xx_hal.o
                0x080052bc                HAL_InitTick
 .text.HAL_IncTick
                0x08005330       0x24 ./Drivers/STM32G4xx_HAL_Driver/Src/stm32g4xx_hal.o
                0x08005330                HAL_IncTick
 .text.HAL_GetTick
                0x08005354       0x18 ./Drivers/STM32G4xx_HAL_Driver/Src/stm32g4xx_hal.o
                0x08005354                HAL_GetTick
 .text.LL_ADC_SetCommonClock
                0x0800536c       0x26 ./Drivers/STM32G4xx_HAL_Driver/Src/stm32g4xx_hal_adc.o
 .text.LL_ADC_SetCommonPathInternalCh
                0x08005392       0x26 ./Drivers/STM32G4xx_HAL_Driver/Src/stm32g4xx_hal_adc.o
 .text.LL_ADC_GetCommonPathInternalCh
                0x080053b8       0x1c ./Drivers/STM32G4xx_HAL_Driver/Src/stm32g4xx_hal_adc.o
 .text.LL_ADC_SetOffset
                0x080053d4       0x48 ./Drivers/STM32G4xx_HAL_Driver/Src/stm32g4xx_hal_adc.o
 .text.LL_ADC_GetOffsetChannel
                0x0800541c       0x2c ./Drivers/STM32G4xx_HAL_Driver/Src/stm32g4xx_hal_adc.o
 .text.LL_ADC_SetOffsetState
                0x08005448       0x36 ./Drivers/STM32G4xx_HAL_Driver/Src/stm32g4xx_hal_adc.o
 .text.LL_ADC_SetOffsetSign
                0x0800547e       0x36 ./Drivers/STM32G4xx_HAL_Driver/Src/stm32g4xx_hal_adc.o
 .text.LL_ADC_SetOffsetSaturation
                0x080054b4       0x36 ./Drivers/STM32G4xx_HAL_Driver/Src/stm32g4xx_hal_adc.o
 .text.LL_ADC_SetSamplingTimeCommonConfig
                0x080054ea       0x26 ./Drivers/STM32G4xx_HAL_Driver/Src/stm32g4xx_hal_adc.o
 .text.LL_ADC_REG_SetSequencerRanks
                0x08005510       0x58 ./Drivers/STM32G4xx_HAL_Driver/Src/stm32g4xx_hal_adc.o
 .text.LL_ADC_SetChannelSamplingTime
                0x08005568       0x56 ./Drivers/STM32G4xx_HAL_Driver/Src/stm32g4xx_hal_adc.o
 *fill*         0x080055be        0x2 
 .text.LL_ADC_SetChannelSingleDiff
                0x080055c0       0x48 ./Drivers/STM32G4xx_HAL_Driver/Src/stm32g4xx_hal_adc.o
 .text.LL_ADC_GetMultimode
                0x08005608       0x1c ./Drivers/STM32G4xx_HAL_Driver/Src/stm32g4xx_hal_adc.o
 .text.LL_ADC_DisableDeepPowerDown
                0x08005624       0x24 ./Drivers/STM32G4xx_HAL_Driver/Src/stm32g4xx_hal_adc.o
 .text.LL_ADC_IsDeepPowerDownEnabled
                0x08005648       0x28 ./Drivers/STM32G4xx_HAL_Driver/Src/stm32g4xx_hal_adc.o
 .text.LL_ADC_EnableInternalRegulator
                0x08005670       0x28 ./Drivers/STM32G4xx_HAL_Driver/Src/stm32g4xx_hal_adc.o
 .text.LL_ADC_IsInternalRegulatorEnabled
                0x08005698       0x28 ./Drivers/STM32G4xx_HAL_Driver/Src/stm32g4xx_hal_adc.o
 .text.LL_ADC_Enable
                0x080056c0       0x28 ./Drivers/STM32G4xx_HAL_Driver/Src/stm32g4xx_hal_adc.o
 .text.LL_ADC_Disable
                0x080056e8       0x28 ./Drivers/STM32G4xx_HAL_Driver/Src/stm32g4xx_hal_adc.o
 .text.LL_ADC_IsEnabled
                0x08005710       0x26 ./Drivers/STM32G4xx_HAL_Driver/Src/stm32g4xx_hal_adc.o
 .text.LL_ADC_IsDisableOngoing
                0x08005736       0x26 ./Drivers/STM32G4xx_HAL_Driver/Src/stm32g4xx_hal_adc.o
 .text.LL_ADC_REG_StartConversion
                0x0800575c       0x28 ./Drivers/STM32G4xx_HAL_Driver/Src/stm32g4xx_hal_adc.o
 .text.LL_ADC_REG_StopConversion
                0x08005784       0x28 ./Drivers/STM32G4xx_HAL_Driver/Src/stm32g4xx_hal_adc.o
 .text.LL_ADC_REG_IsConversionOngoing
                0x080057ac       0x26 ./Drivers/STM32G4xx_HAL_Driver/Src/stm32g4xx_hal_adc.o
 .text.LL_ADC_INJ_StopConversion
                0x080057d2       0x28 ./Drivers/STM32G4xx_HAL_Driver/Src/stm32g4xx_hal_adc.o
 .text.LL_ADC_INJ_IsConversionOngoing
                0x080057fa       0x26 ./Drivers/STM32G4xx_HAL_Driver/Src/stm32g4xx_hal_adc.o
 .text.HAL_ADC_Init
                0x08005820      0x378 ./Drivers/STM32G4xx_HAL_Driver/Src/stm32g4xx_hal_adc.o
                0x08005820                HAL_ADC_Init
 .text.HAL_ADC_Start
                0x08005b98      0x1c8 ./Drivers/STM32G4xx_HAL_Driver/Src/stm32g4xx_hal_adc.o
                0x08005b98                HAL_ADC_Start
 .text.HAL_ADC_Stop
                0x08005d60       0x66 ./Drivers/STM32G4xx_HAL_Driver/Src/stm32g4xx_hal_adc.o
                0x08005d60                HAL_ADC_Stop
 *fill*         0x08005dc6        0x2 
 .text.HAL_ADC_ConfigChannel
                0x08005dc8      0x880 ./Drivers/STM32G4xx_HAL_Driver/Src/stm32g4xx_hal_adc.o
                0x08005dc8                HAL_ADC_ConfigChannel
 .text.ADC_ConversionStop
                0x08006648      0x178 ./Drivers/STM32G4xx_HAL_Driver/Src/stm32g4xx_hal_adc.o
                0x08006648                ADC_ConversionStop
 .text.ADC_Enable
                0x080067c0      0x12c ./Drivers/STM32G4xx_HAL_Driver/Src/stm32g4xx_hal_adc.o
                0x080067c0                ADC_Enable
 .text.ADC_Disable
                0x080068ec       0xbe ./Drivers/STM32G4xx_HAL_Driver/Src/stm32g4xx_hal_adc.o
                0x080068ec                ADC_Disable
 .text.LL_ADC_IsEnabled
                0x080069aa       0x26 ./Drivers/STM32G4xx_HAL_Driver/Src/stm32g4xx_hal_adc_ex.o
 .text.LL_ADC_REG_IsConversionOngoing
                0x080069d0       0x26 ./Drivers/STM32G4xx_HAL_Driver/Src/stm32g4xx_hal_adc_ex.o
 *fill*         0x080069f6        0x2 
 .text.HAL_ADCEx_MultiModeConfigChannel
                0x080069f8      0x210 ./Drivers/STM32G4xx_HAL_Driver/Src/stm32g4xx_hal_adc_ex.o
                0x080069f8                HAL_ADCEx_MultiModeConfigChannel
 .text.__NVIC_SetPriorityGrouping
                0x08006c08       0x48 ./Drivers/STM32G4xx_HAL_Driver/Src/stm32g4xx_hal_cortex.o
 .text.__NVIC_GetPriorityGrouping
                0x08006c50       0x1c ./Drivers/STM32G4xx_HAL_Driver/Src/stm32g4xx_hal_cortex.o
 .text.__NVIC_EnableIRQ
                0x08006c6c       0x3c ./Drivers/STM32G4xx_HAL_Driver/Src/stm32g4xx_hal_cortex.o
 .text.__NVIC_SetPriority
                0x08006ca8       0x54 ./Drivers/STM32G4xx_HAL_Driver/Src/stm32g4xx_hal_cortex.o
 .text.NVIC_EncodePriority
                0x08006cfc       0x66 ./Drivers/STM32G4xx_HAL_Driver/Src/stm32g4xx_hal_cortex.o
 *fill*         0x08006d62        0x2 
 .text.SysTick_Config
                0x08006d64       0x44 ./Drivers/STM32G4xx_HAL_Driver/Src/stm32g4xx_hal_cortex.o
 .text.HAL_NVIC_SetPriorityGrouping
                0x08006da8       0x16 ./Drivers/STM32G4xx_HAL_Driver/Src/stm32g4xx_hal_cortex.o
                0x08006da8                HAL_NVIC_SetPriorityGrouping
 .text.HAL_NVIC_SetPriority
                0x08006dbe       0x34 ./Drivers/STM32G4xx_HAL_Driver/Src/stm32g4xx_hal_cortex.o
                0x08006dbe                HAL_NVIC_SetPriority
 .text.HAL_NVIC_EnableIRQ
                0x08006df2       0x1c ./Drivers/STM32G4xx_HAL_Driver/Src/stm32g4xx_hal_cortex.o
                0x08006df2                HAL_NVIC_EnableIRQ
 .text.HAL_SYSTICK_Config
                0x08006e0e       0x18 ./Drivers/STM32G4xx_HAL_Driver/Src/stm32g4xx_hal_cortex.o
                0x08006e0e                HAL_SYSTICK_Config
 *fill*         0x08006e26        0x2 
 .text.HAL_GPIO_Init
                0x08006e28      0x318 ./Drivers/STM32G4xx_HAL_Driver/Src/stm32g4xx_hal_gpio.o
                0x08006e28                HAL_GPIO_Init
 .text.HAL_GPIO_WritePin
                0x08007140       0x30 ./Drivers/STM32G4xx_HAL_Driver/Src/stm32g4xx_hal_gpio.o
                0x08007140                HAL_GPIO_WritePin
 .text.HAL_GPIO_EXTI_IRQHandler
                0x08007170       0x30 ./Drivers/STM32G4xx_HAL_Driver/Src/stm32g4xx_hal_gpio.o
                0x08007170                HAL_GPIO_EXTI_IRQHandler
 .text.HAL_GPIO_EXTI_Callback
                0x080071a0       0x16 ./Drivers/STM32G4xx_HAL_Driver/Src/stm32g4xx_hal_gpio.o
                0x080071a0                HAL_GPIO_EXTI_Callback
 *fill*         0x080071b6        0x2 
 .text.HAL_PWREx_ControlVoltageScaling
                0x080071b8      0x148 ./Drivers/STM32G4xx_HAL_Driver/Src/stm32g4xx_hal_pwr_ex.o
                0x080071b8                HAL_PWREx_ControlVoltageScaling
 .text.HAL_PWREx_DisableUCPDDeadBattery
                0x08007300       0x20 ./Drivers/STM32G4xx_HAL_Driver/Src/stm32g4xx_hal_pwr_ex.o
                0x08007300                HAL_PWREx_DisableUCPDDeadBattery
 .text.HAL_RCC_OscConfig
                0x08007320      0x624 ./Drivers/STM32G4xx_HAL_Driver/Src/stm32g4xx_hal_rcc.o
                0x08007320                HAL_RCC_OscConfig
 .text.HAL_RCC_ClockConfig
                0x08007944      0x278 ./Drivers/STM32G4xx_HAL_Driver/Src/stm32g4xx_hal_rcc.o
                0x08007944                HAL_RCC_ClockConfig
 .text.HAL_RCC_GetSysClockFreq
                0x08007bbc       0xc4 ./Drivers/STM32G4xx_HAL_Driver/Src/stm32g4xx_hal_rcc.o
                0x08007bbc                HAL_RCC_GetSysClockFreq
 .text.HAL_RCC_GetHCLKFreq
                0x08007c80       0x18 ./Drivers/STM32G4xx_HAL_Driver/Src/stm32g4xx_hal_rcc.o
                0x08007c80                HAL_RCC_GetHCLKFreq
 .text.HAL_RCC_GetPCLK1Freq
                0x08007c98       0x2c ./Drivers/STM32G4xx_HAL_Driver/Src/stm32g4xx_hal_rcc.o
                0x08007c98                HAL_RCC_GetPCLK1Freq
 .text.HAL_RCC_GetPCLK2Freq
                0x08007cc4       0x2c ./Drivers/STM32G4xx_HAL_Driver/Src/stm32g4xx_hal_rcc.o
                0x08007cc4                HAL_RCC_GetPCLK2Freq
 .text.RCC_GetSysClockFreqFromPLLSource
                0x08007cf0       0x8c ./Drivers/STM32G4xx_HAL_Driver/Src/stm32g4xx_hal_rcc.o
 .text.HAL_RCCEx_PeriphCLKConfig
                0x08007d7c      0x49c ./Drivers/STM32G4xx_HAL_Driver/Src/stm32g4xx_hal_rcc_ex.o
                0x08007d7c                HAL_RCCEx_PeriphCLKConfig
 .text.HAL_TIM_Base_Init
                0x08008218       0xae ./Drivers/STM32G4xx_HAL_Driver/Src/stm32g4xx_hal_tim.o
                0x08008218                HAL_TIM_Base_Init
 *fill*         0x080082c6        0x2 
 .text.HAL_TIM_Base_Start_IT
                0x080082c8       0xf0 ./Drivers/STM32G4xx_HAL_Driver/Src/stm32g4xx_hal_tim.o
                0x080082c8                HAL_TIM_Base_Start_IT
 .text.HAL_TIM_PWM_Init
                0x080083b8       0xae ./Drivers/STM32G4xx_HAL_Driver/Src/stm32g4xx_hal_tim.o
                0x080083b8                HAL_TIM_PWM_Init
 .text.HAL_TIM_PWM_MspInit
                0x08008466       0x14 ./Drivers/STM32G4xx_HAL_Driver/Src/stm32g4xx_hal_tim.o
                0x08008466                HAL_TIM_PWM_MspInit
 *fill*         0x0800847a        0x2 
 .text.HAL_TIM_PWM_Start
                0x0800847c      0x224 ./Drivers/STM32G4xx_HAL_Driver/Src/stm32g4xx_hal_tim.o
                0x0800847c                HAL_TIM_PWM_Start
 .text.HAL_TIM_Encoder_Init
                0x080086a0      0x14c ./Drivers/STM32G4xx_HAL_Driver/Src/stm32g4xx_hal_tim.o
                0x080086a0                HAL_TIM_Encoder_Init
 .text.HAL_TIM_Encoder_Start
                0x080087ec      0x11c ./Drivers/STM32G4xx_HAL_Driver/Src/stm32g4xx_hal_tim.o
                0x080087ec                HAL_TIM_Encoder_Start
 .text.HAL_TIM_IRQHandler
                0x08008908      0x29e ./Drivers/STM32G4xx_HAL_Driver/Src/stm32g4xx_hal_tim.o
                0x08008908                HAL_TIM_IRQHandler
 *fill*         0x08008ba6        0x2 
 .text.HAL_TIM_PWM_ConfigChannel
                0x08008ba8      0x228 ./Drivers/STM32G4xx_HAL_Driver/Src/stm32g4xx_hal_tim.o
                0x08008ba8                HAL_TIM_PWM_ConfigChannel
 .text.HAL_TIM_ConfigClockSource
                0x08008dd0      0x22c ./Drivers/STM32G4xx_HAL_Driver/Src/stm32g4xx_hal_tim.o
                0x08008dd0                HAL_TIM_ConfigClockSource
 .text.HAL_TIM_OC_DelayElapsedCallback
                0x08008ffc       0x14 ./Drivers/STM32G4xx_HAL_Driver/Src/stm32g4xx_hal_tim.o
                0x08008ffc                HAL_TIM_OC_DelayElapsedCallback
 .text.HAL_TIM_IC_CaptureCallback
                0x08009010       0x14 ./Drivers/STM32G4xx_HAL_Driver/Src/stm32g4xx_hal_tim.o
                0x08009010                HAL_TIM_IC_CaptureCallback
 .text.HAL_TIM_PWM_PulseFinishedCallback
                0x08009024       0x14 ./Drivers/STM32G4xx_HAL_Driver/Src/stm32g4xx_hal_tim.o
                0x08009024                HAL_TIM_PWM_PulseFinishedCallback
 .text.HAL_TIM_TriggerCallback
                0x08009038       0x14 ./Drivers/STM32G4xx_HAL_Driver/Src/stm32g4xx_hal_tim.o
                0x08009038                HAL_TIM_TriggerCallback
 .text.TIM_Base_SetConfig
                0x0800904c      0x15c ./Drivers/STM32G4xx_HAL_Driver/Src/stm32g4xx_hal_tim.o
                0x0800904c                TIM_Base_SetConfig
 .text.TIM_OC1_SetConfig
                0x080091a8      0x138 ./Drivers/STM32G4xx_HAL_Driver/Src/stm32g4xx_hal_tim.o
 .text.TIM_OC2_SetConfig
                0x080092e0      0x12c ./Drivers/STM32G4xx_HAL_Driver/Src/stm32g4xx_hal_tim.o
                0x080092e0                TIM_OC2_SetConfig
 .text.TIM_OC3_SetConfig
                0x0800940c      0x128 ./Drivers/STM32G4xx_HAL_Driver/Src/stm32g4xx_hal_tim.o
 .text.TIM_OC4_SetConfig
                0x08009534      0x12c ./Drivers/STM32G4xx_HAL_Driver/Src/stm32g4xx_hal_tim.o
 .text.TIM_OC5_SetConfig
                0x08009660       0xd4 ./Drivers/STM32G4xx_HAL_Driver/Src/stm32g4xx_hal_tim.o
 .text.TIM_OC6_SetConfig
                0x08009734       0xd8 ./Drivers/STM32G4xx_HAL_Driver/Src/stm32g4xx_hal_tim.o
 .text.TIM_TI1_ConfigInputStage
                0x0800980c       0xb4 ./Drivers/STM32G4xx_HAL_Driver/Src/stm32g4xx_hal_tim.o
 .text.TIM_TI2_ConfigInputStage
                0x080098c0       0x90 ./Drivers/STM32G4xx_HAL_Driver/Src/stm32g4xx_hal_tim.o
 .text.TIM_ITRx_SetConfig
                0x08009950       0x3a ./Drivers/STM32G4xx_HAL_Driver/Src/stm32g4xx_hal_tim.o
 .text.TIM_ETR_SetConfig
                0x0800998a       0x40 ./Drivers/STM32G4xx_HAL_Driver/Src/stm32g4xx_hal_tim.o
                0x0800998a                TIM_ETR_SetConfig
 .text.TIM_CCxChannelCmd
                0x080099ca       0x4a ./Drivers/STM32G4xx_HAL_Driver/Src/stm32g4xx_hal_tim.o
                0x080099ca                TIM_CCxChannelCmd
 .text.HAL_TIMEx_MasterConfigSynchronization
                0x08009a14      0x12c ./Drivers/STM32G4xx_HAL_Driver/Src/stm32g4xx_hal_tim_ex.o
                0x08009a14                HAL_TIMEx_MasterConfigSynchronization
 .text.HAL_TIMEx_CommutCallback
                0x08009b40       0x14 ./Drivers/STM32G4xx_HAL_Driver/Src/stm32g4xx_hal_tim_ex.o
                0x08009b40                HAL_TIMEx_CommutCallback
 .text.HAL_TIMEx_BreakCallback
                0x08009b54       0x14 ./Drivers/STM32G4xx_HAL_Driver/Src/stm32g4xx_hal_tim_ex.o
                0x08009b54                HAL_TIMEx_BreakCallback
 .text.HAL_TIMEx_Break2Callback
                0x08009b68       0x14 ./Drivers/STM32G4xx_HAL_Driver/Src/stm32g4xx_hal_tim_ex.o
                0x08009b68                HAL_TIMEx_Break2Callback
 .text.HAL_TIMEx_EncoderIndexCallback
                0x08009b7c       0x14 ./Drivers/STM32G4xx_HAL_Driver/Src/stm32g4xx_hal_tim_ex.o
                0x08009b7c                HAL_TIMEx_EncoderIndexCallback
 .text.HAL_TIMEx_DirectionChangeCallback
                0x08009b90       0x14 ./Drivers/STM32G4xx_HAL_Driver/Src/stm32g4xx_hal_tim_ex.o
                0x08009b90                HAL_TIMEx_DirectionChangeCallback
 .text.HAL_TIMEx_IndexErrorCallback
                0x08009ba4       0x14 ./Drivers/STM32G4xx_HAL_Driver/Src/stm32g4xx_hal_tim_ex.o
                0x08009ba4                HAL_TIMEx_IndexErrorCallback
 .text.HAL_TIMEx_TransitionErrorCallback
                0x08009bb8       0x14 ./Drivers/STM32G4xx_HAL_Driver/Src/stm32g4xx_hal_tim_ex.o
                0x08009bb8                HAL_TIMEx_TransitionErrorCallback
 .text.HAL_UART_Init
                0x08009bcc       0xa0 ./Drivers/STM32G4xx_HAL_Driver/Src/stm32g4xx_hal_uart.o
                0x08009bcc                HAL_UART_Init
 .text.HAL_UART_Transmit
                0x08009c6c      0x132 ./Drivers/STM32G4xx_HAL_Driver/Src/stm32g4xx_hal_uart.o
                0x08009c6c                HAL_UART_Transmit
 *fill*         0x08009d9e        0x2 
 .text.UART_SetConfig
                0x08009da0      0x5f8 ./Drivers/STM32G4xx_HAL_Driver/Src/stm32g4xx_hal_uart.o
                0x08009da0                UART_SetConfig
 .text.UART_AdvFeatureConfig
                0x0800a398      0x144 ./Drivers/STM32G4xx_HAL_Driver/Src/stm32g4xx_hal_uart.o
                0x0800a398                UART_AdvFeatureConfig
 .text.UART_CheckIdleState
                0x0800a4dc      0x154 ./Drivers/STM32G4xx_HAL_Driver/Src/stm32g4xx_hal_uart.o
                0x0800a4dc                UART_CheckIdleState
 .text.UART_WaitOnFlagUntilTimeout
                0x0800a630       0xda ./Drivers/STM32G4xx_HAL_Driver/Src/stm32g4xx_hal_uart.o
                0x0800a630                UART_WaitOnFlagUntilTimeout
 .text.UART_EndRxTransfer
                0x0800a70a       0xcc ./Drivers/STM32G4xx_HAL_Driver/Src/stm32g4xx_hal_uart.o
 .text.HAL_UARTEx_DisableFifoMode
                0x0800a7d6       0x72 ./Drivers/STM32G4xx_HAL_Driver/Src/stm32g4xx_hal_uart_ex.o
                0x0800a7d6                HAL_UARTEx_DisableFifoMode
 .text.HAL_UARTEx_SetTxFifoThreshold
                0x0800a848       0x7c ./Drivers/STM32G4xx_HAL_Driver/Src/stm32g4xx_hal_uart_ex.o
                0x0800a848                HAL_UARTEx_SetTxFifoThreshold
 .text.HAL_UARTEx_SetRxFifoThreshold
                0x0800a8c4       0x7c ./Drivers/STM32G4xx_HAL_Driver/Src/stm32g4xx_hal_uart_ex.o
                0x0800a8c4                HAL_UARTEx_SetRxFifoThreshold
 .text.UARTEx_SetNbDataToProcess
                0x0800a940       0x9c ./Drivers/STM32G4xx_HAL_Driver/Src/stm32g4xx_hal_uart_ex.o
 .text.arm_copy_f32
                0x0800a9dc       0x64 ../Middlewares/Third_Party/ARM_CMSIS/CMSIS/DSP/Lib/GCC\libarm_cortexM4lf_math.a(arm_copy_f32.o)
                0x0800a9dc                arm_copy_f32
 .text.arm_mat_trans_f32
                0x0800aa40      0x154 ../Middlewares/Third_Party/ARM_CMSIS/CMSIS/DSP/Lib/GCC\libarm_cortexM4lf_math.a(arm_mat_trans_f32.o)
                0x0800aa40                arm_mat_trans_f32
 .text.arm_mat_sub_f32
                0x0800ab94       0xd8 ../Middlewares/Third_Party/ARM_CMSIS/CMSIS/DSP/Lib/GCC\libarm_cortexM4lf_math.a(arm_mat_sub_f32.o)
                0x0800ab94                arm_mat_sub_f32
 .text.arm_mat_mult_f32
                0x0800ac6c      0x220 ../Middlewares/Third_Party/ARM_CMSIS/CMSIS/DSP/Lib/GCC\libarm_cortexM4lf_math.a(arm_mat_mult_f32.o)
                0x0800ac6c                arm_mat_mult_f32
 .text.arm_mat_init_f32
                0x0800ae8c        0x8 ../Middlewares/Third_Party/ARM_CMSIS/CMSIS/DSP/Lib/GCC\libarm_cortexM4lf_math.a(arm_mat_init_f32.o)
                0x0800ae8c                arm_mat_init_f32
 .text.arm_mat_add_f32
                0x0800ae94       0xd8 ../Middlewares/Third_Party/ARM_CMSIS/CMSIS/DSP/Lib/GCC\libarm_cortexM4lf_math.a(arm_mat_add_f32.o)
                0x0800ae94                arm_mat_add_f32
 .text.memset   0x0800af6c       0x10 C:/ST/STM32CubeIDE_1.19.0/STM32CubeIDE/plugins/com.st.stm32cube.ide.mcu.externaltools.gnu-tools-for-stm32.13.3.rel1.win32_1.0.0.202411081344/tools/bin/../lib/gcc/arm-none-eabi/13.3.1/../../../../arm-none-eabi/lib/thumb/v7e-m+fp/hard\libc_nano.a(libc_a-memset.o)
                0x0800af6c                memset
 .text.__errno  0x0800af7c        0xc C:/ST/STM32CubeIDE_1.19.0/STM32CubeIDE/plugins/com.st.stm32cube.ide.mcu.externaltools.gnu-tools-for-stm32.13.3.rel1.win32_1.0.0.202411081344/tools/bin/../lib/gcc/arm-none-eabi/13.3.1/../../../../arm-none-eabi/lib/thumb/v7e-m+fp/hard\libc_nano.a(libc_a-errno.o)
                0x0800af7c                __errno
 .text.__libc_init_array
                0x0800af88       0x48 C:/ST/STM32CubeIDE_1.19.0/STM32CubeIDE/plugins/com.st.stm32cube.ide.mcu.externaltools.gnu-tools-for-stm32.13.3.rel1.win32_1.0.0.202411081344/tools/bin/../lib/gcc/arm-none-eabi/13.3.1/../../../../arm-none-eabi/lib/thumb/v7e-m+fp/hard\libc_nano.a(libc_a-init.o)
                0x0800af88                __libc_init_array
 .text.expf     0x0800afd0       0x6c C:/ST/STM32CubeIDE_1.19.0/STM32CubeIDE/plugins/com.st.stm32cube.ide.mcu.externaltools.gnu-tools-for-stm32.13.3.rel1.win32_1.0.0.202411081344/tools/bin/../lib/gcc/arm-none-eabi/13.3.1/../../../../arm-none-eabi/lib/thumb/v7e-m+fp/hard\libm.a(libm_a-wf_exp.o)
                0x0800afd0                expf
 .text.sinf     0x0800b03c       0x8c C:/ST/STM32CubeIDE_1.19.0/STM32CubeIDE/plugins/com.st.stm32cube.ide.mcu.externaltools.gnu-tools-for-stm32.13.3.rel1.win32_1.0.0.202411081344/tools/bin/../lib/gcc/arm-none-eabi/13.3.1/../../../../arm-none-eabi/lib/thumb/v7e-m+fp/hard\libm.a(libm_a-sf_sin.o)
                0x0800b03c                sinf
 .text.finitef  0x0800b0c8       0x14 C:/ST/STM32CubeIDE_1.19.0/STM32CubeIDE/plugins/com.st.stm32cube.ide.mcu.externaltools.gnu-tools-for-stm32.13.3.rel1.win32_1.0.0.202411081344/tools/bin/../lib/gcc/arm-none-eabi/13.3.1/../../../../arm-none-eabi/lib/thumb/v7e-m+fp/hard\libm.a(libm_a-sf_finite.o)
                0x0800b0c8                finitef
 .text.__kernel_cosf
                0x0800b0dc       0xb0 C:/ST/STM32CubeIDE_1.19.0/STM32CubeIDE/plugins/com.st.stm32cube.ide.mcu.externaltools.gnu-tools-for-stm32.13.3.rel1.win32_1.0.0.202411081344/tools/bin/../lib/gcc/arm-none-eabi/13.3.1/../../../../arm-none-eabi/lib/thumb/v7e-m+fp/hard\libm.a(libm_a-kf_cos.o)
                0x0800b0dc                __kernel_cosf
 .text.__kernel_sinf
                0x0800b18c       0x90 C:/ST/STM32CubeIDE_1.19.0/STM32CubeIDE/plugins/com.st.stm32cube.ide.mcu.externaltools.gnu-tools-for-stm32.13.3.rel1.win32_1.0.0.202411081344/tools/bin/../lib/gcc/arm-none-eabi/13.3.1/../../../../arm-none-eabi/lib/thumb/v7e-m+fp/hard\libm.a(libm_a-kf_sin.o)
                0x0800b18c                __kernel_sinf
 .text.__ieee754_expf
                0x0800b21c      0x19c C:/ST/STM32CubeIDE_1.19.0/STM32CubeIDE/plugins/com.st.stm32cube.ide.mcu.externaltools.gnu-tools-for-stm32.13.3.rel1.win32_1.0.0.202411081344/tools/bin/../lib/gcc/arm-none-eabi/13.3.1/../../../../arm-none-eabi/lib/thumb/v7e-m+fp/hard\libm.a(libm_a-ef_exp.o)
                0x0800b21c                __ieee754_expf
 .text.__ieee754_rem_pio2f
                0x0800b3b8      0x260 C:/ST/STM32CubeIDE_1.19.0/STM32CubeIDE/plugins/com.st.stm32cube.ide.mcu.externaltools.gnu-tools-for-stm32.13.3.rel1.win32_1.0.0.202411081344/tools/bin/../lib/gcc/arm-none-eabi/13.3.1/../../../../arm-none-eabi/lib/thumb/v7e-m+fp/hard\libm.a(libm_a-ef_rem_pio2.o)
                0x0800b3b8                __ieee754_rem_pio2f
 .text.fabsf    0x0800b618        0xe C:/ST/STM32CubeIDE_1.19.0/STM32CubeIDE/plugins/com.st.stm32cube.ide.mcu.externaltools.gnu-tools-for-stm32.13.3.rel1.win32_1.0.0.202411081344/tools/bin/../lib/gcc/arm-none-eabi/13.3.1/../../../../arm-none-eabi/lib/thumb/v7e-m+fp/hard\libm.a(libm_a-sf_fabs.o)
                0x0800b618                fabsf
 *fill*         0x0800b626        0x2 
 .text.scalbnf  0x0800b628       0xcc C:/ST/STM32CubeIDE_1.19.0/STM32CubeIDE/plugins/com.st.stm32cube.ide.mcu.externaltools.gnu-tools-for-stm32.13.3.rel1.win32_1.0.0.202411081344/tools/bin/../lib/gcc/arm-none-eabi/13.3.1/../../../../arm-none-eabi/lib/thumb/v7e-m+fp/hard\libm.a(libm_a-sf_scalbn.o)
                0x0800b628                scalbnf
 .text.with_errnof
                0x0800b6f4       0x1c C:/ST/STM32CubeIDE_1.19.0/STM32CubeIDE/plugins/com.st.stm32cube.ide.mcu.externaltools.gnu-tools-for-stm32.13.3.rel1.win32_1.0.0.202411081344/tools/bin/../lib/gcc/arm-none-eabi/13.3.1/../../../../arm-none-eabi/lib/thumb/v7e-m+fp/hard\libm.a(libm_a-math_errf.o)
 .text.xflowf   0x0800b710       0x16 C:/ST/STM32CubeIDE_1.19.0/STM32CubeIDE/plugins/com.st.stm32cube.ide.mcu.externaltools.gnu-tools-for-stm32.13.3.rel1.win32_1.0.0.202411081344/tools/bin/../lib/gcc/arm-none-eabi/13.3.1/../../../../arm-none-eabi/lib/thumb/v7e-m+fp/hard\libm.a(libm_a-math_errf.o)
 *fill*         0x0800b726        0x2 
 .text.__math_uflowf
                0x0800b728        0xc C:/ST/STM32CubeIDE_1.19.0/STM32CubeIDE/plugins/com.st.stm32cube.ide.mcu.externaltools.gnu-tools-for-stm32.13.3.rel1.win32_1.0.0.202411081344/tools/bin/../lib/gcc/arm-none-eabi/13.3.1/../../../../arm-none-eabi/lib/thumb/v7e-m+fp/hard\libm.a(libm_a-math_errf.o)
                0x0800b728                __math_uflowf
 .text.__math_oflowf
                0x0800b734        0xc C:/ST/STM32CubeIDE_1.19.0/STM32CubeIDE/plugins/com.st.stm32cube.ide.mcu.externaltools.gnu-tools-for-stm32.13.3.rel1.win32_1.0.0.202411081344/tools/bin/../lib/gcc/arm-none-eabi/13.3.1/../../../../arm-none-eabi/lib/thumb/v7e-m+fp/hard\libm.a(libm_a-math_errf.o)
                0x0800b734                __math_oflowf
 .text.__kernel_rem_pio2f
                0x0800b740      0x4d0 C:/ST/STM32CubeIDE_1.19.0/STM32CubeIDE/plugins/com.st.stm32cube.ide.mcu.externaltools.gnu-tools-for-stm32.13.3.rel1.win32_1.0.0.202411081344/tools/bin/../lib/gcc/arm-none-eabi/13.3.1/../../../../arm-none-eabi/lib/thumb/v7e-m+fp/hard\libm.a(libm_a-kf_rem_pio2.o)
                0x0800b740                __kernel_rem_pio2f
 .text.floorf   0x0800bc10       0x88 C:/ST/STM32CubeIDE_1.19.0/STM32CubeIDE/plugins/com.st.stm32cube.ide.mcu.externaltools.gnu-tools-for-stm32.13.3.rel1.win32_1.0.0.202411081344/tools/bin/../lib/gcc/arm-none-eabi/13.3.1/../../../../arm-none-eabi/lib/thumb/v7e-m+fp/hard\libm.a(libm_a-sf_floor.o)
                0x0800bc10                floorf
 *(.glue_7)
 .glue_7        0x0800bc98        0x0 linker stubs
 *(.glue_7t)
 .glue_7t       0x0800bc98        0x0 linker stubs
 *(.eh_frame)
 .eh_frame      0x0800bc98        0x0 C:/ST/STM32CubeIDE_1.19.0/STM32CubeIDE/plugins/com.st.stm32cube.ide.mcu.externaltools.gnu-tools-for-stm32.13.3.rel1.win32_1.0.0.202411081344/tools/bin/../lib/gcc/arm-none-eabi/13.3.1/thumb/v7e-m+fp/hard/crtbegin.o
 *(.init)
 .init          0x0800bc98        0x4 C:/ST/STM32CubeIDE_1.19.0/STM32CubeIDE/plugins/com.st.stm32cube.ide.mcu.externaltools.gnu-tools-for-stm32.13.3.rel1.win32_1.0.0.202411081344/tools/bin/../lib/gcc/arm-none-eabi/13.3.1/thumb/v7e-m+fp/hard/crti.o
                0x0800bc98                _init
 .init          0x0800bc9c        0x8 C:/ST/STM32CubeIDE_1.19.0/STM32CubeIDE/plugins/com.st.stm32cube.ide.mcu.externaltools.gnu-tools-for-stm32.13.3.rel1.win32_1.0.0.202411081344/tools/bin/../lib/gcc/arm-none-eabi/13.3.1/thumb/v7e-m+fp/hard/crtn.o
 *(.fini)
 .fini          0x0800bca4        0x4 C:/ST/STM32CubeIDE_1.19.0/STM32CubeIDE/plugins/com.st.stm32cube.ide.mcu.externaltools.gnu-tools-for-stm32.13.3.rel1.win32_1.0.0.202411081344/tools/bin/../lib/gcc/arm-none-eabi/13.3.1/thumb/v7e-m+fp/hard/crti.o
                0x0800bca4                _fini
 .fini          0x0800bca8        0x8 C:/ST/STM32CubeIDE_1.19.0/STM32CubeIDE/plugins/com.st.stm32cube.ide.mcu.externaltools.gnu-tools-for-stm32.13.3.rel1.win32_1.0.0.202411081344/tools/bin/../lib/gcc/arm-none-eabi/13.3.1/thumb/v7e-m+fp/hard/crtn.o
                0x0800bcb0                        . = ALIGN (0x4)
                0x0800bcb0                        _etext = .

.vfp11_veneer   0x0800bcb0        0x0
 .vfp11_veneer  0x0800bcb0        0x0 linker stubs

.v4_bx          0x0800bcb0        0x0
 .v4_bx         0x0800bcb0        0x0 linker stubs

.iplt           0x0800bcb0        0x0
 .iplt          0x0800bcb0        0x0 C:/ST/STM32CubeIDE_1.19.0/STM32CubeIDE/plugins/com.st.stm32cube.ide.mcu.externaltools.gnu-tools-for-stm32.13.3.rel1.win32_1.0.0.202411081344/tools/bin/../lib/gcc/arm-none-eabi/13.3.1/thumb/v7e-m+fp/hard/crtbegin.o

.rodata         0x0800bcb0      0x458
                0x0800bcb0                        . = ALIGN (0x4)
 *(.rodata)
 *(.rodata*)
 .rodata.kf_exp_sigma_v2
                0x0800bcb0       0x18 ./Core/Src/main.o
 .rodata.kf_exp_r_theta
                0x0800bcc8       0x18 ./Core/Src/main.o
 .rodata.AHBPrescTable
                0x0800bce0       0x10 ./Core/Src/system_stm32g4xx.o
                0x0800bce0                AHBPrescTable
 .rodata.APBPrescTable
                0x0800bcf0        0x8 ./Core/Src/system_stm32g4xx.o
                0x0800bcf0                APBPrescTable
 .rodata.UARTPrescTable
                0x0800bcf8       0x18 ./Drivers/STM32G4xx_HAL_Driver/Src/stm32g4xx_hal_uart.o
                0x0800bcf8                UARTPrescTable
 .rodata.numerator.1
                0x0800bd10        0x8 ./Drivers/STM32G4xx_HAL_Driver/Src/stm32g4xx_hal_uart_ex.o
 .rodata.denominator.0
                0x0800bd18        0x8 ./Drivers/STM32G4xx_HAL_Driver/Src/stm32g4xx_hal_uart_ex.o
 .rodata.ln2LO  0x0800bd20        0x8 C:/ST/STM32CubeIDE_1.19.0/STM32CubeIDE/plugins/com.st.stm32cube.ide.mcu.externaltools.gnu-tools-for-stm32.13.3.rel1.win32_1.0.0.202411081344/tools/bin/../lib/gcc/arm-none-eabi/13.3.1/../../../../arm-none-eabi/lib/thumb/v7e-m+fp/hard\libm.a(libm_a-ef_exp.o)
 .rodata.ln2HI  0x0800bd28        0x8 C:/ST/STM32CubeIDE_1.19.0/STM32CubeIDE/plugins/com.st.stm32cube.ide.mcu.externaltools.gnu-tools-for-stm32.13.3.rel1.win32_1.0.0.202411081344/tools/bin/../lib/gcc/arm-none-eabi/13.3.1/../../../../arm-none-eabi/lib/thumb/v7e-m+fp/hard\libm.a(libm_a-ef_exp.o)
 .rodata.halF   0x0800bd30        0x8 C:/ST/STM32CubeIDE_1.19.0/STM32CubeIDE/plugins/com.st.stm32cube.ide.mcu.externaltools.gnu-tools-for-stm32.13.3.rel1.win32_1.0.0.202411081344/tools/bin/../lib/gcc/arm-none-eabi/13.3.1/../../../../arm-none-eabi/lib/thumb/v7e-m+fp/hard\libm.a(libm_a-ef_exp.o)
 .rodata.npio2_hw
                0x0800bd38       0x80 C:/ST/STM32CubeIDE_1.19.0/STM32CubeIDE/plugins/com.st.stm32cube.ide.mcu.externaltools.gnu-tools-for-stm32.13.3.rel1.win32_1.0.0.202411081344/tools/bin/../lib/gcc/arm-none-eabi/13.3.1/../../../../arm-none-eabi/lib/thumb/v7e-m+fp/hard\libm.a(libm_a-ef_rem_pio2.o)
 .rodata.two_over_pi
                0x0800bdb8      0x318 C:/ST/STM32CubeIDE_1.19.0/STM32CubeIDE/plugins/com.st.stm32cube.ide.mcu.externaltools.gnu-tools-for-stm32.13.3.rel1.win32_1.0.0.202411081344/tools/bin/../lib/gcc/arm-none-eabi/13.3.1/../../../../arm-none-eabi/lib/thumb/v7e-m+fp/hard\libm.a(libm_a-ef_rem_pio2.o)
 .rodata.PIo2   0x0800c0d0       0x2c C:/ST/STM32CubeIDE_1.19.0/STM32CubeIDE/plugins/com.st.stm32cube.ide.mcu.externaltools.gnu-tools-for-stm32.13.3.rel1.win32_1.0.0.202411081344/tools/bin/../lib/gcc/arm-none-eabi/13.3.1/../../../../arm-none-eabi/lib/thumb/v7e-m+fp/hard\libm.a(libm_a-kf_rem_pio2.o)
 .rodata.init_jk
                0x0800c0fc        0xc C:/ST/STM32CubeIDE_1.19.0/STM32CubeIDE/plugins/com.st.stm32cube.ide.mcu.externaltools.gnu-tools-for-stm32.13.3.rel1.win32_1.0.0.202411081344/tools/bin/../lib/gcc/arm-none-eabi/13.3.1/../../../../arm-none-eabi/lib/thumb/v7e-m+fp/hard\libm.a(libm_a-kf_rem_pio2.o)
                0x0800c108                        . = ALIGN (0x4)

.ARM.extab      0x0800c108        0x0
                0x0800c108                        . = ALIGN (0x4)
 *(.ARM.extab* .gnu.linkonce.armextab.*)
                0x0800c108                        . = ALIGN (0x4)

.ARM            0x0800c108        0x8
                0x0800c108                        . = ALIGN (0x4)
                0x0800c108                        __exidx_start = .
 *(.ARM.exidx*)
 .ARM.exidx     0x0800c108        0x8 C:/ST/STM32CubeIDE_1.19.0/STM32CubeIDE/plugins/com.st.stm32cube.ide.mcu.externaltools.gnu-tools-for-stm32.13.3.rel1.win32_1.0.0.202411081344/tools/bin/../lib/gcc/arm-none-eabi/13.3.1/thumb/v7e-m+fp/hard\libgcc.a(_udivmoddi4.o)
                0x0800c110                        __exidx_end = .
                0x0800c110                        . = ALIGN (0x4)

.preinit_array  0x0800c110        0x0
                0x0800c110                        . = ALIGN (0x4)
                0x0800c110                        PROVIDE (__preinit_array_start = .)
 *(.preinit_array*)
                0x0800c110                        PROVIDE (__preinit_array_end = .)
                0x0800c110                        . = ALIGN (0x4)

.init_array     0x0800c110        0x4
                0x0800c110                        . = ALIGN (0x4)
                0x0800c110                        PROVIDE (__init_array_start = .)
 *(SORT_BY_NAME(.init_array.*))
 *(.init_array*)
 .init_array    0x0800c110        0x4 C:/ST/STM32CubeIDE_1.19.0/STM32CubeIDE/plugins/com.st.stm32cube.ide.mcu.externaltools.gnu-tools-for-stm32.13.3.rel1.win32_1.0.0.202411081344/tools/bin/../lib/gcc/arm-none-eabi/13.3.1/thumb/v7e-m+fp/hard/crtbegin.o
                0x0800c114                        PROVIDE (__init_array_end = .)
                0x0800c114                        . = ALIGN (0x4)

.fini_array     0x0800c114        0x4
                0x0800c114                        . = ALIGN (0x4)
                [!provide]                        PROVIDE (__fini_array_start = .)
 *(SORT_BY_NAME(.fini_array.*))
 *(.fini_array*)
 .fini_array    0x0800c114        0x4 C:/ST/STM32CubeIDE_1.19.0/STM32CubeIDE/plugins/com.st.stm32cube.ide.mcu.externaltools.gnu-tools-for-stm32.13.3.rel1.win32_1.0.0.202411081344/tools/bin/../lib/gcc/arm-none-eabi/13.3.1/thumb/v7e-m+fp/hard/crtbegin.o
                [!provide]                        PROVIDE (__fini_array_end = .)
                0x0800c118                        . = ALIGN (0x4)
                0x0800c118                        _sidata = LOADADDR (.data)

.rel.dyn        0x0800c118        0x0
 .rel.iplt      0x0800c118        0x0 C:/ST/STM32CubeIDE_1.19.0/STM32CubeIDE/plugins/com.st.stm32cube.ide.mcu.externaltools.gnu-tools-for-stm32.13.3.rel1.win32_1.0.0.202411081344/tools/bin/../lib/gcc/arm-none-eabi/13.3.1/thumb/v7e-m+fp/hard/crtbegin.o

.data           0x20000000      0x118 load address 0x0800c118
                0x20000000                        . = ALIGN (0x4)
                0x20000000                        _sdata = .
 *(.data)
 *(.data*)
 .data.max_velocity
                0x20000000        0x4 ./Core/Src/main.o
                0x20000000                max_velocity
 .data.max_accel
                0x20000004        0x4 ./Core/Src/main.o
                0x20000004                max_accel
 .data.max_jerk
                0x20000008        0x4 ./Core/Src/main.o
                0x20000008                max_jerk
 .data.control_mode
                0x2000000c        0x1 ./Core/Src/main.o
                0x2000000c                control_mode
 .data.prev_control_mode
                0x2000000d        0x1 ./Core/Src/main.o
                0x2000000d                prev_control_mode
 .data.prev_traj_type
                0x2000000e        0x1 ./Core/Src/main.o
                0x2000000e                prev_traj_type
 *fill*         0x2000000f        0x1 
 .data.seq_step_delay
                0x20000010        0x4 ./Core/Src/main.o
                0x20000010                seq_step_delay
 .data.sweep_start_deg
                0x20000014        0x4 ./Core/Src/main.o
                0x20000014                sweep_start_deg
 .data.sweep_stop_deg
                0x20000018        0x4 ./Core/Src/main.o
                0x20000018                sweep_stop_deg
 .data.sweep_step_deg
                0x2000001c        0x4 ./Core/Src/main.o
                0x2000001c                sweep_step_deg
 .data.sweep_delay_s
                0x20000020        0x4 ./Core/Src/main.o
                0x20000020                sweep_delay_s
 .data.t1_seg   0x20000024        0x4 ./Core/Src/main.o
                0x20000024                t1_seg
 .data.t2_seg   0x20000028        0x4 ./Core/Src/main.o
                0x20000028                t2_seg
 .data.t_acc_seg
                0x2000002c        0x4 ./Core/Src/main.o
                0x2000002c                t_acc_seg
 .data.t_cruise_seg
                0x20000030        0x4 ./Core/Src/main.o
                0x20000030                t_cruise_seg
 .data.t_dec_seg
                0x20000034        0x4 ./Core/Src/main.o
                0x20000034                t_dec_seg
 .data.min_vpeak_rad_s
                0x20000038        0x4 ./Core/Src/main.o
                0x20000038                min_vpeak_rad_s
 .data.min_pwm_threshold
                0x2000003c        0x4 ./Core/Src/main.o
                0x2000003c                min_pwm_threshold
 .data.refff_enabled
                0x20000040        0x1 ./Core/Src/main.o
                0x20000040                refff_enabled
 *fill*         0x20000041        0x3 
 .data.V_supply
                0x20000044        0x4 ./Core/Src/main.o
                0x20000044                V_supply
 .data.distff_tau
                0x20000048        0x4 ./Core/Src/main.o
                0x20000048                distff_tau
 .data.current_zero_counts
                0x2000004c        0x4 ./Core/Src/main.o
                0x2000004c                current_zero_counts
 .data.current_counts_per_amp
                0x20000050        0x4 ./Core/Src/main.o
                0x20000050                current_counts_per_amp
 .data.kf_sine_amp
                0x20000054        0x4 ./Core/Src/main.o
                0x20000054                kf_sine_amp
 .data.kf_sine_freq
                0x20000058        0x4 ./Core/Src/main.o
                0x20000058                kf_sine_freq
 .data.kf_sine_dir
                0x2000005c        0x4 ./Core/Src/main.o
                0x2000005c                kf_sine_dir
 .data.kf4_sigma_v2
                0x20000060        0x4 ./Core/Src/main.o
                0x20000060                kf4_sigma_v2
 .data.kf4_r_theta
                0x20000064        0x4 ./Core/Src/main.o
                0x20000064                kf4_r_theta
 .data.motor_J_eq
                0x20000068        0x4 ./Core/Src/main.o
                0x20000068                motor_J_eq
 .data.motor_b_eq
                0x2000006c        0x4 ./Core/Src/main.o
                0x2000006c                motor_b_eq
 .data.motor_N  0x20000070        0x4 ./Core/Src/main.o
                0x20000070                motor_N
 .data.motor_Kt
                0x20000074        0x4 ./Core/Src/main.o
                0x20000074                motor_Kt
 .data.motor_Ke
                0x20000078        0x4 ./Core/Src/main.o
                0x20000078                motor_Ke
 .data.motor_L  0x2000007c        0x4 ./Core/Src/main.o
                0x2000007c                motor_L
 .data.motor_R_arm
                0x20000080        0x4 ./Core/Src/main.o
                0x20000080                motor_R_arm
 .data.kp_vel   0x20000084        0x4 ./Core/Src/main.o
                0x20000084                kp_vel
 .data.ki_vel   0x20000088        0x4 ./Core/Src/main.o
                0x20000088                ki_vel
 .data.max_pwm  0x2000008c        0x4 ./Core/Src/main.o
                0x2000008c                max_pwm
 .data.vel_sat_rad_s
                0x20000090        0x4 ./Core/Src/main.o
                0x20000090                vel_sat_rad_s
 .data.voltage_sat_pct
                0x20000094        0x4 ./Core/Src/main.o
                0x20000094                voltage_sat_pct
 .data.inner_loop_div
                0x20000098        0x1 ./Core/Src/main.o
                0x20000098                inner_loop_div
 .data.outer_loop_div
                0x20000099        0x1 ./Core/Src/main.o
                0x20000099                outer_loop_div
 *fill*         0x2000009a        0x2 
 .data.loop_dt_inner
                0x2000009c        0x4 ./Core/Src/main.o
                0x2000009c                loop_dt_inner
 .data.loop_dt_outer
                0x200000a0        0x4 ./Core/Src/main.o
                0x200000a0                loop_dt_outer
 .data.kp_position
                0x200000a4        0x4 ./Core/Src/main.o
                0x200000a4                kp_position
 .data.ki_pos   0x200000a8        0x4 ./Core/Src/main.o
                0x200000a8                ki_pos
 .data.kd_pos   0x200000ac        0x4 ./Core/Src/main.o
                0x200000ac                kd_pos
 .data.pos_deadband_deg
                0x200000b0        0x4 ./Core/Src/main.o
                0x200000b0                pos_deadband_deg
 .data.vel_deadband_rad_s
                0x200000b4        0x4 ./Core/Src/main.o
                0x200000b4                vel_deadband_rad_s
 .data.ss_reached
                0x200000b8        0x1 ./Core/Src/main.o
                0x200000b8                ss_reached
 .data.vel_antiwindup_en
                0x200000b9        0x1 ./Core/Src/main.o
                0x200000b9                vel_antiwindup_en
 .data.pos_antiwindup_en
                0x200000ba        0x1 ./Core/Src/main.o
                0x200000ba                pos_antiwindup_en
 *fill*         0x200000bb        0x1 
 .data.SystemCoreClock
                0x200000bc        0x4 ./Core/Src/system_stm32g4xx.o
                0x200000bc                SystemCoreClock
 .data.uwTickPrio
                0x200000c0        0x4 ./Drivers/STM32G4xx_HAL_Driver/Src/stm32g4xx_hal.o
                0x200000c0                uwTickPrio
 .data.uwTickFreq
                0x200000c4        0x4 ./Drivers/STM32G4xx_HAL_Driver/Src/stm32g4xx_hal.o
                0x200000c4                uwTickFreq
 .data._impure_ptr
                0x200000c8        0x4 C:/ST/STM32CubeIDE_1.19.0/STM32CubeIDE/plugins/com.st.stm32cube.ide.mcu.externaltools.gnu-tools-for-stm32.13.3.rel1.win32_1.0.0.202411081344/tools/bin/../lib/gcc/arm-none-eabi/13.3.1/../../../../arm-none-eabi/lib/thumb/v7e-m+fp/hard\libc_nano.a(libc_a-impure.o)
                0x200000c8                _impure_ptr
 .data._impure_data
                0x200000cc       0x4c C:/ST/STM32CubeIDE_1.19.0/STM32CubeIDE/plugins/com.st.stm32cube.ide.mcu.externaltools.gnu-tools-for-stm32.13.3.rel1.win32_1.0.0.202411081344/tools/bin/../lib/gcc/arm-none-eabi/13.3.1/../../../../arm-none-eabi/lib/thumb/v7e-m+fp/hard\libc_nano.a(libc_a-impure.o)
                0x200000cc                _impure_data
 *(.RamFunc)
 *(.RamFunc*)
                0x20000118                        . = ALIGN (0x4)
                0x20000118                        _edata = .

.igot.plt       0x20000118        0x0 load address 0x0800c230
 .igot.plt      0x20000118        0x0 C:/ST/STM32CubeIDE_1.19.0/STM32CubeIDE/plugins/com.st.stm32cube.ide.mcu.externaltools.gnu-tools-for-stm32.13.3.rel1.win32_1.0.0.202411081344/tools/bin/../lib/gcc/arm-none-eabi/13.3.1/thumb/v7e-m+fp/hard/crtbegin.o
                0x20000118                        . = ALIGN (0x4)

.bss            0x20000118     0x1284 load address 0x0800c230
                0x20000118                        _sbss = .
                0x20000118                        __bss_start__ = _sbss
 *(.bss)
 .bss           0x20000118       0x1c C:/ST/STM32CubeIDE_1.19.0/STM32CubeIDE/plugins/com.st.stm32cube.ide.mcu.externaltools.gnu-tools-for-stm32.13.3.rel1.win32_1.0.0.202411081344/tools/bin/../lib/gcc/arm-none-eabi/13.3.1/thumb/v7e-m+fp/hard/crtbegin.o
 *(.bss*)
 .bss.hadc1     0x20000134       0x6c ./Core/Src/main.o
                0x20000134                hadc1
 .bss.hlpuart1  0x200001a0       0x94 ./Core/Src/main.o
                0x200001a0                hlpuart1
 .bss.htim1     0x20000234       0x4c ./Core/Src/main.o
                0x20000234                htim1
 .bss.htim3     0x20000280       0x4c ./Core/Src/main.o
                0x20000280                htim3
 .bss.htim6     0x200002cc       0x4c ./Core/Src/main.o
                0x200002cc                htim6
 .bss.htim7     0x20000318       0x4c ./Core/Src/main.o
                0x20000318                htim7
 .bss.my_scurve
                0x20000364       0x54 ./Core/Src/main.o
                0x20000364                my_scurve
 .bss.my_trapezoid
                0x200003b8       0x3c ./Core/Src/main.o
                0x200003b8                my_trapezoid
 .bss.my_encoder
                0x200003f4       0x40 ./Core/Src/main.o
                0x200003f4                my_encoder
 .bss.my_refff  0x20000434       0x4c ./Core/Src/main.o
                0x20000434                my_refff
 .bss.my_kf4    0x20000480      0x1a8 ./Core/Src/main.o
                0x20000480                my_kf4
 .bss.my_distff
                0x20000628       0x30 ./Core/Src/main.o
                0x20000628                my_distff
 .bss.traj_type
                0x20000658        0x1 ./Core/Src/main.o
                0x20000658                traj_type
 .bss.start_move
                0x20000659        0x1 ./Core/Src/main.o
                0x20000659                start_move
 *fill*         0x2000065a        0x2 
 .bss.seq_targets
                0x2000065c       0x24 ./Core/Src/main.o
                0x2000065c                seq_targets
 .bss.seq_count
                0x20000680        0x1 ./Core/Src/main.o
                0x20000680                seq_count
 .bss.seq_enabled
                0x20000681        0x1 ./Core/Src/main.o
                0x20000681                seq_enabled
 .bss.seq_index
                0x20000682        0x1 ./Core/Src/main.o
                0x20000682                seq_index
 .bss.sweep_enabled
                0x20000683        0x1 ./Core/Src/main.o
                0x20000683                sweep_enabled
 .bss.sweep_index
                0x20000684        0x1 ./Core/Src/main.o
                0x20000684                sweep_index
 .bss.zero_encoder
                0x20000685        0x1 ./Core/Src/main.o
                0x20000685                zero_encoder
 .bss.reset_all
                0x20000686        0x1 ./Core/Src/main.o
                0x20000686                reset_all
 .bss.pid_enabled
                0x20000687        0x1 ./Core/Src/main.o
                0x20000687                pid_enabled
 .bss.traj_target_deg
                0x20000688        0x4 ./Core/Src/main.o
                0x20000688                traj_target_deg
 .bss.prev_traj_target_deg
                0x2000068c        0x4 ./Core/Src/main.o
                0x2000068c                prev_traj_target_deg
 .bss.pos_ctrl_target_deg
                0x20000690        0x4 ./Core/Src/main.o
                0x20000690                pos_ctrl_target_deg
 .bss.g_traj_pos
                0x20000694        0x4 ./Core/Src/main.o
                0x20000694                g_traj_pos
 .bss.g_smooth_vel
                0x20000698        0x4 ./Core/Src/main.o
                0x20000698                g_smooth_vel
 .bss.g_smooth_accel
                0x2000069c        0x4 ./Core/Src/main.o
                0x2000069c                g_smooth_accel
 .bss.g_jerk    0x200006a0        0x4 ./Core/Src/main.o
                0x200006a0                g_jerk
 .bss.g_traj_active
                0x200006a4        0x1 ./Core/Src/main.o
                0x200006a4                g_traj_active
 *fill*         0x200006a5        0x3 
 .bss.g_position_rad
                0x200006a8        0x4 ./Core/Src/main.o
                0x200006a8                g_position_rad
 .bss.g_velocity_rad_s
                0x200006ac        0x4 ./Core/Src/main.o
                0x200006ac                g_velocity_rad_s
 .bss.g_pwm_duty
                0x200006b0        0x4 ./Core/Src/main.o
                0x200006b0                g_pwm_duty
 .bss.tx_buf    0x200006b4       0x4c ./Core/Src/main.o
 .bss.tx_pending
                0x20000700        0x1 ./Core/Src/main.o
                0x20000700                tx_pending
 .bss.motor_dir_inverted
                0x20000701        0x1 ./Core/Src/main.o
                0x20000701                motor_dir_inverted
 .bss.emer_output
                0x20000702        0x1 ./Core/Src/main.o
                0x20000702                emer_output
 .bss.gripper_updown
                0x20000703        0x1 ./Core/Src/main.o
                0x20000703                gripper_updown
 .bss.gripper_openclose
                0x20000704        0x1 ./Core/Src/main.o
                0x20000704                gripper_openclose
 *fill*         0x20000705        0x3 
 .bss.ss_error_deg
                0x20000708        0x4 ./Core/Src/main.o
                0x20000708                ss_error_deg
 .bss.ss_error_rad
                0x2000070c        0x4 ./Core/Src/main.o
                0x2000070c                ss_error_rad
 .bss.vel_error_live
                0x20000710        0x4 ./Core/Src/main.o
                0x20000710                vel_error_live
 .bss.i_term_live
                0x20000714        0x4 ./Core/Src/main.o
                0x20000714                i_term_live
 .bss.traj_start_pos
                0x20000718        0x4 ./Core/Src/main.o
 .bss.vel_command
                0x2000071c        0x4 ./Core/Src/main.o
                0x2000071c                vel_command
 .bss.pwm_command
                0x20000720        0x4 ./Core/Src/main.o
                0x20000720                pwm_command
 .bss.hard_stop_active
                0x20000724        0x1 ./Core/Src/main.o
                0x20000724                hard_stop_active
 .bss.distff_enabled
                0x20000725        0x1 ./Core/Src/main.o
                0x20000725                distff_enabled
 *fill*         0x20000726        0x2 
 .bss.g_distff_pwm
                0x20000728        0x4 ./Core/Src/main.o
                0x20000728                g_distff_pwm
 .bss.adc_raw_current
                0x2000072c        0x4 ./Core/Src/main.o
                0x2000072c                adc_raw_current
 .bss.g_current_A
                0x20000730        0x4 ./Core/Src/main.o
                0x20000730                g_current_A
 .bss.kf_cal_pwm
                0x20000734        0x4 ./Core/Src/main.o
                0x20000734                kf_cal_pwm
 .bss.kf_sine_enabled
                0x20000738        0x1 ./Core/Src/main.o
                0x20000738                kf_sine_enabled
 .bss.kalman_exp_enabled
                0x20000739        0x1 ./Core/Src/main.o
                0x20000739                kalman_exp_enabled
 *fill*         0x2000073a        0x2 
 .bss.kf_exp_set_id
                0x2000073c        0x4 ./Core/Src/main.o
                0x2000073c                kf_exp_set_id
 .bss.kf_exp_tx_pending
                0x20000740        0x1 ./Core/Src/main.o
 *fill*         0x20000741        0x3 
 .bss.kf_exp    0x20000744      0x9f0 ./Core/Src/main.o
                0x20000744                kf_exp
 .bss.kf_exp_states
                0x20001134       0x60 ./Core/Src/main.o
 .bss.kf_exp_tx_buf
                0x20001194       0x80 ./Core/Src/main.o
 .bss.g_kf4_position
                0x20001214        0x4 ./Core/Src/main.o
                0x20001214                g_kf4_position
 .bss.g_kf4_velocity
                0x20001218        0x4 ./Core/Src/main.o
                0x20001218                g_kf4_velocity
 .bss.g_kf4_current
                0x2000121c        0x4 ./Core/Src/main.o
                0x2000121c                g_kf4_current
 .bss.g_kf4_tau_d_obs
                0x20001220        0x4 ./Core/Src/main.o
                0x20001220                g_kf4_tau_d_obs
 .bss.use_kf4_vel
                0x20001224        0x1 ./Core/Src/main.o
                0x20001224                use_kf4_vel
 *fill*         0x20001225        0x3 
 .bss.g_motor_voltage
                0x20001228        0x4 ./Core/Src/main.o
                0x20001228                g_motor_voltage
 .bss.apply_motor_params
                0x2000122c        0x1 ./Core/Src/main.o
                0x2000122c                apply_motor_params
 *fill*         0x2000122d        0x3 
 .bss.kd_vel    0x20001230        0x4 ./Core/Src/main.o
                0x20001230                kd_vel
 .bss.vel_integral
                0x20001234        0x4 ./Core/Src/main.o
                0x20001234                vel_integral
 .bss.vel_prev_error
                0x20001238        0x4 ./Core/Src/main.o
                0x20001238                vel_prev_error
 .bss.ss_final_error_deg
                0x2000123c        0x4 ./Core/Src/main.o
                0x2000123c                ss_final_error_deg
 .bss.pos_integral_live
                0x20001240        0x4 ./Core/Src/main.o
                0x20001240                pos_integral_live
 .bss.pos_integral
                0x20001244        0x4 ./Core/Src/main.o
                0x20001244                pos_integral
 .bss.prev_traj_active_m3
                0x20001248        0x1 ./Core/Src/main.o
 .bss.prev_pid_enabled
                0x20001249        0x1 ./Core/Src/main.o
 .bss.seq_was_enabled
                0x2000124a        0x1 ./Core/Src/main.o
 .bss.seq_step_done
                0x2000124b        0x1 ./Core/Src/main.o
 .bss.seq_delay_counter
                0x2000124c        0x4 ./Core/Src/main.o
 .bss.sweep_was_enabled
                0x20001250        0x1 ./Core/Src/main.o
 .bss.sweep_state
                0x20001251        0x1 ./Core/Src/main.o
 .bss.sweep_step_done
                0x20001252        0x1 ./Core/Src/main.o
 *fill*         0x20001253        0x1 
 .bss.sweep_delay_counter
                0x20001254        0x4 ./Core/Src/main.o
 .bss.kf_sine_phase
                0x20001258        0x4 ./Core/Src/main.o
 .bss.inner_cnt.1
                0x2000125c        0x1 ./Core/Src/main.o
 .bss.outer_cnt.0
                0x2000125d        0x1 ./Core/Src/main.o
 *fill*         0x2000125e        0x2 
 .bss.uwTick    0x20001260        0x4 ./Drivers/STM32G4xx_HAL_Driver/Src/stm32g4xx_hal.o
                0x20001260                uwTick
 .bss.__sf      0x20001264      0x138 C:/ST/STM32CubeIDE_1.19.0/STM32CubeIDE/plugins/com.st.stm32cube.ide.mcu.externaltools.gnu-tools-for-stm32.13.3.rel1.win32_1.0.0.202411081344/tools/bin/../lib/gcc/arm-none-eabi/13.3.1/../../../../arm-none-eabi/lib/thumb/v7e-m+fp/hard\libc_nano.a(libc_a-findfp.o)
                0x20001264                __sf
 *(COMMON)
                0x2000139c                        . = ALIGN (0x4)
                0x2000139c                        _ebss = .
                0x2000139c                        __bss_end__ = _ebss

._user_heap_stack
                0x2000139c      0x604 load address 0x0800c230
                0x200013a0                        . = ALIGN (0x8)
 *fill*         0x2000139c        0x4 
                [!provide]                        PROVIDE (end = .)
                0x200013a0                        PROVIDE (_end = .)
                0x200015a0                        . = (. + _Min_Heap_Size)
 *fill*         0x200013a0      0x200 
                0x200019a0                        . = (. + _Min_Stack_Size)
 *fill*         0x200015a0      0x400 
                0x200019a0                        . = ALIGN (0x8)

/DISCARD/
 libc.a(*)
 libm.a(*)
 libgcc.a(*)

.ARM.attributes
                0x00000000       0x30
 *(.ARM.attributes)
 .ARM.attributes
                0x00000000       0x22 C:/ST/STM32CubeIDE_1.19.0/STM32CubeIDE/plugins/com.st.stm32cube.ide.mcu.externaltools.gnu-tools-for-stm32.13.3.rel1.win32_1.0.0.202411081344/tools/bin/../lib/gcc/arm-none-eabi/13.3.1/thumb/v7e-m+fp/hard/crti.o
 .ARM.attributes
                0x00000022       0x34 C:/ST/STM32CubeIDE_1.19.0/STM32CubeIDE/plugins/com.st.stm32cube.ide.mcu.externaltools.gnu-tools-for-stm32.13.3.rel1.win32_1.0.0.202411081344/tools/bin/../lib/gcc/arm-none-eabi/13.3.1/thumb/v7e-m+fp/hard/crtbegin.o
 .ARM.attributes
                0x00000056       0x34 ./Core/Src/DistFF.o
 .ARM.attributes
                0x0000008a       0x34 ./Core/Src/ENCODER.o
 .ARM.attributes
                0x000000be       0x34 ./Core/Src/Kalman4.o
 .ARM.attributes
                0x000000f2       0x34 ./Core/Src/REF_FEEDFORWARD.o
 .ARM.attributes
                0x00000126       0x34 ./Core/Src/SCURVE.o
 .ARM.attributes
                0x0000015a       0x34 ./Core/Src/TRAPEZOID.o
 .ARM.attributes
                0x0000018e       0x34 ./Core/Src/main.o
 .ARM.attributes
                0x000001c2       0x34 ./Core/Src/stm32g4xx_hal_msp.o
 .ARM.attributes
                0x000001f6       0x34 ./Core/Src/stm32g4xx_it.o
 .ARM.attributes
                0x0000022a       0x34 ./Core/Src/system_stm32g4xx.o
 .ARM.attributes
                0x0000025e       0x21 ./Core/Startup/startup_stm32g474retx.o
 .ARM.attributes
                0x0000027f       0x34 ./Drivers/STM32G4xx_HAL_Driver/Src/stm32g4xx_hal.o
 .ARM.attributes
                0x000002b3       0x34 ./Drivers/STM32G4xx_HAL_Driver/Src/stm32g4xx_hal_adc.o
 .ARM.attributes
                0x000002e7       0x34 ./Drivers/STM32G4xx_HAL_Driver/Src/stm32g4xx_hal_adc_ex.o
 .ARM.attributes
                0x0000031b       0x34 ./Drivers/STM32G4xx_HAL_Driver/Src/stm32g4xx_hal_cortex.o
 .ARM.attributes
                0x0000034f       0x34 ./Drivers/STM32G4xx_HAL_Driver/Src/stm32g4xx_hal_gpio.o
 .ARM.attributes
                0x00000383       0x34 ./Drivers/STM32G4xx_HAL_Driver/Src/stm32g4xx_hal_pwr_ex.o
 .ARM.attributes
                0x000003b7       0x34 ./Drivers/STM32G4xx_HAL_Driver/Src/stm32g4xx_hal_rcc.o
 .ARM.attributes
                0x000003eb       0x34 ./Drivers/STM32G4xx_HAL_Driver/Src/stm32g4xx_hal_rcc_ex.o
 .ARM.attributes
                0x0000041f       0x34 ./Drivers/STM32G4xx_HAL_Driver/Src/stm32g4xx_hal_tim.o
 .ARM.attributes
                0x00000453       0x34 ./Drivers/STM32G4xx_HAL_Driver/Src/stm32g4xx_hal_tim_ex.o
 .ARM.attributes
                0x00000487       0x34 ./Drivers/STM32G4xx_HAL_Driver/Src/stm32g4xx_hal_uart.o
 .ARM.attributes
                0x000004bb       0x34 ./Drivers/STM32G4xx_HAL_Driver/Src/stm32g4xx_hal_uart_ex.o
 .ARM.attributes
                0x000004ef       0x34 ../Middlewares/Third_Party/ARM_CMSIS/CMSIS/DSP/Lib/GCC\libarm_cortexM4lf_math.a(arm_copy_f32.o)
 .ARM.attributes
                0x00000523       0x34 ../Middlewares/Third_Party/ARM_CMSIS/CMSIS/DSP/Lib/GCC\libarm_cortexM4lf_math.a(arm_mat_trans_f32.o)
 .ARM.attributes
                0x00000557       0x34 ../Middlewares/Third_Party/ARM_CMSIS/CMSIS/DSP/Lib/GCC\libarm_cortexM4lf_math.a(arm_mat_sub_f32.o)
 .ARM.attributes
                0x0000058b       0x34 ../Middlewares/Third_Party/ARM_CMSIS/CMSIS/DSP/Lib/GCC\libarm_cortexM4lf_math.a(arm_mat_mult_f32.o)
 .ARM.attributes
                0x000005bf       0x34 ../Middlewares/Third_Party/ARM_CMSIS/CMSIS/DSP/Lib/GCC\libarm_cortexM4lf_math.a(arm_mat_init_f32.o)
 .ARM.attributes
                0x000005f3       0x34 ../Middlewares/Third_Party/ARM_CMSIS/CMSIS/DSP/Lib/GCC\libarm_cortexM4lf_math.a(arm_mat_add_f32.o)
 .ARM.attributes
                0x00000627       0x34 C:/ST/STM32CubeIDE_1.19.0/STM32CubeIDE/plugins/com.st.stm32cube.ide.mcu.externaltools.gnu-tools-for-stm32.13.3.rel1.win32_1.0.0.202411081344/tools/bin/../lib/gcc/arm-none-eabi/13.3.1/../../../../arm-none-eabi/lib/thumb/v7e-m+fp/hard\libc_nano.a(libc_a-findfp.o)
 .ARM.attributes
                0x0000065b       0x34 C:/ST/STM32CubeIDE_1.19.0/STM32CubeIDE/plugins/com.st.stm32cube.ide.mcu.externaltools.gnu-tools-for-stm32.13.3.rel1.win32_1.0.0.202411081344/tools/bin/../lib/gcc/arm-none-eabi/13.3.1/../../../../arm-none-eabi/lib/thumb/v7e-m+fp/hard\libc_nano.a(libc_a-memset.o)
 .ARM.attributes
                0x0000068f       0x34 C:/ST/STM32CubeIDE_1.19.0/STM32CubeIDE/plugins/com.st.stm32cube.ide.mcu.externaltools.gnu-tools-for-stm32.13.3.rel1.win32_1.0.0.202411081344/tools/bin/../lib/gcc/arm-none-eabi/13.3.1/../../../../arm-none-eabi/lib/thumb/v7e-m+fp/hard\libc_nano.a(libc_a-impure.o)
 .ARM.attributes
                0x000006c3       0x34 C:/ST/STM32CubeIDE_1.19.0/STM32CubeIDE/plugins/com.st.stm32cube.ide.mcu.externaltools.gnu-tools-for-stm32.13.3.rel1.win32_1.0.0.202411081344/tools/bin/../lib/gcc/arm-none-eabi/13.3.1/../../../../arm-none-eabi/lib/thumb/v7e-m+fp/hard\libc_nano.a(libc_a-errno.o)
 .ARM.attributes
                0x000006f7       0x34 C:/ST/STM32CubeIDE_1.19.0/STM32CubeIDE/plugins/com.st.stm32cube.ide.mcu.externaltools.gnu-tools-for-stm32.13.3.rel1.win32_1.0.0.202411081344/tools/bin/../lib/gcc/arm-none-eabi/13.3.1/../../../../arm-none-eabi/lib/thumb/v7e-m+fp/hard\libc_nano.a(libc_a-init.o)
 .ARM.attributes
                0x0000072b       0x34 C:/ST/STM32CubeIDE_1.19.0/STM32CubeIDE/plugins/com.st.stm32cube.ide.mcu.externaltools.gnu-tools-for-stm32.13.3.rel1.win32_1.0.0.202411081344/tools/bin/../lib/gcc/arm-none-eabi/13.3.1/../../../../arm-none-eabi/lib/thumb/v7e-m+fp/hard\libm.a(libm_a-wf_exp.o)
 .ARM.attributes
                0x0000075f       0x34 C:/ST/STM32CubeIDE_1.19.0/STM32CubeIDE/plugins/com.st.stm32cube.ide.mcu.externaltools.gnu-tools-for-stm32.13.3.rel1.win32_1.0.0.202411081344/tools/bin/../lib/gcc/arm-none-eabi/13.3.1/../../../../arm-none-eabi/lib/thumb/v7e-m+fp/hard\libm.a(libm_a-sf_sin.o)
 .ARM.attributes
                0x00000793       0x34 C:/ST/STM32CubeIDE_1.19.0/STM32CubeIDE/plugins/com.st.stm32cube.ide.mcu.externaltools.gnu-tools-for-stm32.13.3.rel1.win32_1.0.0.202411081344/tools/bin/../lib/gcc/arm-none-eabi/13.3.1/../../../../arm-none-eabi/lib/thumb/v7e-m+fp/hard\libm.a(libm_a-sf_finite.o)
 .ARM.attributes
                0x000007c7       0x34 C:/ST/STM32CubeIDE_1.19.0/STM32CubeIDE/plugins/com.st.stm32cube.ide.mcu.externaltools.gnu-tools-for-stm32.13.3.rel1.win32_1.0.0.202411081344/tools/bin/../lib/gcc/arm-none-eabi/13.3.1/../../../../arm-none-eabi/lib/thumb/v7e-m+fp/hard\libm.a(libm_a-kf_cos.o)
 .ARM.attributes
                0x000007fb       0x34 C:/ST/STM32CubeIDE_1.19.0/STM32CubeIDE/plugins/com.st.stm32cube.ide.mcu.externaltools.gnu-tools-for-stm32.13.3.rel1.win32_1.0.0.202411081344/tools/bin/../lib/gcc/arm-none-eabi/13.3.1/../../../../arm-none-eabi/lib/thumb/v7e-m+fp/hard\libm.a(libm_a-kf_sin.o)
 .ARM.attributes
                0x0000082f       0x34 C:/ST/STM32CubeIDE_1.19.0/STM32CubeIDE/plugins/com.st.stm32cube.ide.mcu.externaltools.gnu-tools-for-stm32.13.3.rel1.win32_1.0.0.202411081344/tools/bin/../lib/gcc/arm-none-eabi/13.3.1/../../../../arm-none-eabi/lib/thumb/v7e-m+fp/hard\libm.a(libm_a-ef_exp.o)
 .ARM.attributes
                0x00000863       0x34 C:/ST/STM32CubeIDE_1.19.0/STM32CubeIDE/plugins/com.st.stm32cube.ide.mcu.externaltools.gnu-tools-for-stm32.13.3.rel1.win32_1.0.0.202411081344/tools/bin/../lib/gcc/arm-none-eabi/13.3.1/../../../../arm-none-eabi/lib/thumb/v7e-m+fp/hard\libm.a(libm_a-ef_rem_pio2.o)
 .ARM.attributes
                0x00000897       0x34 C:/ST/STM32CubeIDE_1.19.0/STM32CubeIDE/plugins/com.st.stm32cube.ide.mcu.externaltools.gnu-tools-for-stm32.13.3.rel1.win32_1.0.0.202411081344/tools/bin/../lib/gcc/arm-none-eabi/13.3.1/../../../../arm-none-eabi/lib/thumb/v7e-m+fp/hard\libm.a(libm_a-sf_fabs.o)
 .ARM.attributes
                0x000008cb       0x34 C:/ST/STM32CubeIDE_1.19.0/STM32CubeIDE/plugins/com.st.stm32cube.ide.mcu.externaltools.gnu-tools-for-stm32.13.3.rel1.win32_1.0.0.202411081344/tools/bin/../lib/gcc/arm-none-eabi/13.3.1/../../../../arm-none-eabi/lib/thumb/v7e-m+fp/hard\libm.a(libm_a-sf_scalbn.o)
 .ARM.attributes
                0x000008ff       0x34 C:/ST/STM32CubeIDE_1.19.0/STM32CubeIDE/plugins/com.st.stm32cube.ide.mcu.externaltools.gnu-tools-for-stm32.13.3.rel1.win32_1.0.0.202411081344/tools/bin/../lib/gcc/arm-none-eabi/13.3.1/../../../../arm-none-eabi/lib/thumb/v7e-m+fp/hard\libm.a(libm_a-math_errf.o)
 .ARM.attributes
                0x00000933       0x34 C:/ST/STM32CubeIDE_1.19.0/STM32CubeIDE/plugins/com.st.stm32cube.ide.mcu.externaltools.gnu-tools-for-stm32.13.3.rel1.win32_1.0.0.202411081344/tools/bin/../lib/gcc/arm-none-eabi/13.3.1/../../../../arm-none-eabi/lib/thumb/v7e-m+fp/hard\libm.a(libm_a-kf_rem_pio2.o)
 .ARM.attributes
                0x00000967       0x34 C:/ST/STM32CubeIDE_1.19.0/STM32CubeIDE/plugins/com.st.stm32cube.ide.mcu.externaltools.gnu-tools-for-stm32.13.3.rel1.win32_1.0.0.202411081344/tools/bin/../lib/gcc/arm-none-eabi/13.3.1/../../../../arm-none-eabi/lib/thumb/v7e-m+fp/hard\libm.a(libm_a-sf_floor.o)
 .ARM.attributes
                0x0000099b       0x22 C:/ST/STM32CubeIDE_1.19.0/STM32CubeIDE/plugins/com.st.stm32cube.ide.mcu.externaltools.gnu-tools-for-stm32.13.3.rel1.win32_1.0.0.202411081344/tools/bin/../lib/gcc/arm-none-eabi/13.3.1/thumb/v7e-m+fp/hard\libgcc.a(_arm_addsubdf3.o)
 .ARM.attributes
                0x000009bd       0x22 C:/ST/STM32CubeIDE_1.19.0/STM32CubeIDE/plugins/com.st.stm32cube.ide.mcu.externaltools.gnu-tools-for-stm32.13.3.rel1.win32_1.0.0.202411081344/tools/bin/../lib/gcc/arm-none-eabi/13.3.1/thumb/v7e-m+fp/hard\libgcc.a(_arm_truncdfsf2.o)
 .ARM.attributes
                0x000009df       0x22 C:/ST/STM32CubeIDE_1.19.0/STM32CubeIDE/plugins/com.st.stm32cube.ide.mcu.externaltools.gnu-tools-for-stm32.13.3.rel1.win32_1.0.0.202411081344/tools/bin/../lib/gcc/arm-none-eabi/13.3.1/thumb/v7e-m+fp/hard\libgcc.a(_aeabi_uldivmod.o)
 .ARM.attributes
                0x00000a01       0x34 C:/ST/STM32CubeIDE_1.19.0/STM32CubeIDE/plugins/com.st.stm32cube.ide.mcu.externaltools.gnu-tools-for-stm32.13.3.rel1.win32_1.0.0.202411081344/tools/bin/../lib/gcc/arm-none-eabi/13.3.1/thumb/v7e-m+fp/hard\libgcc.a(_udivmoddi4.o)
 .ARM.attributes
                0x00000a35       0x22 C:/ST/STM32CubeIDE_1.19.0/STM32CubeIDE/plugins/com.st.stm32cube.ide.mcu.externaltools.gnu-tools-for-stm32.13.3.rel1.win32_1.0.0.202411081344/tools/bin/../lib/gcc/arm-none-eabi/13.3.1/thumb/v7e-m+fp/hard\libgcc.a(_dvmd_tls.o)
 .ARM.attributes
                0x00000a57       0x22 C:/ST/STM32CubeIDE_1.19.0/STM32CubeIDE/plugins/com.st.stm32cube.ide.mcu.externaltools.gnu-tools-for-stm32.13.3.rel1.win32_1.0.0.202411081344/tools/bin/../lib/gcc/arm-none-eabi/13.3.1/thumb/v7e-m+fp/hard/crtn.o
OUTPUT(Auto_Control.elf elf32-littlearm)
LOAD linker stubs
LOAD C:/ST/STM32CubeIDE_1.19.0/STM32CubeIDE/plugins/com.st.stm32cube.ide.mcu.externaltools.gnu-tools-for-stm32.13.3.rel1.win32_1.0.0.202411081344/tools/bin/../lib/gcc/arm-none-eabi/13.3.1/../../../../arm-none-eabi/lib/thumb/v7e-m+fp/hard\libc.a
LOAD C:/ST/STM32CubeIDE_1.19.0/STM32CubeIDE/plugins/com.st.stm32cube.ide.mcu.externaltools.gnu-tools-for-stm32.13.3.rel1.win32_1.0.0.202411081344/tools/bin/../lib/gcc/arm-none-eabi/13.3.1/../../../../arm-none-eabi/lib/thumb/v7e-m+fp/hard\libm.a
LOAD C:/ST/STM32CubeIDE_1.19.0/STM32CubeIDE/plugins/com.st.stm32cube.ide.mcu.externaltools.gnu-tools-for-stm32.13.3.rel1.win32_1.0.0.202411081344/tools/bin/../lib/gcc/arm-none-eabi/13.3.1/thumb/v7e-m+fp/hard\libgcc.a

.debug_info     0x00000000    0x1df19
 .debug_info    0x00000000      0x1dd ./Core/Src/DistFF.o
 .debug_info    0x000001dd      0x228 ./Core/Src/ENCODER.o
 .debug_info    0x00000405      0x6cc ./Core/Src/Kalman4.o
 .debug_info    0x00000ad1      0x2c0 ./Core/Src/REF_FEEDFORWARD.o
 .debug_info    0x00000d91      0x440 ./Core/Src/SCURVE.o
 .debug_info    0x000011d1      0x329 ./Core/Src/TRAPEZOID.o
 .debug_info    0x000014fa     0x377a ./Core/Src/main.o
 .debug_info    0x00004c74     0x1acf ./Core/Src/stm32g4xx_hal_msp.o
 .debug_info    0x00006743      0x8cb ./Core/Src/stm32g4xx_it.o
 .debug_info    0x0000700e      0x58e ./Core/Src/system_stm32g4xx.o
 .debug_info    0x0000759c       0x30 ./Core/Startup/startup_stm32g474retx.o
 .debug_info    0x000075cc      0xb95 ./Drivers/STM32G4xx_HAL_Driver/Src/stm32g4xx_hal.o
 .debug_info    0x00008161     0x2063 ./Drivers/STM32G4xx_HAL_Driver/Src/stm32g4xx_hal_adc.o
 .debug_info    0x0000a1c4     0x1d80 ./Drivers/STM32G4xx_HAL_Driver/Src/stm32g4xx_hal_adc_ex.o
 .debug_info    0x0000bf44      0xdf9 ./Drivers/STM32G4xx_HAL_Driver/Src/stm32g4xx_hal_cortex.o
 .debug_info    0x0000cd3d      0x772 ./Drivers/STM32G4xx_HAL_Driver/Src/stm32g4xx_hal_gpio.o
 .debug_info    0x0000d4af      0x944 ./Drivers/STM32G4xx_HAL_Driver/Src/stm32g4xx_hal_pwr_ex.o
 .debug_info    0x0000ddf3      0xbf9 ./Drivers/STM32G4xx_HAL_Driver/Src/stm32g4xx_hal_rcc.o
 .debug_info    0x0000e9ec      0xc5d ./Drivers/STM32G4xx_HAL_Driver/Src/stm32g4xx_hal_rcc_ex.o
 .debug_info    0x0000f649     0x2c52 ./Drivers/STM32G4xx_HAL_Driver/Src/stm32g4xx_hal_tim.o
 .debug_info    0x0001229b     0x1d95 ./Drivers/STM32G4xx_HAL_Driver/Src/stm32g4xx_hal_tim_ex.o
 .debug_info    0x00014030     0x4854 ./Drivers/STM32G4xx_HAL_Driver/Src/stm32g4xx_hal_uart.o
 .debug_info    0x00018884      0xfdc ./Drivers/STM32G4xx_HAL_Driver/Src/stm32g4xx_hal_uart_ex.o
 .debug_info    0x00019860      0xae0 ../Middlewares/Third_Party/ARM_CMSIS/CMSIS/DSP/Lib/GCC\libarm_cortexM4lf_math.a(arm_copy_f32.o)
 .debug_info    0x0001a340      0xc1e ../Middlewares/Third_Party/ARM_CMSIS/CMSIS/DSP/Lib/GCC\libarm_cortexM4lf_math.a(arm_mat_trans_f32.o)
 .debug_info    0x0001af5e      0xbf9 ../Middlewares/Third_Party/ARM_CMSIS/CMSIS/DSP/Lib/GCC\libarm_cortexM4lf_math.a(arm_mat_sub_f32.o)
 .debug_info    0x0001bb57      0xcbd ../Middlewares/Third_Party/ARM_CMSIS/CMSIS/DSP/Lib/GCC\libarm_cortexM4lf_math.a(arm_mat_mult_f32.o)
 .debug_info    0x0001c814      0xb0c ../Middlewares/Third_Party/ARM_CMSIS/CMSIS/DSP/Lib/GCC\libarm_cortexM4lf_math.a(arm_mat_init_f32.o)
 .debug_info    0x0001d320      0xbf9 ../Middlewares/Third_Party/ARM_CMSIS/CMSIS/DSP/Lib/GCC\libarm_cortexM4lf_math.a(arm_mat_add_f32.o)

.debug_abbrev   0x00000000     0x3c61
 .debug_abbrev  0x00000000       0xe1 ./Core/Src/DistFF.o
 .debug_abbrev  0x000000e1      0x120 ./Core/Src/ENCODER.o
 .debug_abbrev  0x00000201      0x200 ./Core/Src/Kalman4.o
 .debug_abbrev  0x00000401      0x100 ./Core/Src/REF_FEEDFORWARD.o
 .debug_abbrev  0x00000501      0x14a ./Core/Src/SCURVE.o
 .debug_abbrev  0x0000064b      0x139 ./Core/Src/TRAPEZOID.o
 .debug_abbrev  0x00000784      0x3af ./Core/Src/main.o
 .debug_abbrev  0x00000b33      0x272 ./Core/Src/stm32g4xx_hal_msp.o
 .debug_abbrev  0x00000da5      0x1c4 ./Core/Src/stm32g4xx_it.o
 .debug_abbrev  0x00000f69      0x11a ./Core/Src/system_stm32g4xx.o
 .debug_abbrev  0x00001083       0x24 ./Core/Startup/startup_stm32g474retx.o
 .debug_abbrev  0x000010a7      0x271 ./Drivers/STM32G4xx_HAL_Driver/Src/stm32g4xx_hal.o
 .debug_abbrev  0x00001318      0x2d3 ./Drivers/STM32G4xx_HAL_Driver/Src/stm32g4xx_hal_adc.o
 .debug_abbrev  0x000015eb      0x2ee ./Drivers/STM32G4xx_HAL_Driver/Src/stm32g4xx_hal_adc_ex.o
 .debug_abbrev  0x000018d9      0x31c ./Drivers/STM32G4xx_HAL_Driver/Src/stm32g4xx_hal_cortex.o
 .debug_abbrev  0x00001bf5      0x1d2 ./Drivers/STM32G4xx_HAL_Driver/Src/stm32g4xx_hal_gpio.o
 .debug_abbrev  0x00001dc7      0x22c ./Drivers/STM32G4xx_HAL_Driver/Src/stm32g4xx_hal_pwr_ex.o
 .debug_abbrev  0x00001ff3      0x2c9 ./Drivers/STM32G4xx_HAL_Driver/Src/stm32g4xx_hal_rcc.o
 .debug_abbrev  0x000022bc      0x261 ./Drivers/STM32G4xx_HAL_Driver/Src/stm32g4xx_hal_rcc_ex.o
 .debug_abbrev  0x0000251d      0x2a7 ./Drivers/STM32G4xx_HAL_Driver/Src/stm32g4xx_hal_tim.o
 .debug_abbrev  0x000027c4      0x2c5 ./Drivers/STM32G4xx_HAL_Driver/Src/stm32g4xx_hal_tim_ex.o
 .debug_abbrev  0x00002a89      0x304 ./Drivers/STM32G4xx_HAL_Driver/Src/stm32g4xx_hal_uart.o
 .debug_abbrev  0x00002d8d      0x2d2 ./Drivers/STM32G4xx_HAL_Driver/Src/stm32g4xx_hal_uart_ex.o
 .debug_abbrev  0x0000305f      0x1eb ../Middlewares/Third_Party/ARM_CMSIS/CMSIS/DSP/Lib/GCC\libarm_cortexM4lf_math.a(arm_copy_f32.o)
 .debug_abbrev  0x0000324a      0x216 ../Middlewares/Third_Party/ARM_CMSIS/CMSIS/DSP/Lib/GCC\libarm_cortexM4lf_math.a(arm_mat_trans_f32.o)
 .debug_abbrev  0x00003460      0x202 ../Middlewares/Third_Party/ARM_CMSIS/CMSIS/DSP/Lib/GCC\libarm_cortexM4lf_math.a(arm_mat_sub_f32.o)
 .debug_abbrev  0x00003662      0x216 ../Middlewares/Third_Party/ARM_CMSIS/CMSIS/DSP/Lib/GCC\libarm_cortexM4lf_math.a(arm_mat_mult_f32.o)
 .debug_abbrev  0x00003878      0x1e7 ../Middlewares/Third_Party/ARM_CMSIS/CMSIS/DSP/Lib/GCC\libarm_cortexM4lf_math.a(arm_mat_init_f32.o)
 .debug_abbrev  0x00003a5f      0x202 ../Middlewares/Third_Party/ARM_CMSIS/CMSIS/DSP/Lib/GCC\libarm_cortexM4lf_math.a(arm_mat_add_f32.o)

.debug_aranges  0x00000000     0x1640
 .debug_aranges
                0x00000000       0x30 ./Core/Src/DistFF.o
 .debug_aranges
                0x00000030       0x28 ./Core/Src/ENCODER.o
 .debug_aranges
                0x00000058       0x30 ./Core/Src/Kalman4.o
 .debug_aranges