2026-05-18 16:49:00,870 [INFO] Activator:176 - 


2026-05-18 16:49:00,875 [INFO] Activator:177 - !SESSION log4j initialized
2026-05-18 16:49:08,063 [INFO] LogOutputStream:77 - [STDOUT_REDIRECT] 
2026-05-18 16:49:08,668 [ERROR] ConfigurationRetriever:142 - IOException on connection: sw-center.st.com
2026-05-18 16:49:08,668 [ERROR] ConfigurationRetriever:142 - IOException on connection: sw-center.st.com
2026-05-18 16:49:08,669 [ERROR] ConfigurationRetriever:142 - IOException on connection: sw-center.st.com
2026-05-18 16:49:08,671 [ERROR] ConfigurationRetriever:142 - IOException on connection: sw-center.st.com
2026-05-18 16:49:08,673 [ERROR] ConfigurationRetriever:142 - IOException on connection: sw-center.st.com
2026-05-18 16:49:08,673 [ERROR] ConfigurationRetriever:142 - IOException on connection: sw-center.st.com
2026-05-18 16:49:09,699 [INFO] ApplicationProperties:184 - Using Application install path: C:\ST\STM32CubeIDE_1.19.0\STM32CubeIDE\plugins\com.st.stm32cube.common.mx_6.15.0.202507011659
2026-05-18 16:49:09,764 [INFO] DbMcusXml:78 - Set database path to: C:\ST\STM32CubeIDE_1.19.0\STM32CubeIDE\plugins\com.st.stm32cube.common.mx_6.15.0.202507011659\\db\/mcu/
2026-05-18 16:49:09,764 [INFO] ApiDb:274 - Set plugin database path to: C:\ST\STM32CubeIDE_1.19.0\STM32CubeIDE\plugins\com.st.stm32cube.common.mx_6.15.0.202507011659\\db\/plugins/boardmanager/
2026-05-18 16:49:09,765 [WARN] ApiDb:259 - Overriding images path with different value:  => C:\ST\STM32CubeIDE_1.19.0\STM32CubeIDE\plugins\com.st.stm32cube.common.mx_6.15.0.202507011659\\db\/plugins/mcufinder/images/
2026-05-18 16:49:09,794 [INFO] ApiDb:250 - Set database path to: C:\Users\User\.stmcufinder\plugins\mcufinder//mcu/
2026-05-18 16:49:09,797 [INFO] DbMcusAds:125 - Set database path to: C:\Users\User\.stmcufinder\plugins\mcufinder//mcu/
2026-05-18 16:49:09,800 [INFO] CrossReferenceDbSqlite:203 - Set database path to: C:\Users\User\.stmcufinder\plugins\mcufinder//mcu/cs/
2026-05-18 16:49:09,951 [INFO] RulesReader:64 - Compatibility file has been processed (317 Rules)
2026-05-18 16:49:10,043 [INFO] DbMcusXml:78 - Set database path to: C:\ST\STM32CubeIDE_1.19.0\STM32CubeIDE\plugins\com.st.stm32cube.common.mx_6.15.0.202507011659\\db\/mcu/
2026-05-18 16:49:10,043 [INFO] ApiDb:274 - Set plugin database path to: C:\ST\STM32CubeIDE_1.19.0\STM32CubeIDE\plugins\com.st.stm32cube.common.mx_6.15.0.202507011659\\db\/plugins/boardmanager/
2026-05-18 16:49:10,043 [INFO] ApiDb:261 - Set plugin images path to: C:\ST\STM32CubeIDE_1.19.0\STM32CubeIDE\plugins\com.st.stm32cube.common.mx_6.15.0.202507011659\\db\/plugins/mcufinder/images/
2026-05-18 16:49:10,044 [WARN] DbFile:41 - Overriding database path with different value: C:\Users\User\.stmcufinder\plugins\mcufinder/ => C:\Users\User\.stmcufinder\plugins\mcufinder
2026-05-18 16:49:10,044 [INFO] ApiDb:250 - Set database path to: C:\Users\User\.stmcufinder\plugins\mcufinder//mcu/
2026-05-18 16:49:10,044 [WARN] DbFile:41 - Overriding database path with different value: C:\Users\User\.stmcufinder\plugins\mcufinder/ => C:\Users\User\.stmcufinder\plugins\mcufinder
2026-05-18 16:49:10,044 [INFO] DbMcusAds:125 - Set database path to: C:\Users\User\.stmcufinder\plugins\mcufinder//mcu/
2026-05-18 16:49:10,044 [WARN] DbFile:41 - Overriding database path with different value: C:\Users\User\.stmcufinder\plugins\mcufinder/ => C:\Users\User\.stmcufinder\plugins\mcufinder
2026-05-18 16:49:10,044 [WARN] DbFile:41 - Overriding database path with different value: C:\Users\User\.stmcufinder\plugins\mcufinder/ => C:\Users\User\.stmcufinder\plugins\mcufinder
2026-05-18 16:49:10,044 [INFO] CrossReferenceDbSqlite:203 - Set database path to: C:\Users\User\.stmcufinder\plugins\mcufinder//mcu/cs/
2026-05-18 16:49:10,119 [INFO] MainPanel:274 - HeapMemory: 268435456
2026-05-18 16:49:10,299 [INFO] DbMcusXml:78 - Set database path to: C:\ST\STM32CubeIDE_1.19.0\STM32CubeIDE\plugins\com.st.stm32cube.common.mx_6.15.0.202507011659\\db\/mcu/
2026-05-18 16:49:10,299 [INFO] ApiDb:274 - Set plugin database path to: C:\ST\STM32CubeIDE_1.19.0\STM32CubeIDE\plugins\com.st.stm32cube.common.mx_6.15.0.202507011659\\db\/plugins/boardmanager/
2026-05-18 16:49:10,299 [INFO] ApiDb:261 - Set plugin images path to: C:\ST\STM32CubeIDE_1.19.0\STM32CubeIDE\plugins\com.st.stm32cube.common.mx_6.15.0.202507011659\\db\/plugins/mcufinder/images/
2026-05-18 16:49:10,299 [WARN] DbFile:41 - Overriding database path with different value: C:\Users\User\.stmcufinder\plugins\mcufinder/ => C:\Users\User\.stmcufinder\plugins\mcufinder
2026-05-18 16:49:10,299 [INFO] ApiDb:250 - Set database path to: C:\Users\User\.stmcufinder\plugins\mcufinder//mcu/
2026-05-18 16:49:10,299 [WARN] DbFile:41 - Overriding database path with different value: C:\Users\User\.stmcufinder\plugins\mcufinder/ => C:\Users\User\.stmcufinder\plugins\mcufinder
2026-05-18 16:49:10,299 [INFO] DbMcusAds:125 - Set database path to: C:\Users\User\.stmcufinder\plugins\mcufinder//mcu/
2026-05-18 16:49:10,300 [WARN] DbFile:41 - Overriding database path with different value: C:\Users\User\.stmcufinder\plugins\mcufinder/ => C:\Users\User\.stmcufinder\plugins\mcufinder
2026-05-18 16:49:10,300 [WARN] DbFile:41 - Overriding database path with different value: C:\Users\User\.stmcufinder\plugins\mcufinder/ => C:\Users\User\.stmcufinder\plugins\mcufinder
2026-05-18 16:49:10,300 [INFO] CrossReferenceDbSqlite:203 - Set database path to: C:\Users\User\.stmcufinder\plugins\mcufinder//mcu/cs/
2026-05-18 16:49:10,319 [INFO] ApplicationProperties:184 - Using Application install path: C:\ST\STM32CubeIDE_1.19.0\STM32CubeIDE\plugins\com.st.stm32cube.common.mx_6.15.0.202507011659
2026-05-18 16:49:10,321 [INFO] PluginManage:196 - Search for loadable plugins [exclusion list=, ]
2026-05-18 16:49:10,323 [INFO] PluginManage:310 - Check plugin analytics
2026-05-18 16:49:10,470 [INFO] AnalyticsPlugin:253 - Accepted Software Licenses: STM32CubeMX.6.15.0
2026-05-18 16:49:10,470 [INFO] AnalyticsPlugin:255 - Accepted CMSIS Pack Licenses: 
2026-05-18 16:49:10,470 [INFO] AnalyticsPlugin:257 - Accepted Firmware Licenses: FW.G4.1.6.0,FW.G4.1.5.0
2026-05-18 16:49:10,472 [INFO] PluginManage:359 - Loaded plugin analytics (category:tool,tabindex:-1)
2026-05-18 16:49:10,472 [INFO] PluginManage:310 - Check plugin cadmodel
2026-05-18 16:49:10,472 [ERROR] ConfigurationRetriever:142 - IOException on connection: sw-center.st.com
2026-05-18 16:49:10,473 [ERROR] ConfigurationRetriever:142 - IOException on connection: sw-center.st.com
2026-05-18 16:49:10,473 [ERROR] ConfigurationRetriever:142 - IOException on connection: sw-center.st.com
2026-05-18 16:49:10,526 [INFO] CADModel:105 - Init CAD model plugin
2026-05-18 16:49:10,528 [INFO] PluginManage:359 - Loaded plugin cadmodel (category:power,tabindex:5)
2026-05-18 16:49:10,530 [INFO] PluginManage:310 - Check plugin clock
2026-05-18 16:49:10,622 [INFO] PluginManage:359 - Loaded plugin clock (category:base,tabindex:2)
2026-05-18 16:49:10,622 [INFO] PluginManage:310 - Check plugin ddr
2026-05-18 16:49:10,629 [INFO] PluginManage:359 - Loaded plugin ddr (category:tool,tabindex:6)
2026-05-18 16:49:10,629 [INFO] PluginManage:310 - Check plugin filemanager
2026-05-18 16:49:10,801 [INFO] PluginManage:359 - Loaded plugin filemanager (category:base,tabindex:10)
2026-05-18 16:49:10,801 [INFO] PluginManage:310 - Check plugin ipmanager
2026-05-18 16:49:10,808 [INFO] PluginManage:359 - Loaded plugin ipmanager (category:base,tabindex:5)
2026-05-18 16:49:10,808 [INFO] PluginManage:310 - Check plugin lpbam
2026-05-18 16:49:10,825 [INFO] PluginManage:359 - Loaded plugin lpbam (category:base,tabindex:0)
2026-05-18 16:49:10,825 [INFO] PluginManage:310 - Check plugin memorymap
2026-05-18 16:49:10,851 [INFO] PluginManage:359 - Loaded plugin memorymap (category:base,tabindex:4)
2026-05-18 16:49:10,852 [INFO] PluginManage:310 - Check plugin pinoutandconfiguration
2026-05-18 16:49:10,886 [INFO] PluginManage:359 - Loaded plugin pinoutandconfiguration (category:base,tabindex:1)
2026-05-18 16:49:10,886 [INFO] PluginManage:310 - Check plugin pinoutconfig
2026-05-18 16:49:11,022 [WARN] SupportedApi:132 - Cannot load RTOS API schema: s4s-elt-must-match.1: The content of 'definitions' must match (annotation?, (simpleType | complexType)?, (unique | key | keyref)*)). A problem was found starting at: attribute.
2026-05-18 16:49:11,140 [INFO] PluginManage:359 - Loaded plugin pinoutconfig (category:base,tabindex:0)
2026-05-18 16:49:11,140 [INFO] PluginManage:310 - Check plugin power
2026-05-18 16:49:11,167 [INFO] PluginManage:359 - Loaded plugin power (category:power,tabindex:4)
2026-05-18 16:49:11,167 [INFO] PluginManage:310 - Check plugin projectmanager
2026-05-18 16:49:11,190 [INFO] PluginManage:359 - Loaded plugin projectmanager (category:projectmanager,tabindex:4)
2026-05-18 16:49:11,191 [INFO] PluginManage:310 - Check plugin rif
2026-05-18 16:49:11,212 [INFO] PluginManage:359 - Loaded plugin rif (category:base,tabindex:3)
2026-05-18 16:49:11,212 [INFO] PluginManage:310 - Check plugin thirdparty
2026-05-18 16:49:11,826 [INFO] PluginManage:359 - Loaded plugin thirdparty (category:base,tabindex:-1)
2026-05-18 16:49:11,827 [WARN] IntegrityCheckThread:84 - waiting for thirdparty lock release [integrity check]
2026-05-18 16:49:11,827 [INFO] PluginManage:310 - Check plugin tools
2026-05-18 16:49:11,827 [INFO] IntegrityCheckThread:86 - entering critical section [integrity check]
2026-05-18 16:49:11,827 [INFO] ThirdPartyUpdaterWithRetryManager:70 - Updater plugin not ready yet. [1/15]
2026-05-18 16:49:12,002 [INFO] PluginManage:359 - Loaded plugin tools (category:base,tabindex:7)
2026-05-18 16:49:12,003 [INFO] PluginManage:310 - Check plugin tutovideos
2026-05-18 16:49:12,457 [INFO] PluginManage:359 - Loaded plugin tutovideos (category:base,tabindex:-1)
2026-05-18 16:49:12,457 [INFO] PluginManage:310 - Check plugin updater
2026-05-18 16:49:12,476 [INFO] PluginManage:359 - Loaded plugin updater (category:base,tabindex:12)
2026-05-18 16:49:12,476 [INFO] PluginManage:310 - Check plugin userauth
2026-05-18 16:49:12,480 [INFO] UserAuth:118 - Init User Auth plugin
2026-05-18 16:49:12,481 [INFO] PluginManage:359 - Loaded plugin userauth (category:base,tabindex:14)
2026-05-18 16:49:12,481 [INFO] PluginManage:283 - PluginManage : Loaded plugins [18]
2026-05-18 16:49:12,704 [INFO] PinOutPanel:1589 - setPackage(No Configuration,No Configuration)
2026-05-18 16:49:12,800 [INFO] CADModel:165 - CPN selected for project level
2026-05-18 16:49:12,801 [INFO] CADModel:114 - Register for checkConnection events
2026-05-18 16:49:12,827 [INFO] IPUIPlugin:80 - create IPUIPlugin
2026-05-18 16:49:12,827 [INFO] PluginManager:220 - loadIPPluginJar : add adc
2026-05-18 16:49:12,999 [INFO] IPUIPlugin:80 - create IPUIPlugin
2026-05-18 16:49:13,000 [INFO] PluginManager:220 - loadIPPluginJar : add aes
2026-05-18 16:49:13,241 [INFO] IPUIPlugin:80 - create IPUIPlugin
2026-05-18 16:49:13,242 [INFO] PluginManager:220 - loadIPPluginJar : add can
2026-05-18 16:49:13,376 [INFO] IPUIPlugin:80 - create IPUIPlugin
2026-05-18 16:49:13,377 [INFO] PluginManager:220 - loadIPPluginJar : add comp
2026-05-18 16:49:13,564 [INFO] IPUIPlugin:80 - create IPUIPlugin
2026-05-18 16:49:13,565 [INFO] PluginManager:220 - loadIPPluginJar : add cryp
2026-05-18 16:49:13,629 [INFO] IPUIPlugin:80 - create IPUIPlugin
2026-05-18 16:49:13,630 [INFO] PluginManager:220 - loadIPPluginJar : add ddr_ctrl_phy
2026-05-18 16:49:13,796 [INFO] IPUIPlugin:80 - create IPUIPlugin
2026-05-18 16:49:13,796 [INFO] PluginManager:220 - loadIPPluginJar : add dfsdm
2026-05-18 16:49:13,875 [INFO] IPUIPlugin:80 - create IPUIPlugin
2026-05-18 16:49:13,878 [INFO] PluginManager:220 - loadIPPluginJar : add dma
2026-05-18 16:49:14,061 [INFO] IPUIPlugin:80 - create IPUIPlugin
2026-05-18 16:49:14,062 [INFO] PluginManager:220 - loadIPPluginJar : add dma3
2026-05-18 16:49:14,272 [INFO] IPUIPlugin:80 - create IPUIPlugin
2026-05-18 16:49:14,274 [INFO] PluginManager:220 - loadIPPluginJar : add extmemmanager
2026-05-18 16:49:14,382 [INFO] IPUIPlugin:80 - create IPUIPlugin
2026-05-18 16:49:14,384 [INFO] PluginManager:220 - loadIPPluginJar : add fatfs
2026-05-18 16:49:14,619 [INFO] IPUIPlugin:80 - create IPUIPlugin
2026-05-18 16:49:14,620 [INFO] PluginManager:220 - loadIPPluginJar : add fmc
2026-05-18 16:49:14,667 [INFO] IPUIPlugin:80 - create IPUIPlugin
2026-05-18 16:49:14,668 [INFO] PluginManager:220 - loadIPPluginJar : add freertos
2026-05-18 16:49:14,756 [INFO] IPUIPlugin:80 - create IPUIPlugin
2026-05-18 16:49:14,757 [INFO] PluginManager:220 - loadIPPluginJar : add genericplugin
2026-05-18 16:49:14,831 [INFO] ThirdPartyUpdaterWithRetryManager:70 - Updater plugin not ready yet. [2/15]
2026-05-18 16:49:15,165 [INFO] IPUIPlugin:80 - create IPUIPlugin
2026-05-18 16:49:15,167 [INFO] PluginManager:220 - loadIPPluginJar : add gfxmmu
2026-05-18 16:49:15,894 [INFO] IPUIPlugin:80 - create IPUIPlugin
2026-05-18 16:49:15,896 [INFO] PluginManager:220 - loadIPPluginJar : add gic
2026-05-18 16:49:15,953 [INFO] IPUIPlugin:80 - create IPUIPlugin
2026-05-18 16:49:15,953 [INFO] PluginManager:220 - loadIPPluginJar : add gpio
2026-05-18 16:49:16,225 [INFO] IPUIPlugin:80 - create IPUIPlugin
2026-05-18 16:49:16,225 [INFO] PluginManager:220 - loadIPPluginJar : add gtzc
2026-05-18 16:49:16,317 [INFO] IPUIPlugin:80 - create IPUIPlugin
2026-05-18 16:49:16,317 [INFO] PluginManager:220 - loadIPPluginJar : add hash
2026-05-18 16:49:16,438 [INFO] IPUIPlugin:80 - create IPUIPlugin
2026-05-18 16:49:16,438 [INFO] PluginManager:220 - loadIPPluginJar : add i2c
2026-05-18 16:49:16,528 [INFO] IPUIPlugin:80 - create IPUIPlugin
2026-05-18 16:49:16,528 [INFO] PluginManager:220 - loadIPPluginJar : add i2s
2026-05-18 16:49:16,625 [INFO] IPUIPlugin:80 - create IPUIPlugin
2026-05-18 16:49:16,625 [INFO] PluginManager:220 - loadIPPluginJar : add i3c
2026-05-18 16:49:16,855 [INFO] IPUIPlugin:80 - create IPUIPlugin
2026-05-18 16:49:16,855 [INFO] PluginManager:220 - loadIPPluginJar : add ipddr
2026-05-18 16:49:17,231 [INFO] IPUIPlugin:80 - create IPUIPlugin
2026-05-18 16:49:17,231 [INFO] PluginManager:220 - loadIPPluginJar : add linkedlist
2026-05-18 16:49:17,312 [INFO] IPUIPlugin:80 - create IPUIPlugin
2026-05-18 16:49:17,312 [INFO] PluginManager:220 - loadIPPluginJar : add lorawan
2026-05-18 16:49:17,401 [INFO] IPUIPlugin:80 - create IPUIPlugin
2026-05-18 16:49:17,401 [INFO] PluginManager:220 - loadIPPluginJar : add ltdc
2026-05-18 16:49:17,424 [INFO] IPUIPlugin:80 - create IPUIPlugin
2026-05-18 16:49:17,424 [INFO] PluginManager:220 - loadIPPluginJar : add mdma
2026-05-18 16:49:17,443 [INFO] IPUIPlugin:80 - create IPUIPlugin
2026-05-18 16:49:17,443 [INFO] PluginManager:220 - loadIPPluginJar : add nvic
2026-05-18 16:49:17,528 [INFO] IPUIPlugin:80 - create IPUIPlugin
2026-05-18 16:49:17,528 [INFO] PluginManager:220 - loadIPPluginJar : add opamp
2026-05-18 16:49:17,831 [INFO] IPUIPlugin:80 - create IPUIPlugin
2026-05-18 16:49:17,832 [INFO] PluginManager:220 - loadIPPluginJar : add openamp
2026-05-18 16:49:17,833 [INFO] ThirdPartyUpdaterWithRetryManager:70 - Updater plugin not ready yet. [3/15]
2026-05-18 16:49:17,977 [INFO] IPUIPlugin:80 - create IPUIPlugin
2026-05-18 16:49:17,978 [INFO] PluginManager:220 - loadIPPluginJar : add pdm2pcm
2026-05-18 16:49:18,002 [INFO] IPUIPlugin:80 - create IPUIPlugin
2026-05-18 16:49:18,007 [INFO] PluginManager:220 - loadIPPluginJar : add plateformsettings
2026-05-18 16:49:18,057 [INFO] IPUIPlugin:80 - create IPUIPlugin
2026-05-18 16:49:18,057 [INFO] PluginManager:220 - loadIPPluginJar : add quadspi
2026-05-18 16:49:18,128 [INFO] IPUIPlugin:80 - create IPUIPlugin
2026-05-18 16:49:18,129 [INFO] PluginManager:220 - loadIPPluginJar : add radio
2026-05-18 16:49:18,156 [INFO] IPUIPlugin:80 - create IPUIPlugin
2026-05-18 16:49:18,156 [INFO] PluginManager:220 - loadIPPluginJar : add resmgrutility
2026-05-18 16:49:18,301 [INFO] IPUIPlugin:80 - create IPUIPlugin
2026-05-18 16:49:18,301 [INFO] PluginManager:220 - loadIPPluginJar : add sai
2026-05-18 16:49:18,389 [INFO] IPUIPlugin:80 - create IPUIPlugin
2026-05-18 16:49:18,389 [INFO] PluginManager:220 - loadIPPluginJar : add spi
2026-05-18 16:49:18,538 [INFO] IPUIPlugin:80 - create IPUIPlugin
2026-05-18 16:49:18,538 [INFO] PluginManager:220 - loadIPPluginJar : add stm32_wpan
2026-05-18 16:49:18,611 [INFO] IPUIPlugin:80 - create IPUIPlugin
2026-05-18 16:49:18,612 [INFO] PluginManager:220 - loadIPPluginJar : add tim
2026-05-18 16:49:18,775 [INFO] IPUIPlugin:80 - create IPUIPlugin
2026-05-18 16:49:18,775 [INFO] PluginManager:220 - loadIPPluginJar : add touchsensing
2026-05-18 16:49:18,968 [INFO] IPUIPlugin:80 - create IPUIPlugin
2026-05-18 16:49:18,968 [INFO] PluginManager:220 - loadIPPluginJar : add tracer_emb
2026-05-18 16:49:19,022 [INFO] IPUIPlugin:80 - create IPUIPlugin
2026-05-18 16:49:19,022 [INFO] PluginManager:220 - loadIPPluginJar : add ts
2026-05-18 16:49:19,071 [INFO] IPUIPlugin:80 - create IPUIPlugin
2026-05-18 16:49:19,071 [INFO] PluginManager:220 - loadIPPluginJar : add tsc
2026-05-18 16:49:19,127 [INFO] IPUIPlugin:80 - create IPUIPlugin
2026-05-18 16:49:19,127 [INFO] PluginManager:220 - loadIPPluginJar : add ucpd
2026-05-18 16:49:19,256 [INFO] IPUIPlugin:80 - create IPUIPlugin
2026-05-18 16:49:19,257 [INFO] PluginManager:220 - loadIPPluginJar : add usart
2026-05-18 16:49:19,368 [INFO] IPUIPlugin:80 - create IPUIPlugin
2026-05-18 16:49:19,368 [INFO] PluginManager:220 - loadIPPluginJar : add usbx
2026-05-18 16:49:19,516 [FATAL] Updater:351 - Updater called before beeing initialized
2026-05-18 16:49:19,557 [INFO] RulesReader:64 - Compatibility file has been processed (317 Rules)
2026-05-18 16:49:19,572 [INFO] RulesReader:64 - Compatibility file has been processed (317 Rules)
2026-05-18 16:49:19,585 [INFO] CADModel:165 - CPN selected for project level
2026-05-18 16:49:19,586 [INFO] CADModel:114 - Register for checkConnection events
2026-05-18 16:49:19,586 [FATAL] Updater:351 - Updater called before beeing initialized
2026-05-18 16:49:19,586 [ERROR] CADModel:125 - Updater not yet initialized, retry later 
2026-05-18 16:49:19,817 [FATAL] Updater:351 - Updater called before beeing initialized
2026-05-18 16:49:19,820 [INFO] CADModel:165 - CPN selected for project level
2026-05-18 16:49:19,820 [INFO] CADModel:114 - Register for checkConnection events
2026-05-18 16:49:19,821 [FATAL] Updater:351 - Updater called before beeing initialized
2026-05-18 16:49:19,821 [ERROR] CADModel:125 - Updater not yet initialized, retry later 
2026-05-18 16:49:19,825 [FATAL] Updater:351 - Updater called before beeing initialized
2026-05-18 16:49:20,082 [FATAL] Updater:351 - Updater called before beeing initialized
2026-05-18 16:49:20,110 [INFO] DbMcusAds:53 - JSON generation date=Mon Apr 27 15:14:29 ICT 2026 (1777277669577)
2026-05-18 16:49:20,111 [FATAL] Updater:351 - Updater called before beeing initialized
2026-05-18 16:49:20,181 [WARN] DetailPanel:346 - Failed to get advertising image, set to default
2026-05-18 16:49:20,350 [FATAL] Updater:351 - Updater called before beeing initialized
2026-05-18 16:49:20,353 [FATAL] Updater:351 - Updater called before beeing initialized
2026-05-18 16:49:20,353 [FATAL] Updater:351 - Updater called before beeing initialized
2026-05-18 16:49:20,353 [WARN] DetailPanel:346 - Failed to get advertising image, set to default
2026-05-18 16:49:20,355 [FATAL] Updater:351 - Updater called before beeing initialized
2026-05-18 16:49:20,582 [ERROR] Updater:1198 - MainUpdater not yet initialized. External WinMGr cannot be set.
2026-05-18 16:49:20,597 [INFO] Updater:1134 - Updater Version found : 6.15.0
2026-05-18 16:49:20,621 [INFO] ApplicationProperties:184 - Using Application install path: C:\ST\STM32CubeIDE_1.19.0\STM32CubeIDE\plugins\com.st.stm32cube.common.mx_6.15.0.202507011659
2026-05-18 16:49:20,834 [INFO] ThirdPartyUpdaterWithRetryManager:70 - Updater plugin not ready yet. [4/15]
2026-05-18 16:49:22,208 [ERROR] LogOutputStream:75 - [STDERR_REDIRECT] May 18, 2026 4:49:22 PM java.util.prefs.WindowsPreferences <init>
2026-05-18 16:49:22,209 [ERROR] LogOutputStream:75 - [STDERR_REDIRECT] WARNING: Could not open/create prefs root node Software\JavaSoft\Prefs at root 0xffffffff80000002. Windows RegCreateKeyEx(...) returned error code 5.
2026-05-18 16:49:22,210 [ERROR] LogOutputStream:75 - [STDERR_REDIRECT] 
2026-05-18 16:49:22,682 [INFO] MainUpdater:2872 - connection check result : 22
2026-05-18 16:49:22,682 [INFO] MainUpdater:289 - Updater Check For Update Now.
2026-05-18 16:49:22,682 [INFO] MicroXplorer:498 - Change Database Version : DB.6.0.150
2026-05-18 16:49:22,711 [INFO] McuFinderGlobals:63 - Set McuFinder mode to 2 (CubeIDE integrated)
2026-05-18 16:49:22,724 [INFO] UserAuth:487 - Internet connection configuration mode: 2
2026-05-18 16:49:22,738 [INFO] UserAuth:487 - Internet connection configuration mode: 2
2026-05-18 16:49:22,907 [INFO] CheckServerUpdateThread:120 - End of CheckServer Thread
2026-05-18 16:49:24,145 [WARN] PackLoader:240 - Cannot read IP mode file for STMicroelectronics.X-CUBE-AZRTOS-H7.3.5.0
2026-05-18 16:49:24,164 [WARN] PackLoader:240 - Cannot read IP mode file for STMicroelectronics.FP-SNS-MOTENVWB1.1.4.0
2026-05-18 16:49:24,179 [WARN] PackLoader:240 - Cannot read IP mode file for STMicroelectronics.FP-ATR-ASTRA1.2.0.2
2026-05-18 16:49:24,194 [WARN] PackLoader:240 - Cannot read IP mode file for STMicroelectronics.X-CUBE-SMBUS.2.1.0
2026-05-18 16:49:24,209 [WARN] PackLoader:240 - Cannot read IP mode file for STMicroelectronics.X-CUBE-ST60.1.0.0
2026-05-18 16:49:24,241 [WARN] PackLoader:240 - Cannot read IP mode file for STMicroelectronics.X-CUBE-AZRTOS-F7.1.1.0
2026-05-18 16:49:24,260 [WARN] PackLoader:240 - Cannot read IP mode file for Cesanta.I-CUBE-Mongoose.7.19.0
2026-05-18 16:49:24,414 [WARN] PackLoader:240 - Cannot read IP mode file for STMicroelectronics.FP-SNS-MOTENV1.5.1.0
2026-05-18 16:49:24,439 [WARN] PackLoader:240 - Cannot read IP mode file for WES.I-CUBE-Cesium.1.4.0
2026-05-18 16:49:24,463 [WARN] PackLoader:240 - Cannot read IP mode file for Infineon.AIROC-Wi-Fi-Bluetooth-STM32.1.7.1
2026-05-18 16:49:24,494 [WARN] PackLoader:240 - Cannot read IP mode file for STMicroelectronics.X-CUBE-AZRTOS-H7.3.4.0
2026-05-18 16:49:24,514 [WARN] PackLoader:240 - Cannot read IP mode file for STMicroelectronics.X-CUBE-DISPLAY.3.0.0
2026-05-18 16:49:24,533 [WARN] PackLoader:240 - Cannot read IP mode file for STMicroelectronics.X-CUBE-GNSS1.7.1.1
2026-05-18 16:49:24,546 [WARN] PackLoader:240 - Cannot read IP mode file for STMicroelectronics.FP-SNS-MOTENVWB1.1.5.0
2026-05-18 16:49:24,559 [WARN] PackLoader:240 - Cannot read IP mode file for STMicroelectronics.X-CUBE-NFC10.1.0.0
2026-05-18 16:49:24,573 [WARN] PackLoader:240 - Cannot read IP mode file for STMicroelectronics.X-CUBE-ST60.1.1.0
2026-05-18 16:49:24,588 [WARN] PackLoader:240 - Cannot read IP mode file for emotas.I-CUBE-CANOPEN.1.3.0
2026-05-18 16:49:24,600 [WARN] PackLoader:240 - Cannot read IP mode file for STMicroelectronics.X-CUBE-GNSS1.7.1.0
2026-05-18 16:49:24,614 [WARN] PackLoader:240 - Cannot read IP mode file for STMicroelectronics.FP-SNS-STBOX1.2.1.0
2026-05-18 16:49:24,635 [WARN] PackLoader:240 - Cannot read IP mode file for STMicroelectronics.FP-SNS-SMARTAG2.1.2.0
2026-05-18 16:49:24,648 [WARN] PackLoader:240 - Cannot read IP mode file for STMicroelectronics.FP-SNS-FLIGHT1.5.1.0
2026-05-18 16:49:24,667 [INFO] LogOutputStream:77 - [STDOUT_REDIRECT] 1 : Invalid condition id : UX_CORESTACK_Condition cause : null
2026-05-18 16:49:24,668 [INFO] LogOutputStream:77 - [STDOUT_REDIRECT] 1 : Invalid condition id : UX_CORESTACK_Condition cause : null
2026-05-18 16:49:24,670 [INFO] LogOutputStream:77 - [STDOUT_REDIRECT] 1 : Invalid condition id : UX_CORESTACK_Condition cause : null
2026-05-18 16:49:24,671 [INFO] LogOutputStream:77 - [STDOUT_REDIRECT] 1 : Invalid condition id : UX_CORESTACK_Condition cause : null
2026-05-18 16:49:24,673 [INFO] LogOutputStream:77 - [STDOUT_REDIRECT] 1 : Invalid condition id : UX_CORESTACK_Condition cause : null
2026-05-18 16:49:24,676 [WARN] PackLoader:240 - Cannot read IP mode file for STMicroelectronics.X-CUBE-AZRTOS-WL.2.0.0
2026-05-18 16:49:24,691 [WARN] PackLoader:240 - Cannot read IP mode file for STMicroelectronics.FP-SNS-MOTENV1.5.0.0
2026-05-18 16:49:24,719 [WARN] PackLoader:240 - Cannot read IP mode file for STMicroelectronics.X-CUBE-AZRTOS-H7RS.1.2.0
2026-05-18 16:49:24,744 [WARN] PackLoader:240 - Cannot read IP mode file for STMicroelectronics.X-CUBE-BLE2.3.3.0
2026-05-18 16:49:24,830 [WARN] PackLoader:240 - Cannot read IP mode file for Infineon.AIROC-Wi-Fi-Bluetooth-STM32.1.8.0
2026-05-18 16:49:24,852 [WARN] PackLoader:240 - Cannot read IP mode file for STMicroelectronics.X-CUBE-NFC9.1.0.0
2026-05-18 16:49:24,869 [WARN] PackLoader:240 - Cannot read IP mode file for wolfSSL.I-CUBE-wolfSSL.5.8.2
2026-05-18 16:49:24,885 [WARN] PackLoader:240 - Cannot read IP mode file for STMicroelectronics.X-CUBE-BLE1.7.1.0
2026-05-18 16:49:24,899 [WARN] PackLoader:240 - Cannot read IP mode file for wolfSSL.I-CUBE-wolfMQTT.1.19.2
2026-05-18 16:49:24,914 [WARN] PackLoader:240 - Cannot read IP mode file for STMicroelectronics.X-CUBE-FREERTOS.1.4.0
2026-05-18 16:49:24,934 [WARN] PackLoader:240 - Cannot read IP mode file for STMicroelectronics.X-CUBE-EEPRMA1.5.2.0
2026-05-18 16:49:24,947 [WARN] PackLoader:240 - Cannot read IP mode file for wolfSSL.I-CUBE-wolfSSL.5.8.4
2026-05-18 16:49:24,962 [WARN] PackLoader:240 - Cannot read IP mode file for Cesanta.I-CUBE-Mongoose.7.20.0
2026-05-18 16:49:24,978 [WARN] PackLoader:240 - Cannot read IP mode file for STMicroelectronics.X-CUBE-ST67W61.1.1.0
2026-05-18 16:49:24,997 [WARN] PackLoader:240 - Cannot read IP mode file for STMicroelectronics.FP-SNS-STAIOTCFT.1.1.0
2026-05-18 16:49:25,044 [WARN] PackLoader:240 - Cannot read IP mode file for STMicroelectronics.X-CUBE-MEMS1.12.0.0
2026-05-18 16:49:25,206 [WARN] PackLoader:240 - Cannot read IP mode file for STMicroelectronics.X-CUBE-AZRTOS-G0.1.1.0
2026-05-18 16:49:25,227 [WARN] PackLoader:240 - Cannot read IP mode file for STMicroelectronics.X-CUBE-SAFEA1.1.2.2
2026-05-18 16:49:25,242 [WARN] PackLoader:240 - Cannot read IP mode file for STMicroelectronics.X-CUBE-NFC4.3.0.0
2026-05-18 16:49:25,260 [WARN] PackLoader:240 - Cannot read IP mode file for EmbeddedOffice.I-CUBE-FS-RTOS.1.0.1
2026-05-18 16:49:25,273 [WARN] PackLoader:240 - Cannot read IP mode file for STMicroelectronics.X-CUBE-WB05N.2.0.0
2026-05-18 16:49:25,287 [WARN] PackLoader:240 - Cannot read IP mode file for wolfSSL.I-CUBE-wolfTPM.3.8.0
2026-05-18 16:49:25,300 [WARN] PackLoader:240 - Cannot read IP mode file for STMicroelectronics.X-CUBE-TCPP.4.2.0
2026-05-18 16:49:25,314 [WARN] PackLoader:240 - Cannot read IP mode file for RealThread.X-CUBE-RT-Thread_Nano.4.1.1
2026-05-18 16:49:25,327 [WARN] PackLoader:240 - Cannot read IP mode file for STMicroelectronics.FP-ATR-SIGFOX1.3.2.0
2026-05-18 16:49:25,339 [WARN] PackLoader:240 - Cannot read IP mode file for STMicroelectronics.X-CUBE-FREERTOS.1.5.0
2026-05-18 16:49:25,354 [WARN] PackLoader:240 - Cannot read IP mode file for ITTIA_DB.I-CUBE-ITTIADB.8.9.0
2026-05-18 16:49:25,368 [WARN] PackLoader:240 - Cannot read IP mode file for STMicroelectronics.X-CUBE-NFC6.3.2.0
2026-05-18 16:49:25,390 [WARN] PackLoader:240 - Cannot read IP mode file for STMicroelectronics.X-CUBE-ST67W61.1.0.0
2026-05-18 16:49:25,404 [WARN] PackLoader:240 - Cannot read IP mode file for STMicroelectronics.X-CUBE-AI.10.2.0
2026-05-18 16:49:25,443 [WARN] PackLoader:240 - Cannot read IP mode file for STMicroelectronics.X-CUBE-MEMS1.12.1.0
2026-05-18 16:49:25,585 [WARN] PackLoader:240 - Cannot read IP mode file for SEGGER.I-CUBE-embOS.1.3.1
2026-05-18 16:49:25,625 [WARN] PackLoader:240 - Cannot read IP mode file for STMicroelectronics.X-CUBE-ALGOBUILD.1.4.0
2026-05-18 16:49:25,669 [WARN] PackLoader:240 - Cannot read IP mode file for STMicroelectronics.X-CUBE-MEMS1.11.3.0
2026-05-18 16:49:25,804 [WARN] PackLoader:240 - Cannot read IP mode file for STMicroelectronics.X-CUBE-PM33A1.1.0.0
2026-05-18 16:49:25,838 [WARN] PackLoader:240 - Cannot read IP mode file for STMicroelectronics.X-CUBE-AZRTOS-F4.1.1.0
2026-05-18 16:49:25,865 [WARN] PackLoader:240 - Cannot read IP mode file for STMicroelectronics.X-CUBE-ISPU.2.1.0
2026-05-18 16:49:25,884 [WARN] PackLoader:240 - Cannot read IP mode file for STMicroelectronics.X-CUBE-IPS.3.2.0
2026-05-18 16:49:25,901 [WARN] PackLoader:240 - Cannot read IP mode file for STMicroelectronics.eDS-WB_DPC_TT-BIDIR.2.1.1
2026-05-18 16:49:25,916 [WARN] PackLoader:240 - Cannot read IP mode file for STMicroelectronics.X-CUBE-NFC12.1.0.0
2026-05-18 16:49:25,941 [WARN] PackLoader:240 - Cannot read IP mode file for STMicroelectronics.X-CUBE-AZRTOS-L5.2.0.0
2026-05-18 16:49:25,971 [WARN] PackLoader:240 - Cannot read IP mode file for STMicroelectronics.X-CUBE-NFC6.3.1.0
2026-05-18 16:49:25,987 [WARN] PackLoader:240 - Cannot read IP mode file for STMicroelectronics.eDS-WB_DPC_VIENNA.1.2.0
2026-05-18 16:49:26,007 [WARN] PackLoader:240 - Cannot read IP mode file for STMicroelectronics.eDS-WB_DPC_3PH2L-BIDIR.1.1.1
2026-05-18 16:49:26,026 [ERROR] Engine:466 - C:\Users\User\.stm32cubemx\thirdparties\pdsc\STMicroelectronics.X-CUBE-ST67W61.1.3.0.pdsc: PDSC version is not supported
2026-05-18 16:49:26,040 [WARN] PackLoader:240 - Cannot read IP mode file for STMicroelectronics.X-CUBE-FREERTOS.1.3.1
2026-05-18 16:49:26,060 [WARN] PackLoader:240 - Cannot read IP mode file for STMicroelectronics.X-CUBE-TOUCHGFX.4.26.0
2026-05-18 16:49:26,080 [WARN] PackLoader:240 - Cannot read IP mode file for STMicroelectronics.X-CUBE-TOUCHGFX.4.26.1
2026-05-18 16:49:26,093 [WARN] PackLoader:240 - Cannot read IP mode file for STMicroelectronics.FP-SNS-STAIOTCFT.1.0.0
2026-05-18 16:49:26,107 [WARN] PackLoader:240 - Cannot read IP mode file for STMicroelectronics.X-CUBE-DPower.1.3.0
2026-05-18 16:49:26,130 [WARN] ConditionMgr:438 - getConditionDescription Invalid condition id : LAN8742 Phy interface Condition cause : null
2026-05-18 16:49:26,131 [WARN] PackLoader:240 - Cannot read IP mode file for STMicroelectronics.X-CUBE-AZRTOS-L4.2.0.0
2026-05-18 16:49:26,132 [WARN] ConditionMgr:1044 - genDependencies : Invalid condition id : LAN8742 Phy interface Condition cause : null
2026-05-18 16:49:26,132 [WARN] ConditionMgr:1044 - genDependencies : Invalid condition id : LAN8742 Phy interface Condition cause : null
2026-05-18 16:49:26,132 [WARN] ConditionMgr:1044 - genDependencies : Invalid condition id : LAN8742 Phy interface Condition cause : null
2026-05-18 16:49:26,154 [WARN] PackLoader:240 - Cannot read IP mode file for STMicroelectronics.X-CUBE-SFXS2LP1.4.0.0
2026-05-18 16:49:26,167 [WARN] PackLoader:240 - Cannot read IP mode file for STMicroelectronics.X-CUBE-WB05N.2.1.0
2026-05-18 16:49:26,182 [WARN] PackLoader:240 - Cannot read IP mode file for STMicroelectronics.X-CUBE-ST67W61.1.2.0
2026-05-18 16:49:26,199 [WARN] PackLoader:240 - Cannot read IP mode file for STMicroelectronics.X-CUBE-BLEMGR.4.1.0
2026-05-18 16:49:26,224 [WARN] ConditionMgr:438 - getConditionDescription Invalid condition id : UX DEVICE CLASS RTOS Condition cause : null
2026-05-18 16:49:26,225 [WARN] ConditionMgr:438 - getConditionDescription Invalid condition id : UX DEVICE CLASS RTOS Condition cause : null
2026-05-18 16:49:26,226 [WARN] PackLoader:240 - Cannot read IP mode file for STMicroelectronics.X-CUBE-AZRTOS-WB.2.0.0
2026-05-18 16:49:26,226 [WARN] ConditionMgr:1044 - genDependencies : Invalid condition id : UX DEVICE CLASS RTOS Condition cause : null
2026-05-18 16:49:26,227 [WARN] ConditionMgr:1044 - genDependencies : Invalid condition id : UX DEVICE CLASS RTOS Condition cause : null
2026-05-18 16:49:26,227 [WARN] ConditionMgr:1044 - genDependencies : Invalid condition id : UX DEVICE CLASS RTOS Condition cause : null
2026-05-18 16:49:26,227 [WARN] ConditionMgr:1044 - genDependencies : Invalid condition id : UX DEVICE CLASS RTOS Condition cause : null
2026-05-18 16:49:26,227 [WARN] ConditionMgr:1044 - genDependencies : Invalid condition id : UX DEVICE CLASS RTOS Condition cause : null
2026-05-18 16:49:26,242 [WARN] PackLoader:240 - Cannot read IP mode file for STMicroelectronics.X-CUBE-GNSS1.7.0.1
2026-05-18 16:49:26,258 [WARN] ConditionMgr:438 - getConditionDescription Invalid condition id : Cortex-A Device cause : null
2026-05-18 16:49:26,285 [WARN] ConditionMgr:1044 - genDependencies : Invalid condition id : Cortex-A Device cause : null
2026-05-18 16:49:26,285 [WARN] ConditionMgr:1044 - genDependencies : Invalid condition id : Cortex-A Device cause : null
2026-05-18 16:49:26,285 [WARN] ConditionMgr:1044 - genDependencies : Invalid condition id : Cortex-A Device cause : null
2026-05-18 16:49:26,304 [WARN] PackLoader:240 - Cannot read IP mode file for STMicroelectronics.X-CUBE-STSE01.2.0.0
2026-05-18 16:49:26,323 [WARN] PackLoader:240 - Cannot read IP mode file for STMicroelectronics.X-CUBE-SUBG2.5.0.0
2026-05-18 16:49:26,347 [WARN] PackLoader:240 - Cannot read IP mode file for STMicroelectronics.X-CUBE-AZRTOS-H7RS.1.1.0
2026-05-18 16:49:26,368 [WARN] PackLoader:240 - Cannot read IP mode file for STMicroelectronics.X-CUBE-AZRTOS-G4.2.0.0
2026-05-18 16:49:26,381 [WARN] PackLoader:240 - Cannot read IP mode file for wolfSSL.I-CUBE-wolfSSH.1.4.20
2026-05-18 16:49:26,396 [WARN] PackLoader:240 - Cannot read IP mode file for STMicroelectronics.X-CUBE-NFC7.2.0.0
2026-05-18 16:49:26,421 [WARN] PackLoader:240 - Cannot read IP mode file for STMicroelectronics.X-CUBE-IPS.3.1.0
2026-05-18 16:49:26,438 [WARN] PackLoader:240 - Cannot read IP mode file for STMicroelectronics.X-CUBE-ALS.1.0.2
2026-05-18 16:49:26,451 [WARN] PackLoader:240 - Cannot read IP mode file for STMicroelectronics.X-CUBE-STSE01.1.0.0
2026-05-18 16:49:26,468 [WARN] PackLoader:240 - Cannot read IP mode file for STMicroelectronics.X-CUBE-TOF1.3.4.3
2026-05-18 16:49:26,473 [INFO] ThirdParty:978 - Integrity check success = true
2026-05-18 16:49:26,474 [INFO] IntegrityCheckThread:100 - exiting critical section [integrity check]
2026-05-18 16:49:26,474 [INFO] IntegrityCheckThread:103 - End integrity checks thread
2026-05-18 23:42:47,445 [ERROR] LogOutputStream:75 - [STDERR_REDIRECT] 
