2026-05-05 11:19:56,346 [INFO] Activator:176 - 


2026-05-05 11:19:56,401 [INFO] Activator:177 - !SESSION log4j initialized
2026-05-05 11:20:03,861 [INFO] LogOutputStream:77 - [STDOUT_REDIRECT] 
2026-05-05 11:20:10,674 [INFO] ApplicationProperties:184 - Using Application install path: C:\ST\STM32CubeIDE_1.19.0\STM32CubeIDE\plugins\com.st.stm32cube.common.mx_6.15.0.202507011659
2026-05-05 11:20:10,716 [INFO] DbMcusXml:78 - Set database path to: C:\ST\STM32CubeIDE_1.19.0\STM32CubeIDE\plugins\com.st.stm32cube.common.mx_6.15.0.202507011659\\db\/mcu/
2026-05-05 11:20:10,716 [INFO] ApiDb:274 - Set plugin database path to: C:\ST\STM32CubeIDE_1.19.0\STM32CubeIDE\plugins\com.st.stm32cube.common.mx_6.15.0.202507011659\\db\/plugins/boardmanager/
2026-05-05 11:20:10,721 [WARN] ApiDb:259 - Overriding images path with different value:  => C:\ST\STM32CubeIDE_1.19.0\STM32CubeIDE\plugins\com.st.stm32cube.common.mx_6.15.0.202507011659\\db\/plugins/mcufinder/images/
2026-05-05 11:20:10,765 [INFO] ApiDb:250 - Set database path to: C:\Users\User\.stmcufinder\plugins\mcufinder//mcu/
2026-05-05 11:20:10,770 [INFO] DbMcusAds:125 - Set database path to: C:\Users\User\.stmcufinder\plugins\mcufinder//mcu/
2026-05-05 11:20:10,775 [INFO] CrossReferenceDbSqlite:203 - Set database path to: C:\Users\User\.stmcufinder\plugins\mcufinder//mcu/cs/
2026-05-05 11:20:11,186 [INFO] RulesReader:64 - Compatibility file has been processed (317 Rules)
2026-05-05 11:20:11,486 [INFO] DbMcusXml:78 - Set database path to: C:\ST\STM32CubeIDE_1.19.0\STM32CubeIDE\plugins\com.st.stm32cube.common.mx_6.15.0.202507011659\\db\/mcu/
2026-05-05 11:20:11,487 [INFO] ApiDb:274 - Set plugin database path to: C:\ST\STM32CubeIDE_1.19.0\STM32CubeIDE\plugins\com.st.stm32cube.common.mx_6.15.0.202507011659\\db\/plugins/boardmanager/
2026-05-05 11:20:11,487 [INFO] ApiDb:261 - Set plugin images path to: C:\ST\STM32CubeIDE_1.19.0\STM32CubeIDE\plugins\com.st.stm32cube.common.mx_6.15.0.202507011659\\db\/plugins/mcufinder/images/
2026-05-05 11:20:11,488 [WARN] DbFile:41 - Overriding database path with different value: C:\Users\User\.stmcufinder\plugins\mcufinder/ => C:\Users\User\.stmcufinder\plugins\mcufinder
2026-05-05 11:20:11,489 [INFO] ApiDb:250 - Set database path to: C:\Users\User\.stmcufinder\plugins\mcufinder//mcu/
2026-05-05 11:20:11,489 [WARN] DbFile:41 - Overriding database path with different value: C:\Users\User\.stmcufinder\plugins\mcufinder/ => C:\Users\User\.stmcufinder\plugins\mcufinder
2026-05-05 11:20:11,489 [INFO] DbMcusAds:125 - Set database path to: C:\Users\User\.stmcufinder\plugins\mcufinder//mcu/
2026-05-05 11:20:11,489 [WARN] DbFile:41 - Overriding database path with different value: C:\Users\User\.stmcufinder\plugins\mcufinder/ => C:\Users\User\.stmcufinder\plugins\mcufinder
2026-05-05 11:20:11,489 [WARN] DbFile:41 - Overriding database path with different value: C:\Users\User\.stmcufinder\plugins\mcufinder/ => C:\Users\User\.stmcufinder\plugins\mcufinder
2026-05-05 11:20:11,491 [INFO] CrossReferenceDbSqlite:203 - Set database path to: C:\Users\User\.stmcufinder\plugins\mcufinder//mcu/cs/
2026-05-05 11:20:11,790 [INFO] MainPanel:274 - HeapMemory: 268435456
2026-05-05 11:20:12,240 [INFO] DbMcusXml:78 - Set database path to: C:\ST\STM32CubeIDE_1.19.0\STM32CubeIDE\plugins\com.st.stm32cube.common.mx_6.15.0.202507011659\\db\/mcu/
2026-05-05 11:20:12,240 [INFO] ApiDb:274 - Set plugin database path to: C:\ST\STM32CubeIDE_1.19.0\STM32CubeIDE\plugins\com.st.stm32cube.common.mx_6.15.0.202507011659\\db\/plugins/boardmanager/
2026-05-05 11:20:12,240 [INFO] ApiDb:261 - Set plugin images path to: C:\ST\STM32CubeIDE_1.19.0\STM32CubeIDE\plugins\com.st.stm32cube.common.mx_6.15.0.202507011659\\db\/plugins/mcufinder/images/
2026-05-05 11:20:12,242 [WARN] DbFile:41 - Overriding database path with different value: C:\Users\User\.stmcufinder\plugins\mcufinder/ => C:\Users\User\.stmcufinder\plugins\mcufinder
2026-05-05 11:20:12,242 [INFO] ApiDb:250 - Set database path to: C:\Users\User\.stmcufinder\plugins\mcufinder//mcu/
2026-05-05 11:20:12,242 [WARN] DbFile:41 - Overriding database path with different value: C:\Users\User\.stmcufinder\plugins\mcufinder/ => C:\Users\User\.stmcufinder\plugins\mcufinder
2026-05-05 11:20:12,242 [INFO] DbMcusAds:125 - Set database path to: C:\Users\User\.stmcufinder\plugins\mcufinder//mcu/
2026-05-05 11:20:12,244 [WARN] DbFile:41 - Overriding database path with different value: C:\Users\User\.stmcufinder\plugins\mcufinder/ => C:\Users\User\.stmcufinder\plugins\mcufinder
2026-05-05 11:20:12,244 [WARN] DbFile:41 - Overriding database path with different value: C:\Users\User\.stmcufinder\plugins\mcufinder/ => C:\Users\User\.stmcufinder\plugins\mcufinder
2026-05-05 11:20:12,244 [INFO] CrossReferenceDbSqlite:203 - Set database path to: C:\Users\User\.stmcufinder\plugins\mcufinder//mcu/cs/
2026-05-05 11:20:12,321 [INFO] ApplicationProperties:184 - Using Application install path: C:\ST\STM32CubeIDE_1.19.0\STM32CubeIDE\plugins\com.st.stm32cube.common.mx_6.15.0.202507011659
2026-05-05 11:20:12,325 [INFO] PluginManage:196 - Search for loadable plugins [exclusion list=, ]
2026-05-05 11:20:12,328 [INFO] PluginManage:310 - Check plugin analytics
2026-05-05 11:20:13,009 [INFO] AnalyticsPlugin:253 - Accepted Software Licenses: STM32CubeMX.6.15.0
2026-05-05 11:20:13,055 [INFO] AnalyticsPlugin:255 - Accepted CMSIS Pack Licenses: 
2026-05-05 11:20:13,056 [INFO] AnalyticsPlugin:257 - Accepted Firmware Licenses: FW.G4.1.6.0,FW.G4.1.5.0
2026-05-05 11:20:13,078 [INFO] PluginManage:359 - Loaded plugin analytics (category:tool,tabindex:-1)
2026-05-05 11:20:13,079 [INFO] PluginManage:310 - Check plugin cadmodel
2026-05-05 11:20:13,127 [INFO] CADModel:105 - Init CAD model plugin
2026-05-05 11:20:13,127 [INFO] PluginManage:359 - Loaded plugin cadmodel (category:power,tabindex:5)
2026-05-05 11:20:13,128 [INFO] PluginManage:310 - Check plugin clock
2026-05-05 11:20:13,171 [INFO] PluginManage:359 - Loaded plugin clock (category:base,tabindex:2)
2026-05-05 11:20:13,174 [INFO] PluginManage:310 - Check plugin ddr
2026-05-05 11:20:13,180 [INFO] PluginManage:359 - Loaded plugin ddr (category:tool,tabindex:6)
2026-05-05 11:20:13,181 [INFO] PluginManage:310 - Check plugin filemanager
2026-05-05 11:20:13,781 [INFO] PluginManage:359 - Loaded plugin filemanager (category:base,tabindex:10)
2026-05-05 11:20:13,782 [INFO] PluginManage:310 - Check plugin ipmanager
2026-05-05 11:20:13,806 [INFO] PluginManage:359 - Loaded plugin ipmanager (category:base,tabindex:5)
2026-05-05 11:20:13,807 [INFO] PluginManage:310 - Check plugin lpbam
2026-05-05 11:20:13,859 [INFO] PluginManage:359 - Loaded plugin lpbam (category:base,tabindex:0)
2026-05-05 11:20:13,860 [INFO] PluginManage:310 - Check plugin memorymap
2026-05-05 11:20:13,940 [INFO] PluginManage:359 - Loaded plugin memorymap (category:base,tabindex:4)
2026-05-05 11:20:13,941 [INFO] PluginManage:310 - Check plugin pinoutandconfiguration
2026-05-05 11:20:13,986 [INFO] PluginManage:359 - Loaded plugin pinoutandconfiguration (category:base,tabindex:1)
2026-05-05 11:20:13,989 [INFO] PluginManage:310 - Check plugin pinoutconfig
2026-05-05 11:20:14,429 [WARN] SupportedApi:132 - Cannot load RTOS API schema: s4s-elt-must-match.1: The content of 'definitions' must match (annotation?, (simpleType | complexType)?, (unique | key | keyref)*)). A problem was found starting at: attribute.
2026-05-05 11:20:14,758 [INFO] PluginManage:359 - Loaded plugin pinoutconfig (category:base,tabindex:0)
2026-05-05 11:20:14,758 [INFO] PluginManage:310 - Check plugin power
2026-05-05 11:20:14,807 [INFO] PluginManage:359 - Loaded plugin power (category:power,tabindex:4)
2026-05-05 11:20:14,810 [INFO] PluginManage:310 - Check plugin projectmanager
2026-05-05 11:20:14,865 [INFO] PluginManage:359 - Loaded plugin projectmanager (category:projectmanager,tabindex:4)
2026-05-05 11:20:14,868 [INFO] PluginManage:310 - Check plugin rif
2026-05-05 11:20:14,923 [INFO] PluginManage:359 - Loaded plugin rif (category:base,tabindex:3)
2026-05-05 11:20:14,924 [INFO] PluginManage:310 - Check plugin thirdparty
2026-05-05 11:20:15,786 [INFO] PluginManage:359 - Loaded plugin thirdparty (category:base,tabindex:-1)
2026-05-05 11:20:15,787 [INFO] PluginManage:310 - Check plugin tools
2026-05-05 11:20:15,787 [WARN] IntegrityCheckThread:84 - waiting for thirdparty lock release [integrity check]
2026-05-05 11:20:15,794 [INFO] IntegrityCheckThread:86 - entering critical section [integrity check]
2026-05-05 11:20:15,795 [INFO] ThirdPartyUpdaterWithRetryManager:70 - Updater plugin not ready yet. [1/15]
2026-05-05 11:20:15,928 [INFO] PluginManage:359 - Loaded plugin tools (category:base,tabindex:7)
2026-05-05 11:20:15,928 [INFO] PluginManage:310 - Check plugin tutovideos
2026-05-05 11:20:16,465 [INFO] PluginManage:359 - Loaded plugin tutovideos (category:base,tabindex:-1)
2026-05-05 11:20:16,467 [INFO] PluginManage:310 - Check plugin updater
2026-05-05 11:20:16,642 [INFO] PluginManage:359 - Loaded plugin updater (category:base,tabindex:12)
2026-05-05 11:20:16,642 [INFO] PluginManage:310 - Check plugin userauth
2026-05-05 11:20:16,668 [INFO] UserAuth:118 - Init User Auth plugin
2026-05-05 11:20:16,673 [INFO] PluginManage:359 - Loaded plugin userauth (category:base,tabindex:14)
2026-05-05 11:20:16,674 [INFO] PluginManage:283 - PluginManage : Loaded plugins [18]
2026-05-05 11:20:17,400 [INFO] PinOutPanel:1589 - setPackage(No Configuration,No Configuration)
2026-05-05 11:20:17,649 [INFO] CADModel:165 - CPN selected for project level
2026-05-05 11:20:17,649 [INFO] CADModel:114 - Register for checkConnection events
2026-05-05 11:20:17,715 [INFO] IPUIPlugin:80 - create IPUIPlugin
2026-05-05 11:20:17,716 [INFO] PluginManager:220 - loadIPPluginJar : add adc
2026-05-05 11:20:17,824 [INFO] IPUIPlugin:80 - create IPUIPlugin
2026-05-05 11:20:17,824 [INFO] PluginManager:220 - loadIPPluginJar : add aes
2026-05-05 11:20:17,967 [INFO] IPUIPlugin:80 - create IPUIPlugin
2026-05-05 11:20:17,968 [INFO] PluginManager:220 - loadIPPluginJar : add can
2026-05-05 11:20:18,029 [INFO] IPUIPlugin:80 - create IPUIPlugin
2026-05-05 11:20:18,029 [INFO] PluginManager:220 - loadIPPluginJar : add comp
2026-05-05 11:20:18,140 [INFO] IPUIPlugin:80 - create IPUIPlugin
2026-05-05 11:20:18,140 [INFO] PluginManager:220 - loadIPPluginJar : add cryp
2026-05-05 11:20:18,167 [INFO] IPUIPlugin:80 - create IPUIPlugin
2026-05-05 11:20:18,167 [INFO] PluginManager:220 - loadIPPluginJar : add ddr_ctrl_phy
2026-05-05 11:20:18,279 [INFO] IPUIPlugin:80 - create IPUIPlugin
2026-05-05 11:20:18,280 [INFO] PluginManager:220 - loadIPPluginJar : add dfsdm
2026-05-05 11:20:18,318 [INFO] IPUIPlugin:80 - create IPUIPlugin
2026-05-05 11:20:18,322 [INFO] PluginManager:220 - loadIPPluginJar : add dma
2026-05-05 11:20:18,481 [INFO] IPUIPlugin:80 - create IPUIPlugin
2026-05-05 11:20:18,482 [INFO] PluginManager:220 - loadIPPluginJar : add dma3
2026-05-05 11:20:18,597 [INFO] IPUIPlugin:80 - create IPUIPlugin
2026-05-05 11:20:18,597 [INFO] PluginManager:220 - loadIPPluginJar : add extmemmanager
2026-05-05 11:20:18,664 [INFO] IPUIPlugin:80 - create IPUIPlugin
2026-05-05 11:20:18,664 [INFO] PluginManager:220 - loadIPPluginJar : add fatfs
2026-05-05 11:20:18,806 [INFO] ThirdPartyUpdaterWithRetryManager:70 - Updater plugin not ready yet. [2/15]
2026-05-05 11:20:18,813 [INFO] IPUIPlugin:80 - create IPUIPlugin
2026-05-05 11:20:18,814 [INFO] PluginManager:220 - loadIPPluginJar : add fmc
2026-05-05 11:20:18,851 [INFO] IPUIPlugin:80 - create IPUIPlugin
2026-05-05 11:20:18,851 [INFO] PluginManager:220 - loadIPPluginJar : add freertos
2026-05-05 11:20:18,933 [INFO] IPUIPlugin:80 - create IPUIPlugin
2026-05-05 11:20:18,933 [INFO] PluginManager:220 - loadIPPluginJar : add genericplugin
2026-05-05 11:20:19,287 [INFO] IPUIPlugin:80 - create IPUIPlugin
2026-05-05 11:20:19,287 [INFO] PluginManager:220 - loadIPPluginJar : add gfxmmu
2026-05-05 11:20:19,705 [INFO] IPUIPlugin:80 - create IPUIPlugin
2026-05-05 11:20:19,705 [INFO] PluginManager:220 - loadIPPluginJar : add gic
2026-05-05 11:20:19,732 [INFO] IPUIPlugin:80 - create IPUIPlugin
2026-05-05 11:20:19,733 [INFO] PluginManager:220 - loadIPPluginJar : add gpio
2026-05-05 11:20:20,117 [INFO] IPUIPlugin:80 - create IPUIPlugin
2026-05-05 11:20:20,117 [INFO] PluginManager:220 - loadIPPluginJar : add gtzc
2026-05-05 11:20:20,232 [INFO] IPUIPlugin:80 - create IPUIPlugin
2026-05-05 11:20:20,232 [INFO] PluginManager:220 - loadIPPluginJar : add hash
2026-05-05 11:20:20,433 [INFO] IPUIPlugin:80 - create IPUIPlugin
2026-05-05 11:20:20,433 [INFO] PluginManager:220 - loadIPPluginJar : add i2c
2026-05-05 11:20:20,635 [INFO] IPUIPlugin:80 - create IPUIPlugin
2026-05-05 11:20:20,635 [INFO] PluginManager:220 - loadIPPluginJar : add i2s
2026-05-05 11:20:20,766 [INFO] IPUIPlugin:80 - create IPUIPlugin
2026-05-05 11:20:20,766 [INFO] PluginManager:220 - loadIPPluginJar : add i3c
2026-05-05 11:20:21,161 [INFO] IPUIPlugin:80 - create IPUIPlugin
2026-05-05 11:20:21,161 [INFO] PluginManager:220 - loadIPPluginJar : add ipddr
2026-05-05 11:20:21,565 [INFO] IPUIPlugin:80 - create IPUIPlugin
2026-05-05 11:20:21,565 [INFO] PluginManager:220 - loadIPPluginJar : add linkedlist
2026-05-05 11:20:21,718 [INFO] IPUIPlugin:80 - create IPUIPlugin
2026-05-05 11:20:21,718 [INFO] PluginManager:220 - loadIPPluginJar : add lorawan
2026-05-05 11:20:21,816 [INFO] ThirdPartyUpdaterWithRetryManager:70 - Updater plugin not ready yet. [3/15]
2026-05-05 11:20:21,941 [INFO] IPUIPlugin:80 - create IPUIPlugin
2026-05-05 11:20:21,941 [INFO] PluginManager:220 - loadIPPluginJar : add ltdc
2026-05-05 11:20:21,993 [INFO] IPUIPlugin:80 - create IPUIPlugin
2026-05-05 11:20:21,993 [INFO] PluginManager:220 - loadIPPluginJar : add mdma
2026-05-05 11:20:22,048 [INFO] IPUIPlugin:80 - create IPUIPlugin
2026-05-05 11:20:22,050 [INFO] PluginManager:220 - loadIPPluginJar : add nvic
2026-05-05 11:20:22,214 [INFO] IPUIPlugin:80 - create IPUIPlugin
2026-05-05 11:20:22,214 [INFO] PluginManager:220 - loadIPPluginJar : add opamp
2026-05-05 11:20:22,401 [INFO] IPUIPlugin:80 - create IPUIPlugin
2026-05-05 11:20:22,401 [INFO] PluginManager:220 - loadIPPluginJar : add openamp
2026-05-05 11:20:22,562 [INFO] IPUIPlugin:80 - create IPUIPlugin
2026-05-05 11:20:22,564 [INFO] PluginManager:220 - loadIPPluginJar : add pdm2pcm
2026-05-05 11:20:22,608 [INFO] IPUIPlugin:80 - create IPUIPlugin
2026-05-05 11:20:22,612 [INFO] PluginManager:220 - loadIPPluginJar : add plateformsettings
2026-05-05 11:20:22,668 [INFO] IPUIPlugin:80 - create IPUIPlugin
2026-05-05 11:20:22,676 [INFO] PluginManager:220 - loadIPPluginJar : add quadspi
2026-05-05 11:20:22,756 [INFO] IPUIPlugin:80 - create IPUIPlugin
2026-05-05 11:20:22,756 [INFO] PluginManager:220 - loadIPPluginJar : add radio
2026-05-05 11:20:22,780 [INFO] IPUIPlugin:80 - create IPUIPlugin
2026-05-05 11:20:22,780 [INFO] PluginManager:220 - loadIPPluginJar : add resmgrutility
2026-05-05 11:20:22,926 [INFO] IPUIPlugin:80 - create IPUIPlugin
2026-05-05 11:20:22,926 [INFO] PluginManager:220 - loadIPPluginJar : add sai
2026-05-05 11:20:23,038 [INFO] IPUIPlugin:80 - create IPUIPlugin
2026-05-05 11:20:23,040 [INFO] PluginManager:220 - loadIPPluginJar : add spi
2026-05-05 11:20:23,260 [INFO] IPUIPlugin:80 - create IPUIPlugin
2026-05-05 11:20:23,260 [INFO] PluginManager:220 - loadIPPluginJar : add stm32_wpan
2026-05-05 11:20:23,333 [INFO] IPUIPlugin:80 - create IPUIPlugin
2026-05-05 11:20:23,333 [INFO] PluginManager:220 - loadIPPluginJar : add tim
2026-05-05 11:20:23,559 [INFO] IPUIPlugin:80 - create IPUIPlugin
2026-05-05 11:20:23,559 [INFO] PluginManager:220 - loadIPPluginJar : add touchsensing
2026-05-05 11:20:23,661 [INFO] IPUIPlugin:80 - create IPUIPlugin
2026-05-05 11:20:23,663 [INFO] PluginManager:220 - loadIPPluginJar : add tracer_emb
2026-05-05 11:20:23,730 [INFO] IPUIPlugin:80 - create IPUIPlugin
2026-05-05 11:20:23,730 [INFO] PluginManager:220 - loadIPPluginJar : add ts
2026-05-05 11:20:23,792 [INFO] IPUIPlugin:80 - create IPUIPlugin
2026-05-05 11:20:23,792 [INFO] PluginManager:220 - loadIPPluginJar : add tsc
2026-05-05 11:20:23,863 [INFO] IPUIPlugin:80 - create IPUIPlugin
2026-05-05 11:20:23,863 [INFO] PluginManager:220 - loadIPPluginJar : add ucpd
2026-05-05 11:20:24,031 [INFO] IPUIPlugin:80 - create IPUIPlugin
2026-05-05 11:20:24,031 [INFO] PluginManager:220 - loadIPPluginJar : add usart
2026-05-05 11:20:24,160 [INFO] IPUIPlugin:80 - create IPUIPlugin
2026-05-05 11:20:24,160 [INFO] PluginManager:220 - loadIPPluginJar : add usbx
2026-05-05 11:20:24,361 [FATAL] Updater:351 - Updater called before beeing initialized
2026-05-05 11:20:24,458 [INFO] RulesReader:64 - Compatibility file has been processed (317 Rules)
2026-05-05 11:20:24,600 [INFO] RulesReader:64 - Compatibility file has been processed (317 Rules)
2026-05-05 11:20:24,701 [INFO] CADModel:165 - CPN selected for project level
2026-05-05 11:20:24,711 [INFO] CADModel:114 - Register for checkConnection events
2026-05-05 11:20:24,711 [FATAL] Updater:351 - Updater called before beeing initialized
2026-05-05 11:20:24,711 [ERROR] CADModel:125 - Updater not yet initialized, retry later 
2026-05-05 11:20:24,838 [INFO] ThirdPartyUpdaterWithRetryManager:70 - Updater plugin not ready yet. [4/15]
2026-05-05 11:20:25,106 [FATAL] Updater:351 - Updater called before beeing initialized
2026-05-05 11:20:25,111 [INFO] CADModel:165 - CPN selected for project level
2026-05-05 11:20:25,111 [INFO] CADModel:114 - Register for checkConnection events
2026-05-05 11:20:25,112 [FATAL] Updater:351 - Updater called before beeing initialized
2026-05-05 11:20:25,112 [ERROR] CADModel:125 - Updater not yet initialized, retry later 
2026-05-05 11:20:25,121 [FATAL] Updater:351 - Updater called before beeing initialized
2026-05-05 11:20:25,607 [FATAL] Updater:351 - Updater called before beeing initialized
2026-05-05 11:20:25,634 [INFO] DbMcusAds:53 - JSON generation date=Mon Apr 27 15:14:29 ICT 2026 (1777277669683)
2026-05-05 11:20:25,634 [FATAL] Updater:351 - Updater called before beeing initialized
2026-05-05 11:20:25,727 [WARN] DetailPanel:346 - Failed to get advertising image, set to default
2026-05-05 11:20:25,953 [FATAL] Updater:351 - Updater called before beeing initialized
2026-05-05 11:20:25,955 [FATAL] Updater:351 - Updater called before beeing initialized
2026-05-05 11:20:25,956 [FATAL] Updater:351 - Updater called before beeing initialized
2026-05-05 11:20:25,956 [WARN] DetailPanel:346 - Failed to get advertising image, set to default
2026-05-05 11:20:25,958 [FATAL] Updater:351 - Updater called before beeing initialized
2026-05-05 11:20:26,086 [ERROR] Updater:1198 - MainUpdater not yet initialized. External WinMGr cannot be set.
2026-05-05 11:20:26,118 [INFO] Updater:1134 - Updater Version found : 6.15.0
2026-05-05 11:20:26,151 [INFO] ApplicationProperties:184 - Using Application install path: C:\ST\STM32CubeIDE_1.19.0\STM32CubeIDE\plugins\com.st.stm32cube.common.mx_6.15.0.202507011659
2026-05-05 11:20:27,856 [FATAL] Updater:351 - Updater called before beeing initialized
2026-05-05 11:20:27,856 [ERROR] IntegrityCheckThread:130 - Cannot retrieve database content from updater: error 21
2026-05-05 11:20:27,859 [INFO] ThirdParty:978 - Integrity check success = false
2026-05-05 11:20:27,859 [INFO] IntegrityCheckThread:100 - exiting critical section [integrity check]
2026-05-05 11:20:27,859 [INFO] IntegrityCheckThread:103 - End integrity checks thread
2026-05-05 11:20:27,859 [ERROR] LogOutputStream:75 - [STDERR_REDIRECT] May 05, 2026 11:20:27 AM java.util.prefs.WindowsPreferences <init>
2026-05-05 11:20:27,863 [ERROR] LogOutputStream:75 - [STDERR_REDIRECT] WARNING: Could not open/create prefs root node Software\JavaSoft\Prefs at root 0xffffffff80000002. Windows RegCreateKeyEx(...) returned error code 5.
2026-05-05 11:20:27,863 [ERROR] LogOutputStream:75 - [STDERR_REDIRECT] 
2026-05-05 11:20:29,174 [INFO] MainUpdater:2872 - connection check result : 10
2026-05-05 11:20:29,177 [INFO] MainUpdater:289 - Updater Check For Update Now.
2026-05-05 11:20:29,178 [INFO] MicroXplorer:498 - Change Database Version : DB.6.0.150
2026-05-05 11:20:29,238 [INFO] McuFinderGlobals:63 - Set McuFinder mode to 2 (CubeIDE integrated)
2026-05-05 11:20:29,258 [INFO] UserAuth:487 - Internet connection configuration mode: 1
2026-05-05 11:20:29,410 [INFO] JxBrowserEngine:152 - Initiate JxBrowser Engine with user profile folder
2026-05-05 11:20:29,777 [INFO] CheckServerUpdateThread:120 - End of CheckServer Thread
2026-05-05 11:20:31,825 [INFO] WebApp:169 - Instantiating new browser for Auth
2026-05-05 11:20:33,405 [INFO] WebApp:463 - Apply proxy settings
2026-05-05 11:20:33,405 [INFO] WebApp:548 - Chromium requires no authentication
2026-05-05 11:20:33,439 [INFO] WebApp:491 - Direct internet connection detected
2026-05-05 11:20:33,522 [INFO] WebApp:900 - Register for checkConnection events
2026-05-05 11:20:33,522 [INFO] WebApp:463 - Apply proxy settings
2026-05-05 11:20:33,522 [INFO] WebApp:548 - Chromium requires no authentication
2026-05-05 11:20:33,522 [INFO] WebApp:491 - Direct internet connection detected
2026-05-05 11:20:33,866 [INFO] WebApp:191 - Connection restablished
2026-05-05 11:20:34,165 [INFO] WebApp:225 - Starting web application
2026-05-05 11:20:34,165 [INFO] WebApp:593 - Web application path used C:\ST\STM32CubeIDE_1.19.0\STM32CubeIDE\plugins\com.st.stm32cube.common.mx_6.15.0.202507011659\db\plugins\mcufinder\reactClient1\index.html
2026-05-05 11:20:34,591 [INFO] UserAuth:487 - Internet connection configuration mode: 1
2026-05-05 11:31:25,008 [ERROR] LogOutputStream:75 - [STDERR_REDIRECT] 
